 stack05m

 Timestamp is 584b526e (Sat Dec 10 09:55:10 2016)

 Preferred load address is 00400000

 Start         Length     Name                   Class
 0001:00000000 0000350eH .text                   CODE
 0002:00000000 0000009cH .idata$5                DATA
 0002:000000a0 00000394H .rdata                  DATA
 0002:00000434 00000014H .idata$2                DATA
 0002:00000448 00000014H .idata$3                DATA
 0002:0000045c 0000009cH .idata$4                DATA
 0002:000004f8 000002a8H .idata$6                DATA
 0002:000007a0 00000000H .edata                  DATA
 0003:00000000 00000004H .CRT$XCA                DATA
 0003:00000004 00000004H .CRT$XCZ                DATA
 0003:00000008 00000004H .CRT$XIA                DATA
 0003:0000000c 00000004H .CRT$XIC                DATA
 0003:00000010 00000004H .CRT$XIZ                DATA
 0003:00000014 00000004H .CRT$XPA                DATA
 0003:00000018 00000004H .CRT$XPZ                DATA
 0003:0000001c 00000004H .CRT$XTA                DATA
 0003:00000020 00000004H .CRT$XTZ                DATA
 0003:00000030 00002490H .data                   DATA
 0003:000024c0 0000051cH .bss                    DATA

  Address         Publics by Value              Rva+Base     Lib:Object

 0001:00000000       _main                      00401000 f   stack05.obj
 0001:00000007       _mainCRTStartup            00401007 f   LIBC:crt0.obj
 0001:000000e6       __amsg_exit                004010e6 f   LIBC:crt0.obj
 0001:0000012f       __cinit                    0040112f f   LIBC:crt0dat.obj
 0001:0000015c       _exit                      0040115c f   LIBC:crt0dat.obj
 0001:0000016d       __exit                     0040116d f   LIBC:crt0dat.obj
 0001:00000231       __XcptFilter               00401231 f   LIBC:winxfltr.obj
 0001:000003b5       __setenvp                  004013b5 f   LIBC:stdenvp.obj
 0001:0000046e       __setargv                  0040146e f   LIBC:stdargv.obj
 0001:000006bb       ___crtGetEnvironmentStringsA 004016bb f   LIBC:a_env.obj
 0001:000007ed       __ioinit                   004017ed f   LIBC:ioinit.obj
 0001:00000998       __GetLinkerVersion         00401998 f   LIBC:heapinit.obj
 0001:000009c5       ___heap_select             004019c5 f   LIBC:heapinit.obj
 0001:00000b0d       __heap_init                00401b0d f   LIBC:heapinit.obj
 0001:00000b6c       __global_unwind2           00401b6c f   LIBC:exsup.obj
 0001:00000bae       __local_unwind2            00401bae f   LIBC:exsup.obj
 0001:00000c06       __NLG_Return2              00401c06 f   LIBC:exsup.obj
 0001:00000c16       __abnormal_termination     00401c16 f   LIBC:exsup.obj
 0001:00000c39       __NLG_Notify1              00401c39 f   LIBC:exsup.obj
 0001:00000c42       __NLG_Notify               00401c42 f   LIBC:exsup.obj
 0001:00000c55       __NLG_Dispatch             00401c55 f   LIBC:exsup.obj
 0001:00000c64       __except_handler3          00401c64 f   LIBC:exsup3.obj
 0001:00000d21       __seh_longjmp_unwind@4     00401d21 f   LIBC:exsup3.obj
 0001:00000d3c       __FF_MSGBANNER             00401d3c f   LIBC:crt0msg.obj
 0001:00000d75       __NMSG_WRITE               00401d75 f   LIBC:crt0msg.obj
 0001:00000ec8       _free                      00401ec8 f   LIBC:free.obj
 0001:00000f40       _strcpy                    00401f40 f   LIBC:strcat.obj
 0001:00000f50       _strcat                    00401f50 f   LIBC:strcat.obj
 0001:00001030       _malloc                    00402030 f   LIBC:malloc.obj
 0001:00001042       __nh_malloc                00402042 f   LIBC:malloc.obj
 0001:0000106e       __heap_alloc               0040206e f   LIBC:malloc.obj
 0001:000010f0       _strlen                    004020f0 f   LIBC:strlen.obj
 0001:0000116b       __setmbcp                  0040216b f   LIBC:mbctype.obj
 0001:0000152f       ___initmbctable            0040252f f   LIBC:mbctype.obj
 0001:00001550       _memcpy                    00402550 f   LIBC:memcpy.obj
 0001:00001885       _strtol                    00402885 f   LIBC:strtol.obj
 0001:00001ac0       _strchr                    00402ac0 f   LIBC:strchr.obj
 0001:00001ac6       ___from_strstr_to_strchr   00402ac6 f   LIBC:strchr.obj
 0001:00001b80       _strstr                    00402b80 f   LIBC:strstr.obj
 0001:00001c00       _strncmp                   00402c00 f   LIBC:strncmp.obj
 0001:00001c40       __alloca_probe             00402c40 f   LIBC:chkstk.obj
 0001:00001c40       __chkstk                   00402c40 f   LIBC:chkstk.obj
 0001:00001c6f       ___sbh_heap_init           00402c6f f   LIBC:sbheap.obj
 0001:00001cb7       ___sbh_find_block          00402cb7 f   LIBC:sbheap.obj
 0001:00001ce2       ___sbh_free_block          00402ce2 f   LIBC:sbheap.obj
 0001:0000200b       ___sbh_alloc_block         0040300b f   LIBC:sbheap.obj
 0001:00002314       ___sbh_alloc_new_region    00403314 f   LIBC:sbheap.obj
 0001:000023c5       ___sbh_alloc_new_group     004033c5 f   LIBC:sbheap.obj
 0001:000024c0       ___old_sbh_new_region      004034c0 f   LIBC:sbheap.obj
 0001:00002604       ___old_sbh_release_region  00403604 f   LIBC:sbheap.obj
 0001:0000265a       ___old_sbh_decommit_pages  0040365a f   LIBC:sbheap.obj
 0001:0000271c       ___old_sbh_find_block      0040371c f   LIBC:sbheap.obj
 0001:00002773       ___old_sbh_free_block      00403773 f   LIBC:sbheap.obj
 0001:000027b8       ___old_sbh_alloc_block     004037b8 f   LIBC:sbheap.obj
 0001:000029c0       ___old_sbh_alloc_block_from_page 004039c0 f   LIBC:sbheap.obj
 0001:00002ae4       ___crtMessageBoxA          00403ae4 f   LIBC:crtmbox.obj
 0001:00002b70       _strncpy                   00403b70 f   LIBC:strncpy.obj
 0001:00002c6e       __callnewh                 00403c6e f   LIBC:handler.obj
 0001:00002c89       ___crtLCMapStringA         00403c89 f   LIBC:a_map.obj
 0001:00002ed8       ___crtGetStringTypeA       00403ed8 f   LIBC:a_str.obj
 0001:00003021       _toupper                   00404021 f   LIBC:toupper.obj
 0001:000030ed       __isctype                  004040ed f   LIBC:isctype.obj
 0001:00003170       _memmove                   00404170 f   LIBC:memmove.obj
 0001:000034b0       _memset                    004044b0 f   LIBC:memset.obj
 0001:00003508       _RtlUnwind@16              00404508 f   kernel32:KERNEL32.dll
 0002:00000000       __imp__GetCommandLineA@0   00405000     kernel32:KERNEL32.dll
 0002:00000004       __imp__GetVersion@0        00405004     kernel32:KERNEL32.dll
 0002:00000008       __imp__ExitProcess@4       00405008     kernel32:KERNEL32.dll
 0002:0000000c       __imp__TerminateProcess@8  0040500c     kernel32:KERNEL32.dll
 0002:00000010       __imp__GetCurrentProcess@0 00405010     kernel32:KERNEL32.dll
 0002:00000014       __imp__UnhandledExceptionFilter@4 00405014     kernel32:KERNEL32.dll
 0002:00000018       __imp__GetModuleFileNameA@12 00405018     kernel32:KERNEL32.dll
 0002:0000001c       __imp__FreeEnvironmentStringsA@4 0040501c     kernel32:KERNEL32.dll
 0002:00000020       __imp__FreeEnvironmentStringsW@4 00405020     kernel32:KERNEL32.dll
 0002:00000024       __imp__WideCharToMultiByte@32 00405024     kernel32:KERNEL32.dll
 0002:00000028       __imp__GetEnvironmentStrings@0 00405028     kernel32:KERNEL32.dll
 0002:0000002c       __imp__GetEnvironmentStringsW@0 0040502c     kernel32:KERNEL32.dll
 0002:00000030       __imp__SetHandleCount@4    00405030     kernel32:KERNEL32.dll
 0002:00000034       __imp__GetStdHandle@4      00405034     kernel32:KERNEL32.dll
 0002:00000038       __imp__GetFileType@4       00405038     kernel32:KERNEL32.dll
 0002:0000003c       __imp__GetStartupInfoA@4   0040503c     kernel32:KERNEL32.dll
 0002:00000040       __imp__GetModuleHandleA@4  00405040     kernel32:KERNEL32.dll
 0002:00000044       __imp__GetEnvironmentVariableA@12 00405044     kernel32:KERNEL32.dll
 0002:00000048       __imp__GetVersionExA@4     00405048     kernel32:KERNEL32.dll
 0002:0000004c       __imp__HeapDestroy@4       0040504c     kernel32:KERNEL32.dll
 0002:00000050       __imp__HeapCreate@12       00405050     kernel32:KERNEL32.dll
 0002:00000054       __imp__VirtualFree@12      00405054     kernel32:KERNEL32.dll
 0002:00000058       __imp__HeapFree@12         00405058     kernel32:KERNEL32.dll
 0002:0000005c       __imp__RtlUnwind@16        0040505c     kernel32:KERNEL32.dll
 0002:00000060       __imp__WriteFile@20        00405060     kernel32:KERNEL32.dll
 0002:00000064       __imp__HeapAlloc@12        00405064     kernel32:KERNEL32.dll
 0002:00000068       __imp__GetCPInfo@8         00405068     kernel32:KERNEL32.dll
 0002:0000006c       __imp__GetACP@0            0040506c     kernel32:KERNEL32.dll
 0002:00000070       __imp__GetOEMCP@0          00405070     kernel32:KERNEL32.dll
 0002:00000074       __imp__VirtualAlloc@16     00405074     kernel32:KERNEL32.dll
 0002:00000078       __imp__HeapReAlloc@16      00405078     kernel32:KERNEL32.dll
 0002:0000007c       __imp__GetProcAddress@8    0040507c     kernel32:KERNEL32.dll
 0002:00000080       __imp__LoadLibraryA@4      00405080     kernel32:KERNEL32.dll
 0002:00000084       __imp__MultiByteToWideChar@24 00405084     kernel32:KERNEL32.dll
 0002:00000088       __imp__LCMapStringA@24     00405088     kernel32:KERNEL32.dll
 0002:0000008c       __imp__LCMapStringW@24     0040508c     kernel32:KERNEL32.dll
 0002:00000090       __imp__GetStringTypeA@20   00405090     kernel32:KERNEL32.dll
 0002:00000094       __imp__GetStringTypeW@16   00405094     kernel32:KERNEL32.dll
 0002:00000098       \177KERNEL32_NULL_THUNK_DATA 00405098     kernel32:KERNEL32.dll
 0002:000000ac       ??_C@_0BH@PHHF@__GLOBAL_HEAP_SELECTED?$AA@ 004050ac     LIBC:heapinit.obj
 0002:000000c4       ??_C@_0BF@BBGL@__MSVCRT_HEAP_SELECT?$AA@ 004050c4     LIBC:heapinit.obj
 0002:000000dc       ??_C@_0P@GGKG@runtime?5error?5?$AA@ 004050dc     LIBC:crt0msg.obj
 0002:000000ec       ??_C@_02PIMC@?$AN?6?$AA@   004050ec     LIBC:crt0msg.obj
 0002:000000f0       ??_C@_0O@DELO@TLOSS?5error?$AN?6?$AA@ 004050f0     LIBC:crt0msg.obj
 0002:00000100       ??_C@_0N@OMLL@SING?5error?$AN?6?$AA@ 00405100     LIBC:crt0msg.obj
 0002:00000110       ??_C@_0P@OJAK@DOMAIN?5error?$AN?6?$AA@ 00405110     LIBC:crt0msg.obj
 0002:00000120       ??_C@_0CF@EANP@R6028?$AN?6?9?5unable?5to?5initialize?5he@ 00405120     LIBC:crt0msg.obj
 0002:00000148       ??_C@_0DF@ECGN@R6027?$AN?6?9?5not?5enough?5space?5for?5lo@ 00405148     LIBC:crt0msg.obj
 0002:00000180       ??_C@_0DF@FKAC@R6026?$AN?6?9?5not?5enough?5space?5for?5st@ 00405180     LIBC:crt0msg.obj
 0002:000001b8       ??_C@_0CG@DPMN@R6025?$AN?6?9?5pure?5virtual?5function?5c@ 004051b8     LIBC:crt0msg.obj
 0002:000001e0       ??_C@_0DF@CKIP@R6024?$AN?6?9?5not?5enough?5space?5for?5_o@ 004051e0     LIBC:crt0msg.obj
 0002:00000218       ??_C@_0CJ@GGOE@R6019?$AN?6?9?5unable?5to?5open?5console?5@ 00405218     LIBC:crt0msg.obj
 0002:00000244       ??_C@_0CB@LBOB@R6018?$AN?6?9?5unexpected?5heap?5error?$AN?6@ 00405244     LIBC:crt0msg.obj
 0002:00000268       ??_C@_0CN@FPEG@R6017?$AN?6?9?5unexpected?5multithread?5@ 00405268     LIBC:crt0msg.obj
 0002:00000298       ??_C@_0CM@OBIC@R6016?$AN?6?9?5not?5enough?5space?5for?5th@ 00405298     LIBC:crt0msg.obj
 0002:000002c4       ??_C@_0CB@HPAL@?$AN?6abnormal?5program?5termination?$AN?6@ 004052c4     LIBC:crt0msg.obj
 0002:000002e8       ??_C@_0CM@JOOB@R6009?$AN?6?9?5not?5enough?5space?5for?5en@ 004052e8     LIBC:crt0msg.obj
 0002:00000314       ??_C@_0CK@OIBL@R6008?$AN?6?9?5not?5enough?5space?5for?5ar@ 00405314     LIBC:crt0msg.obj
 0002:00000340       ??_C@_0CF@LKPB@R6002?$AN?6?9?5floating?5point?5not?5load@ 00405340     LIBC:crt0msg.obj
 0002:00000368       ??_C@_0CF@JPDF@Microsoft?5Visual?5C?$CL?$CL?5Runtime?5Lib@ 00405368     LIBC:crt0msg.obj
 0002:00000390       ??_C@_02JJJH@?6?6?$AA@     00405390     LIBC:crt0msg.obj
 0002:00000394       ??_C@_0BK@DEOK@Runtime?5Error?$CB?6?6Program?3?5?$AA@ 00405394     LIBC:crt0msg.obj
 0002:000003b0       ??_C@_03NAME@?4?4?4?$AA@   004053b0     LIBC:crt0msg.obj
 0002:000003b4       ??_C@_0BH@NNCD@?$DMprogram?5name?5unknown?$DO?$AA@ 004053b4     LIBC:crt0msg.obj
 0002:000003cc       ??_C@_0BD@NJFP@GetLastActivePopup?$AA@ 004053cc     LIBC:crtmbox.obj
 0002:000003e0       ??_C@_0BA@GILI@GetActiveWindow?$AA@ 004053e0     LIBC:crtmbox.obj
 0002:000003f0       ??_C@_0M@PKCK@MessageBoxA?$AA@ 004053f0     LIBC:crtmbox.obj
 0002:000003fc       ??_C@_0L@HKL@user32?4dll?$AA@ 004053fc     LIBC:crtmbox.obj
 0002:00000408       ??_C@_01A@?$AA?$AA@        00405408     LIBC:a_map.obj
 0002:0000040c       ??_C@_13A@?$AA?$AA?$AA?$AA@ 0040540c     LIBC:a_map.obj
 0002:00000434       __IMPORT_DESCRIPTOR_KERNEL32 00405434     kernel32:KERNEL32.dll
 0002:00000448       __NULL_IMPORT_DESCRIPTOR   00405448     kernel32:KERNEL32.dll
 0003:00000000       ___xc_a                    00406000     LIBC:crt0init.obj
 0003:00000004       ___xc_z                    00406004     LIBC:crt0init.obj
 0003:00000008       ___xi_a                    00406008     LIBC:crt0init.obj
 0003:00000010       ___xi_z                    00406010     LIBC:crt0init.obj
 0003:00000014       ___xp_a                    00406014     LIBC:crt0init.obj
 0003:00000018       ___xp_z                    00406018     LIBC:crt0init.obj
 0003:0000001c       ___xt_a                    0040601c     LIBC:crt0init.obj
 0003:00000020       ___xt_z                    00406020     LIBC:crt0init.obj
 0003:00000030       __aexit_rtn                00406030     LIBC:crt0.obj
 0003:00000034       ___app_type                00406034     LIBC:crt0.obj
 0003:00000038       __XcptActTab               00406038     LIBC:winxfltr.obj
 0003:000000b0       __First_FPE_Indx           004060b0     LIBC:winxfltr.obj
 0003:000000b4       __Num_FPE                  004060b4     LIBC:winxfltr.obj
 0003:000000b8       __XcptActTabCount          004060b8     LIBC:winxfltr.obj
 0003:000000bc       __fpecode                  004060bc     LIBC:winxfltr.obj
 0003:000000c0       ___badioinfo               004060c0     LIBC:ioinit.obj
 0003:000000c8       __amblksiz                 004060c8     LIBC:heapinit.obj
 0003:000000cc       __NLG_Destination          004060cc     LIBC:exsup.obj
 0003:00000270       ___old_small_block_heap    00406270     LIBC:sbheap.obj
 0003:00002294       ___old_sbh_threshold       00408294     LIBC:sbheap.obj
 0003:000022a0       __pctype                   004082a0     LIBC:ctype.obj
 0003:000022a4       __pwctype                  004082a4     LIBC:ctype.obj
 0003:000022a8       __ctype                    004082a8     LIBC:ctype.obj
 0003:000024ac       ___mb_cur_max              004084ac     LIBC:nlsdata1.obj
 0003:000024b0       ___decimal_point           004084b0     LIBC:nlsdata1.obj
 0003:000024b4       ___decimal_point_length    004084b4     LIBC:nlsdata1.obj
 0003:000024c0       _a                         004084c0     stack05.obj
 0003:000024c4       __aenvptr                  004084c4     LIBC:crt0.obj
 0003:000024c8       __wenvptr                  004084c8     LIBC:crt0.obj
 0003:000024cc       ___error_mode              004084cc     LIBC:crt0.obj
 0003:000024d0       _errno                     004084d0     LIBC:crt0dat.obj
 0003:000024d4       __doserrno                 004084d4     LIBC:crt0dat.obj
 0003:000024d8       __umaskval                 004084d8     LIBC:crt0dat.obj
 0003:000024dc       __osver                    004084dc     LIBC:crt0dat.obj
 0003:000024e0       __winver                   004084e0     LIBC:crt0dat.obj
 0003:000024e4       __winmajor                 004084e4     LIBC:crt0dat.obj
 0003:000024e8       __winminor                 004084e8     LIBC:crt0dat.obj
 0003:000024ec       ___argc                    004084ec     LIBC:crt0dat.obj
 0003:000024f0       ___argv                    004084f0     LIBC:crt0dat.obj
 0003:000024f4       ___wargv                   004084f4     LIBC:crt0dat.obj
 0003:000024f8       __environ                  004084f8     LIBC:crt0dat.obj
 0003:000024fc       ___initenv                 004084fc     LIBC:crt0dat.obj
 0003:00002500       __wenviron                 00408500     LIBC:crt0dat.obj
 0003:00002504       ___winitenv                00408504     LIBC:crt0dat.obj
 0003:00002508       __pgmptr                   00408508     LIBC:crt0dat.obj
 0003:0000250c       __wpgmptr                  0040850c     LIBC:crt0dat.obj
 0003:00002510       __exitflag                 00408510     LIBC:crt0dat.obj
 0003:00002514       __C_Termination_Done       00408514     LIBC:crt0dat.obj
 0003:00002518       __C_Exit_Done              00408518     LIBC:crt0dat.obj
 0003:0000251c       __pxcptinfoptrs            0040851c     LIBC:winxfltr.obj
 0003:00002628       __adbgmsg                  00408628     LIBC:crt0msg.obj
 0003:00002640       __newmode                  00408640     LIBC:_newmode.obj
 0003:00002644       ?_pnhHeap@@3P6AHI@ZA       00408644     LIBC:handler.obj
 0003:00002648       ___lc_handle               00408648     LIBC:nlsdata2.obj
 0003:00002660       ___lc_codepage             00408660     LIBC:nlsdata2.obj
 0003:00002664       ___lc_collate_cp           00408664     LIBC:nlsdata2.obj
 0003:00002670       ___sbh_sizeHeaderList      00408670     <common>
 0003:00002674       ___sbh_indGroupDefer       00408674     <common>
 0003:00002678       ___sbh_pHeaderScan         00408678     <common>
 0003:0000267c       ___sbh_pHeaderDefer        0040867c     <common>
 0003:00002680       ___sbh_cntHeaderList       00408680     <common>
 0003:00002684       ___sbh_pHeaderList         00408684     <common>
 0003:00002688       ___sbh_threshold           00408688     <common>
 0003:0000268c       ___mbcodepage              0040868c     <common>
 0003:00002690       ___mbulinfo                00408690     <common>
 0003:0000269c       ___ismbcodepage            0040869c     <common>
 0003:000026a0       __mbcasemap                004086a0     <common>
 0003:000027a0       __mbctype                  004087a0     <common>
 0003:000028a4       ___mblcid                  004088a4     <common>
 0003:000028a8       __crtheap                  004088a8     <common>
 0003:000028ac       ___active_heap             004088ac     <common>
 0003:000028c0       ___pioinfo                 004088c0     <common>
 0003:000029c0       __nhandle                  004089c0     <common>
 0003:000029c4       ___env_initialized         004089c4     <common>
 0003:000029c8       ___mbctype_initialized     004089c8     <common>
 0003:000029cc       ___onexitend               004089cc     <common>
 0003:000029d0       ___onexitbegin             004089d0     <common>
 0003:000029d4       __FPinit                   004089d4     <common>
 0003:000029d8       __acmdln                   004089d8     <common>

 entry point at        0001:00000007

 Static symbols

 0001:000031e0       LeadUp1                    004041e0 f   LIBC:memmove.obj
 0001:0000320c       LeadUp2                    0040420c f   LIBC:memmove.obj
 0001:00003230       LeadUp3                    00404230 f   LIBC:memmove.obj
 0001:000032af       UnwindUp0                  004042af f   LIBC:memmove.obj
 0001:0000329c       UnwindUp1                  0040429c f   LIBC:memmove.obj
 0001:00003294       UnwindUp2                  00404294 f   LIBC:memmove.obj
 0001:0000328c       UnwindUp3                  0040428c f   LIBC:memmove.obj
 0001:00003284       UnwindUp4                  00404284 f   LIBC:memmove.obj
 0001:0000327c       UnwindUp5                  0040427c f   LIBC:memmove.obj
 0001:00003274       UnwindUp6                  00404274 f   LIBC:memmove.obj
 0001:0000326c       UnwindUp7                  0040426c f   LIBC:memmove.obj
 0001:000032c8       TrailUp0                   004042c8 f   LIBC:memmove.obj
 0001:000032d0       TrailUp1                   004042d0 f   LIBC:memmove.obj
 0001:000032dc       TrailUp2                   004042dc f   LIBC:memmove.obj
 0001:000032f0       TrailUp3                   004042f0 f   LIBC:memmove.obj
 0001:00003368       LeadDown1                  00404368 f   LIBC:memmove.obj
 0001:00003388       LeadDown2                  00404388 f   LIBC:memmove.obj
 0001:000033b0       LeadDown3                  004043b0 f   LIBC:memmove.obj
 0001:00003404       UnwindDown7                00404404 f   LIBC:memmove.obj
 0001:0000340c       UnwindDown6                0040440c f   LIBC:memmove.obj
 0001:00003414       UnwindDown5                00404414 f   LIBC:memmove.obj
 0001:0000341c       UnwindDown4                0040441c f   LIBC:memmove.obj
 0001:00003424       UnwindDown3                00404424 f   LIBC:memmove.obj
 0001:0000342c       UnwindDown2                0040442c f   LIBC:memmove.obj
 0001:00003434       UnwindDown1                00404434 f   LIBC:memmove.obj
 0001:00003447       UnwindDown0                00404447 f   LIBC:memmove.obj
 0001:00003460       TrailDown0                 00404460 f   LIBC:memmove.obj
 0001:00003468       TrailDown1                 00404468 f   LIBC:memmove.obj
 0001:00003478       TrailDown2                 00404478 f   LIBC:memmove.obj
 0001:0000348c       TrailDown3                 0040448c f   LIBC:memmove.obj
 0001:00002ead       _strncnt                   00403ead f   LIBC:a_map.obj
 0001:0000189c       _strtoxl                   0040289c f   LIBC:strtol.obj
 0001:000015c0       LeadUp1                    004025c0 f   LIBC:memcpy.obj
 0001:000015ec       LeadUp2                    004025ec f   LIBC:memcpy.obj
 0001:00001610       LeadUp3                    00402610 f   LIBC:memcpy.obj
 0001:0000168f       UnwindUp0                  0040268f f   LIBC:memcpy.obj
 0001:0000167c       UnwindUp1                  0040267c f   LIBC:memcpy.obj
 0001:00001674       UnwindUp2                  00402674 f   LIBC:memcpy.obj
 0001:0000166c       UnwindUp3                  0040266c f   LIBC:memcpy.obj
 0001:00001664       UnwindUp4                  00402664 f   LIBC:memcpy.obj
 0001:0000165c       UnwindUp5                  0040265c f   LIBC:memcpy.obj
 0001:00001654       UnwindUp6                  00402654 f   LIBC:memcpy.obj
 0001:0000164c       UnwindUp7                  0040264c f   LIBC:memcpy.obj
 0001:000016a8       TrailUp0                   004026a8 f   LIBC:memcpy.obj
 0001:000016b0       TrailUp1                   004026b0 f   LIBC:memcpy.obj
 0001:000016bc       TrailUp2                   004026bc f   LIBC:memcpy.obj
 0001:000016d0       TrailUp3                   004026d0 f   LIBC:memcpy.obj
 0001:00001748       LeadDown1                  00402748 f   LIBC:memcpy.obj
 0001:00001768       LeadDown2                  00402768 f   LIBC:memcpy.obj
 0001:00001790       LeadDown3                  00402790 f   LIBC:memcpy.obj
 0001:000017e4       UnwindDown7                004027e4 f   LIBC:memcpy.obj
 0001:000017ec       UnwindDown6                004027ec f   LIBC:memcpy.obj
 0001:000017f4       UnwindDown5                004027f4 f   LIBC:memcpy.obj
 0001:000017fc       UnwindDown4                004027fc f   LIBC:memcpy.obj
 0001:00001804       UnwindDown3                00402804 f   LIBC:memcpy.obj
 0001:0000180c       UnwindDown2                0040280c f   LIBC:memcpy.obj
 0001:00001814       UnwindDown1                00402814 f   LIBC:memcpy.obj
 0001:00001827       UnwindDown0                00402827 f   LIBC:memcpy.obj
 0001:00001840       TrailDown0                 00402840 f   LIBC:memcpy.obj
 0001:00001848       TrailDown1                 00402848 f   LIBC:memcpy.obj
 0001:00001858       TrailDown2                 00402858 f   LIBC:memcpy.obj
 0001:0000186c       TrailDown3                 0040286c f   LIBC:memcpy.obj
 0001:00001304       _getSystemCP               00402304 f   LIBC:mbctype.obj
 0001:0000134e       _CPtoLCID                  0040234e f   LIBC:mbctype.obj
 0001:00001381       _setSBCS                   00402381 f   LIBC:mbctype.obj
 0001:000013aa       _setSBUpLow                004023aa f   LIBC:mbctype.obj
 0001:00000b84       _gu_return                 00401b84 f   LIBC:exsup.obj
 0001:00000b8c       __unwind_handler           00401b8c f   LIBC:exsup.obj
 0001:00000507       _parse_cmdline             00401507 f   LIBC:stdargv.obj
 0001:00000372       _xcptlookup                00401372 f   LIBC:winxfltr.obj
 0001:0000017e       _doexit                    0040117e f   LIBC:crt0dat.obj
 0001:00000217       __initterm                 00401217 f   LIBC:crt0dat.obj
 0001:0000010b       _fast_error_exit           0040110b f   LIBC:crt0.obj
