 type

 Timestamp is 58394634 (Sat Nov 26 17:22:12 2016)

 Preferred load address is 00400000

 Start         Length     Name                   Class
 0001:00000000 00004a68H .text                   CODE
 0002:00000000 000000b0H .idata$5                DATA
 0002:000000b0 0000040cH .rdata                  DATA
 0002:000004bc 00000014H .idata$2                DATA
 0002:000004d0 00000014H .idata$3                DATA
 0002:000004e4 000000b0H .idata$4                DATA
 0002:00000594 000002fcH .idata$6                DATA
 0002:00000890 00000000H .edata                  DATA
 0003:00000000 00000004H .CRT$XCA                DATA
 0003:00000004 00000004H .CRT$XCZ                DATA
 0003:00000008 00000004H .CRT$XIA                DATA
 0003:0000000c 00000008H .CRT$XIC                DATA
 0003:00000014 00000004H .CRT$XIZ                DATA
 0003:00000018 00000004H .CRT$XPA                DATA
 0003:0000001c 00000004H .CRT$XPX                DATA
 0003:00000020 00000004H .CRT$XPZ                DATA
 0003:00000024 00000004H .CRT$XTA                DATA
 0003:00000028 00000004H .CRT$XTZ                DATA
 0003:00000030 00002a18H .data                   DATA
 0003:00002a48 00001540H .bss                    DATA

  Address         Publics by Value              Rva+Base     Lib:Object

 0001:00000000       _main                      00401000 f   type.obj
 0001:00000175       _printf                    00401175 f   libc:printf.obj
 0001:000001a6       _mainCRTStartup            004011a6 f   libc:crt0.obj
 0001:00000285       __amsg_exit                00401285 f   libc:crt0.obj
 0001:000002ce       __stbuf                    004012ce f   libc:_sftbuf.obj
 0001:0000035b       __ftbuf                    0040135b f   libc:_sftbuf.obj
 0001:00000398       __output                   00401398 f   libc:output.obj
 0001:00000bff       ___initstdio               00401bff f   libc:_file.obj
 0001:00000ca4       ___endstdio                00401ca4 f   libc:_file.obj
 0001:00000cb8       __cinit                    00401cb8 f   libc:crt0dat.obj
 0001:00000ce5       _exit                      00401ce5 f   libc:crt0dat.obj
 0001:00000cf6       __exit                     00401cf6 f   libc:crt0dat.obj
 0001:00000dba       __XcptFilter               00401dba f   libc:winxfltr.obj
 0001:00000f3e       __setenvp                  00401f3e f   libc:stdenvp.obj
 0001:00000ff7       __setargv                  00401ff7 f   libc:stdargv.obj
 0001:00001244       ___crtGetEnvironmentStringsA 00402244 f   libc:a_env.obj
 0001:00001376       __ioinit                   00402376 f   libc:ioinit.obj
 0001:00001521       __GetLinkerVersion         00402521 f   libc:heapinit.obj
 0001:0000154e       ___heap_select             0040254e f   libc:heapinit.obj
 0001:00001696       __heap_init                00402696 f   libc:heapinit.obj
 0001:000016f4       __global_unwind2           004026f4 f   libc:exsup.obj
 0001:00001736       __local_unwind2            00402736 f   libc:exsup.obj
 0001:0000178e       __NLG_Return2              0040278e f   libc:exsup.obj
 0001:0000179e       __abnormal_termination     0040279e f   libc:exsup.obj
 0001:000017c1       __NLG_Notify1              004027c1 f   libc:exsup.obj
 0001:000017ca       __NLG_Notify               004027ca f   libc:exsup.obj
 0001:000017dd       __NLG_Dispatch             004027dd f   libc:exsup.obj
 0001:000017ec       __except_handler3          004027ec f   libc:exsup3.obj
 0001:000018a9       __seh_longjmp_unwind@4     004028a9 f   libc:exsup3.obj
 0001:000018c4       __FF_MSGBANNER             004028c4 f   libc:crt0msg.obj
 0001:000018fd       __NMSG_WRITE               004028fd f   libc:crt0msg.obj
 0001:00001a50       _malloc                    00402a50 f   libc:malloc.obj
 0001:00001a62       __nh_malloc                00402a62 f   libc:malloc.obj
 0001:00001a8e       __heap_alloc               00402a8e f   libc:malloc.obj
 0001:00001b02       __isatty                   00402b02 f   libc:isatty.obj
 0001:00001b28       _fflush                    00402b28 f   libc:fflush.obj
 0001:00001b63       __flush                    00402b63 f   libc:fflush.obj
 0001:00001bbf       __flushall                 00402bbf f   libc:fflush.obj
 0001:00001c35       _free                      00402c35 f   libc:free.obj
 0001:00001ca0       _strlen                    00402ca0 f   libc:strlen.obj
 0001:00001d1b       _wctomb                    00402d1b f   libc:wctomb.obj
 0001:00001d90       __aulldiv                  00402d90 f   libc:ulldiv.obj
 0001:00001e00       __aullrem                  00402e00 f   libc:ullrem.obj
 0001:00001e75       __flsbuf                   00402e75 f   libc:_flsbuf.obj
 0001:00001f8a       _calloc                    00402f8a f   libc:calloc.obj
 0001:0000203b       __fcloseall                0040303b f   libc:closeall.obj
 0001:000020a0       _strcpy                    004030a0 f   libc:strcat.obj
 0001:000020b0       _strcat                    004030b0 f   libc:strcat.obj
 0001:00002190       __setmbcp                  00403190 f   libc:mbctype.obj
 0001:00002554       ___initmbctable            00403554 f   libc:mbctype.obj
 0001:00002570       _memcpy                    00403570 f   libc:memcpy.obj
 0001:000028a5       _strtol                    004038a5 f   libc:strtol.obj
 0001:00002ae0       _strchr                    00403ae0 f   libc:strchr.obj
 0001:00002ae6       ___from_strstr_to_strchr   00403ae6 f   libc:strchr.obj
 0001:00002ba0       _strstr                    00403ba0 f   libc:strstr.obj
 0001:00002c20       _strncmp                   00403c20 f   libc:strncmp.obj
 0001:00002c60       __alloca_probe             00403c60 f   libc:chkstk.obj
 0001:00002c60       __chkstk                   00403c60 f   libc:chkstk.obj
 0001:00002c8f       ___sbh_heap_init           00403c8f f   libc:sbheap.obj
 0001:00002cd7       ___sbh_find_block          00403cd7 f   libc:sbheap.obj
 0001:00002d02       ___sbh_free_block          00403d02 f   libc:sbheap.obj
 0001:0000302b       ___sbh_alloc_block         0040402b f   libc:sbheap.obj
 0001:00003334       ___sbh_alloc_new_region    00404334 f   libc:sbheap.obj
 0001:000033e5       ___sbh_alloc_new_group     004043e5 f   libc:sbheap.obj
 0001:000034e0       ___old_sbh_new_region      004044e0 f   libc:sbheap.obj
 0001:00003624       ___old_sbh_release_region  00404624 f   libc:sbheap.obj
 0001:0000367a       ___old_sbh_decommit_pages  0040467a f   libc:sbheap.obj
 0001:0000373c       ___old_sbh_find_block      0040473c f   libc:sbheap.obj
 0001:00003793       ___old_sbh_free_block      00404793 f   libc:sbheap.obj
 0001:000037d8       ___old_sbh_alloc_block     004047d8 f   libc:sbheap.obj
 0001:000039e0       ___old_sbh_alloc_block_from_page 004049e0 f   libc:sbheap.obj
 0001:00003b04       ___crtMessageBoxA          00404b04 f   libc:crtmbox.obj
 0001:00003b90       _strncpy                   00404b90 f   libc:strncpy.obj
 0001:00003c8e       __callnewh                 00404c8e f   libc:handler.obj
 0001:00003ca9       __commit                   00404ca9 f   libc:commit.obj
 0001:00003d00       __write                    00404d00 f   libc:write.obj
 0001:00003ead       __fptrap                   00404ead f   libc:crt0fp.obj
 0001:00003eb6       __lseek                    00404eb6 f   libc:lseek.obj
 0001:00003f50       __getbuf                   00404f50 f   libc:_getbuf.obj
 0001:00003fa0       _memset                    00404fa0 f   libc:memset.obj
 0001:00003ff8       _fclose                    00404ff8 f   libc:fclose.obj
 0001:0000404e       ___crtLCMapStringA         0040504e f   libc:a_map.obj
 0001:0000429d       ___crtGetStringTypeA       0040529d f   libc:a_str.obj
 0001:000043e6       _toupper                   004053e6 f   libc:toupper.obj
 0001:000044b2       __isctype                  004054b2 f   libc:isctype.obj
 0001:00004530       _memmove                   00405530 f   libc:memmove.obj
 0001:00004865       __free_osfhnd              00405865 f   libc:osfinfo.obj
 0001:000048df       __get_osfhandle            004058df f   libc:osfinfo.obj
 0001:0000491c       __dosmaperr                0040591c f   libc:dosmap.obj
 0001:00004983       __close                    00405983 f   libc:close.obj
 0001:00004a36       __freebuf                  00405a36 f   libc:_freebuf.obj
 0001:00004a62       _RtlUnwind@16              00405a62 f   kernel32:KERNEL32.dll
 0002:00000000       __imp__GetCommandLineA@0   00406000     kernel32:KERNEL32.dll
 0002:00000004       __imp__GetVersion@0        00406004     kernel32:KERNEL32.dll
 0002:00000008       __imp__ExitProcess@4       00406008     kernel32:KERNEL32.dll
 0002:0000000c       __imp__TerminateProcess@8  0040600c     kernel32:KERNEL32.dll
 0002:00000010       __imp__GetCurrentProcess@0 00406010     kernel32:KERNEL32.dll
 0002:00000014       __imp__UnhandledExceptionFilter@4 00406014     kernel32:KERNEL32.dll
 0002:00000018       __imp__GetModuleFileNameA@12 00406018     kernel32:KERNEL32.dll
 0002:0000001c       __imp__FreeEnvironmentStringsA@4 0040601c     kernel32:KERNEL32.dll
 0002:00000020       __imp__FreeEnvironmentStringsW@4 00406020     kernel32:KERNEL32.dll
 0002:00000024       __imp__WideCharToMultiByte@32 00406024     kernel32:KERNEL32.dll
 0002:00000028       __imp__GetEnvironmentStrings@0 00406028     kernel32:KERNEL32.dll
 0002:0000002c       __imp__GetEnvironmentStringsW@0 0040602c     kernel32:KERNEL32.dll
 0002:00000030       __imp__SetHandleCount@4    00406030     kernel32:KERNEL32.dll
 0002:00000034       __imp__GetStdHandle@4      00406034     kernel32:KERNEL32.dll
 0002:00000038       __imp__GetFileType@4       00406038     kernel32:KERNEL32.dll
 0002:0000003c       __imp__GetStartupInfoA@4   0040603c     kernel32:KERNEL32.dll
 0002:00000040       __imp__GetModuleHandleA@4  00406040     kernel32:KERNEL32.dll
 0002:00000044       __imp__GetEnvironmentVariableA@12 00406044     kernel32:KERNEL32.dll
 0002:00000048       __imp__GetVersionExA@4     00406048     kernel32:KERNEL32.dll
 0002:0000004c       __imp__HeapDestroy@4       0040604c     kernel32:KERNEL32.dll
 0002:00000050       __imp__HeapCreate@12       00406050     kernel32:KERNEL32.dll
 0002:00000054       __imp__VirtualFree@12      00406054     kernel32:KERNEL32.dll
 0002:00000058       __imp__HeapFree@12         00406058     kernel32:KERNEL32.dll
 0002:0000005c       __imp__RtlUnwind@16        0040605c     kernel32:KERNEL32.dll
 0002:00000060       __imp__WriteFile@20        00406060     kernel32:KERNEL32.dll
 0002:00000064       __imp__HeapAlloc@12        00406064     kernel32:KERNEL32.dll
 0002:00000068       __imp__GetCPInfo@8         00406068     kernel32:KERNEL32.dll
 0002:0000006c       __imp__GetACP@0            0040606c     kernel32:KERNEL32.dll
 0002:00000070       __imp__GetOEMCP@0          00406070     kernel32:KERNEL32.dll
 0002:00000074       __imp__VirtualAlloc@16     00406074     kernel32:KERNEL32.dll
 0002:00000078       __imp__HeapReAlloc@16      00406078     kernel32:KERNEL32.dll
 0002:0000007c       __imp__GetProcAddress@8    0040607c     kernel32:KERNEL32.dll
 0002:00000080       __imp__LoadLibraryA@4      00406080     kernel32:KERNEL32.dll
 0002:00000084       __imp__GetLastError@0      00406084     kernel32:KERNEL32.dll
 0002:00000088       __imp__FlushFileBuffers@4  00406088     kernel32:KERNEL32.dll
 0002:0000008c       __imp__SetFilePointer@16   0040608c     kernel32:KERNEL32.dll
 0002:00000090       __imp__MultiByteToWideChar@24 00406090     kernel32:KERNEL32.dll
 0002:00000094       __imp__LCMapStringA@24     00406094     kernel32:KERNEL32.dll
 0002:00000098       __imp__LCMapStringW@24     00406098     kernel32:KERNEL32.dll
 0002:0000009c       __imp__GetStringTypeA@20   0040609c     kernel32:KERNEL32.dll
 0002:000000a0       __imp__GetStringTypeW@16   004060a0     kernel32:KERNEL32.dll
 0002:000000a4       __imp__SetStdHandle@8      004060a4     kernel32:KERNEL32.dll
 0002:000000a8       __imp__CloseHandle@4       004060a8     kernel32:KERNEL32.dll
 0002:000000ac       \177KERNEL32_NULL_THUNK_DATA 004060ac     kernel32:KERNEL32.dll
 0002:000000bc       ___lookuptable             004060bc     libc:output.obj
 0002:00000118       ??_C@_1O@POHA@?$AA?$CI?$AAn?$AAu?$AAl?$AAl?$AA?$CJ?$AA?$AA@ 00406118     libc:output.obj
 0002:00000128       ??_C@_06ONKE@?$CInull?$CJ?$AA@ 00406128     libc:output.obj
 0002:00000130       ??_C@_0BH@PHHF@__GLOBAL_HEAP_SELECTED?$AA@ 00406130     libc:heapinit.obj
 0002:00000148       ??_C@_0BF@BBGL@__MSVCRT_HEAP_SELECT?$AA@ 00406148     libc:heapinit.obj
 0002:00000160       ??_C@_0P@GGKG@runtime?5error?5?$AA@ 00406160     libc:crt0msg.obj
 0002:00000170       ??_C@_02PIMC@?$AN?6?$AA@   00406170     libc:crt0msg.obj
 0002:00000174       ??_C@_0O@DELO@TLOSS?5error?$AN?6?$AA@ 00406174     libc:crt0msg.obj
 0002:00000184       ??_C@_0N@OMLL@SING?5error?$AN?6?$AA@ 00406184     libc:crt0msg.obj
 0002:00000194       ??_C@_0P@OJAK@DOMAIN?5error?$AN?6?$AA@ 00406194     libc:crt0msg.obj
 0002:000001a4       ??_C@_0CF@EANP@R6028?$AN?6?9?5unable?5to?5initialize?5he@ 004061a4     libc:crt0msg.obj
 0002:000001cc       ??_C@_0DF@ECGN@R6027?$AN?6?9?5not?5enough?5space?5for?5lo@ 004061cc     libc:crt0msg.obj
 0002:00000204       ??_C@_0DF@FKAC@R6026?$AN?6?9?5not?5enough?5space?5for?5st@ 00406204     libc:crt0msg.obj
 0002:0000023c       ??_C@_0CG@DPMN@R6025?$AN?6?9?5pure?5virtual?5function?5c@ 0040623c     libc:crt0msg.obj
 0002:00000264       ??_C@_0DF@CKIP@R6024?$AN?6?9?5not?5enough?5space?5for?5_o@ 00406264     libc:crt0msg.obj
 0002:0000029c       ??_C@_0CJ@GGOE@R6019?$AN?6?9?5unable?5to?5open?5console?5@ 0040629c     libc:crt0msg.obj
 0002:000002c8       ??_C@_0CB@LBOB@R6018?$AN?6?9?5unexpected?5heap?5error?$AN?6@ 004062c8     libc:crt0msg.obj
 0002:000002ec       ??_C@_0CN@FPEG@R6017?$AN?6?9?5unexpected?5multithread?5@ 004062ec     libc:crt0msg.obj
 0002:0000031c       ??_C@_0CM@OBIC@R6016?$AN?6?9?5not?5enough?5space?5for?5th@ 0040631c     libc:crt0msg.obj
 0002:00000348       ??_C@_0CB@HPAL@?$AN?6abnormal?5program?5termination?$AN?6@ 00406348     libc:crt0msg.obj
 0002:0000036c       ??_C@_0CM@JOOB@R6009?$AN?6?9?5not?5enough?5space?5for?5en@ 0040636c     libc:crt0msg.obj
 0002:00000398       ??_C@_0CK@OIBL@R6008?$AN?6?9?5not?5enough?5space?5for?5ar@ 00406398     libc:crt0msg.obj
 0002:000003c4       ??_C@_0CF@LKPB@R6002?$AN?6?9?5floating?5point?5not?5load@ 004063c4     libc:crt0msg.obj
 0002:000003ec       ??_C@_0CF@JPDF@Microsoft?5Visual?5C?$CL?$CL?5Runtime?5Lib@ 004063ec     libc:crt0msg.obj
 0002:00000414       ??_C@_02JJJH@?6?6?$AA@     00406414     libc:crt0msg.obj
 0002:00000418       ??_C@_0BK@DEOK@Runtime?5Error?$CB?6?6Program?3?5?$AA@ 00406418     libc:crt0msg.obj
 0002:00000434       ??_C@_03NAME@?4?4?4?$AA@   00406434     libc:crt0msg.obj
 0002:00000438       ??_C@_0BH@NNCD@?$DMprogram?5name?5unknown?$DO?$AA@ 00406438     libc:crt0msg.obj
 0002:00000450       ??_C@_0BD@NJFP@GetLastActivePopup?$AA@ 00406450     libc:crtmbox.obj
 0002:00000464       ??_C@_0BA@GILI@GetActiveWindow?$AA@ 00406464     libc:crtmbox.obj
 0002:00000474       ??_C@_0M@PKCK@MessageBoxA?$AA@ 00406474     libc:crtmbox.obj
 0002:00000480       ??_C@_0L@HKL@user32?4dll?$AA@ 00406480     libc:crtmbox.obj
 0002:0000048c       ??_C@_01A@?$AA?$AA@        0040648c     libc:a_map.obj
 0002:00000490       ??_C@_13A@?$AA?$AA?$AA?$AA@ 00406490     libc:a_map.obj
 0002:000004bc       __IMPORT_DESCRIPTOR_KERNEL32 004064bc     kernel32:KERNEL32.dll
 0002:000004d0       __NULL_IMPORT_DESCRIPTOR   004064d0     kernel32:KERNEL32.dll
 0003:00000000       ___xc_a                    00407000     libc:crt0init.obj
 0003:00000004       ___xc_z                    00407004     libc:crt0init.obj
 0003:00000008       ___xi_a                    00407008     libc:crt0init.obj
 0003:00000014       ___xi_z                    00407014     libc:crt0init.obj
 0003:00000018       ___xp_a                    00407018     libc:crt0init.obj
 0003:00000020       ___xp_z                    00407020     libc:crt0init.obj
 0003:00000024       ___xt_a                    00407024     libc:crt0init.obj
 0003:00000028       ___xt_z                    00407028     libc:crt0init.obj
 0003:000001a0       __aexit_rtn                004071a0     libc:crt0.obj
 0003:000001a4       ___app_type                004071a4     libc:crt0.obj
 0003:000001a8       ___nullstring              004071a8     libc:output.obj
 0003:000001ac       ___wnullstring             004071ac     libc:output.obj
 0003:000001b0       __iob                      004071b0     libc:_file.obj
 0003:00000430       __XcptActTab               00407430     libc:winxfltr.obj
 0003:000004a8       __First_FPE_Indx           004074a8     libc:winxfltr.obj
 0003:000004ac       __Num_FPE                  004074ac     libc:winxfltr.obj
 0003:000004b0       __XcptActTabCount          004074b0     libc:winxfltr.obj
 0003:000004b4       __fpecode                  004074b4     libc:winxfltr.obj
 0003:000004b8       ___badioinfo               004074b8     libc:ioinit.obj
 0003:000004c0       __amblksiz                 004074c0     libc:heapinit.obj
 0003:000004c4       __NLG_Destination          004074c4     libc:exsup.obj
 0003:00000570       __cfltcvt_tab              00407570     libc:cmiscdat.obj
 0003:00000588       __pctype                   00407588     libc:ctype.obj
 0003:0000058c       __pwctype                  0040758c     libc:ctype.obj
 0003:00000590       __ctype                    00407590     libc:ctype.obj
 0003:000008a0       ___old_small_block_heap    004078a0     libc:sbheap.obj
 0003:000028c4       ___old_sbh_threshold       004098c4     libc:sbheap.obj
 0003:000028d0       ___mb_cur_max              004098d0     libc:nlsdata1.obj
 0003:000028d4       ___decimal_point           004098d4     libc:nlsdata1.obj
 0003:000028d8       ___decimal_point_length    004098d8     libc:nlsdata1.obj
 0003:00002a48       __aenvptr                  00409a48     libc:crt0.obj
 0003:00002a4c       __wenvptr                  00409a4c     libc:crt0.obj
 0003:00002a50       ___error_mode              00409a50     libc:crt0.obj
 0003:00002a54       __stdbuf                   00409a54     libc:_sftbuf.obj
 0003:00002a5c       __cflush                   00409a5c     libc:_file.obj
 0003:00002a60       _errno                     00409a60     libc:crt0dat.obj
 0003:00002a64       __doserrno                 00409a64     libc:crt0dat.obj
 0003:00002a68       __umaskval                 00409a68     libc:crt0dat.obj
 0003:00002a6c       __osver                    00409a6c     libc:crt0dat.obj
 0003:00002a70       __winver                   00409a70     libc:crt0dat.obj
 0003:00002a74       __winmajor                 00409a74     libc:crt0dat.obj
 0003:00002a78       __winminor                 00409a78     libc:crt0dat.obj
 0003:00002a7c       ___argc                    00409a7c     libc:crt0dat.obj
 0003:00002a80       ___argv                    00409a80     libc:crt0dat.obj
 0003:00002a84       ___wargv                   00409a84     libc:crt0dat.obj
 0003:00002a88       __environ                  00409a88     libc:crt0dat.obj
 0003:00002a8c       ___initenv                 00409a8c     libc:crt0dat.obj
 0003:00002a90       __wenviron                 00409a90     libc:crt0dat.obj
 0003:00002a94       ___winitenv                00409a94     libc:crt0dat.obj
 0003:00002a98       __pgmptr                   00409a98     libc:crt0dat.obj
 0003:00002a9c       __wpgmptr                  00409a9c     libc:crt0dat.obj
 0003:00002aa0       __exitflag                 00409aa0     libc:crt0dat.obj
 0003:00002aa4       __C_Termination_Done       00409aa4     libc:crt0dat.obj
 0003:00002aa8       __C_Exit_Done              00409aa8     libc:crt0dat.obj
 0003:00002aac       __pxcptinfoptrs            00409aac     libc:winxfltr.obj
 0003:00002bb8       __adbgmsg                  00409bb8     libc:crt0msg.obj
 0003:00002bd0       __newmode                  00409bd0     libc:_newmode.obj
 0003:00002bd4       ?_pnhHeap@@3P6AHI@ZA       00409bd4     libc:handler.obj
 0003:00002bd8       ___lc_handle               00409bd8     libc:nlsdata2.obj
 0003:00002bf0       ___lc_codepage             00409bf0     libc:nlsdata2.obj
 0003:00002bf4       ___lc_collate_cp           00409bf4     libc:nlsdata2.obj
 0003:00002c00       ___sbh_sizeHeaderList      00409c00     <common>
 0003:00002c04       ___sbh_indGroupDefer       00409c04     <common>
 0003:00002c08       ___sbh_pHeaderScan         00409c08     <common>
 0003:00002c0c       ___sbh_pHeaderDefer        00409c0c     <common>
 0003:00002c10       ___sbh_cntHeaderList       00409c10     <common>
 0003:00002c14       ___sbh_pHeaderList         00409c14     <common>
 0003:00002c18       ___sbh_threshold           00409c18     <common>
 0003:00002c1c       ___mbcodepage              00409c1c     <common>
 0003:00002c20       ___mbulinfo                00409c20     <common>
 0003:00002c2c       ___ismbcodepage            00409c2c     <common>
 0003:00002c40       __mbcasemap                00409c40     <common>
 0003:00002d40       __mbctype                  00409d40     <common>
 0003:00002e44       ___mblcid                  00409e44     <common>
 0003:00002e48       __crtheap                  00409e48     <common>
 0003:00002e4c       ___active_heap             00409e4c     <common>
 0003:00002e60       ___pioinfo                 00409e60     <common>
 0003:00002f60       __nhandle                  00409f60     <common>
 0003:00002f64       ___env_initialized         00409f64     <common>
 0003:00002f68       ___mbctype_initialized     00409f68     <common>
 0003:00002f6c       ___onexitend               00409f6c     <common>
 0003:00002f70       ___onexitbegin             00409f70     <common>
 0003:00002f74       __FPinit                   00409f74     <common>
 0003:00002f78       ___piob                    00409f78     <common>
 0003:00002f80       __bufin                    00409f80     <common>
 0003:00003f80       __nstream                  0040af80     <common>
 0003:00003f84       __acmdln                   0040af84     <common>

 entry point at        0001:000001a6

 Static symbols

 0001:000045a0       LeadUp1                    004055a0 f   libc:memmove.obj
 0001:000045cc       LeadUp2                    004055cc f   libc:memmove.obj
 0001:000045f0       LeadUp3                    004055f0 f   libc:memmove.obj
 0001:0000466f       UnwindUp0                  0040566f f   libc:memmove.obj
 0001:0000465c       UnwindUp1                  0040565c f   libc:memmove.obj
 0001:00004654       UnwindUp2                  00405654 f   libc:memmove.obj
 0001:0000464c       UnwindUp3                  0040564c f   libc:memmove.obj
 0001:00004644       UnwindUp4                  00405644 f   libc:memmove.obj
 0001:0000463c       UnwindUp5                  0040563c f   libc:memmove.obj
 0001:00004634       UnwindUp6                  00405634 f   libc:memmove.obj
 0001:0000462c       UnwindUp7                  0040562c f   libc:memmove.obj
 0001:00004688       TrailUp0                   00405688 f   libc:memmove.obj
 0001:00004690       TrailUp1                   00405690 f   libc:memmove.obj
 0001:0000469c       TrailUp2                   0040569c f   libc:memmove.obj
 0001:000046b0       TrailUp3                   004056b0 f   libc:memmove.obj
 0001:00004728       LeadDown1                  00405728 f   libc:memmove.obj
 0001:00004748       LeadDown2                  00405748 f   libc:memmove.obj
 0001:00004770       LeadDown3                  00405770 f   libc:memmove.obj
 0001:000047c4       UnwindDown7                004057c4 f   libc:memmove.obj
 0001:000047cc       UnwindDown6                004057cc f   libc:memmove.obj
 0001:000047d4       UnwindDown5                004057d4 f   libc:memmove.obj
 0001:000047dc       UnwindDown4                004057dc f   libc:memmove.obj
 0001:000047e4       UnwindDown3                004057e4 f   libc:memmove.obj
 0001:000047ec       UnwindDown2                004057ec f   libc:memmove.obj
 0001:000047f4       UnwindDown1                004057f4 f   libc:memmove.obj
 0001:00004807       UnwindDown0                00405807 f   libc:memmove.obj
 0001:00004820       TrailDown0                 00405820 f   libc:memmove.obj
 0001:00004828       TrailDown1                 00405828 f   libc:memmove.obj
 0001:00004838       TrailDown2                 00405838 f   libc:memmove.obj
 0001:0000484c       TrailDown3                 0040584c f   libc:memmove.obj
 0001:00004272       _strncnt                   00405272 f   libc:a_map.obj
 0001:000028bc       _strtoxl                   004038bc f   libc:strtol.obj
 0001:000025e0       LeadUp1                    004035e0 f   libc:memcpy.obj
 0001:0000260c       LeadUp2                    0040360c f   libc:memcpy.obj
 0001:00002630       LeadUp3                    00403630 f   libc:memcpy.obj
 0001:000026af       UnwindUp0                  004036af f   libc:memcpy.obj
 0001:0000269c       UnwindUp1                  0040369c f   libc:memcpy.obj
 0001:00002694       UnwindUp2                  00403694 f   libc:memcpy.obj
 0001:0000268c       UnwindUp3                  0040368c f   libc:memcpy.obj
 0001:00002684       UnwindUp4                  00403684 f   libc:memcpy.obj
 0001:0000267c       UnwindUp5                  0040367c f   libc:memcpy.obj
 0001:00002674       UnwindUp6                  00403674 f   libc:memcpy.obj
 0001:0000266c       UnwindUp7                  0040366c f   libc:memcpy.obj
 0001:000026c8       TrailUp0                   004036c8 f   libc:memcpy.obj
 0001:000026d0       TrailUp1                   004036d0 f   libc:memcpy.obj
 0001:000026dc       TrailUp2                   004036dc f   libc:memcpy.obj
 0001:000026f0       TrailUp3                   004036f0 f   libc:memcpy.obj
 0001:00002768       LeadDown1                  00403768 f   libc:memcpy.obj
 0001:00002788       LeadDown2                  00403788 f   libc:memcpy.obj
 0001:000027b0       LeadDown3                  004037b0 f   libc:memcpy.obj
 0001:00002804       UnwindDown7                00403804 f   libc:memcpy.obj
 0001:0000280c       UnwindDown6                0040380c f   libc:memcpy.obj
 0001:00002814       UnwindDown5                00403814 f   libc:memcpy.obj
 0001:0000281c       UnwindDown4                0040381c f   libc:memcpy.obj
 0001:00002824       UnwindDown3                00403824 f   libc:memcpy.obj
 0001:0000282c       UnwindDown2                0040382c f   libc:memcpy.obj
 0001:00002834       UnwindDown1                00403834 f   libc:memcpy.obj
 0001:00002847       UnwindDown0                00403847 f   libc:memcpy.obj
 0001:00002860       TrailDown0                 00403860 f   libc:memcpy.obj
 0001:00002868       TrailDown1                 00403868 f   libc:memcpy.obj
 0001:00002878       TrailDown2                 00403878 f   libc:memcpy.obj
 0001:0000288c       TrailDown3                 0040388c f   libc:memcpy.obj
 0001:00002329       _getSystemCP               00403329 f   libc:mbctype.obj
 0001:00002373       _CPtoLCID                  00403373 f   libc:mbctype.obj
 0001:000023a6       _setSBCS                   004033a6 f   libc:mbctype.obj
 0001:000023cf       _setSBUpLow                004033cf f   libc:mbctype.obj
 0001:00001bc8       _flsall                    00402bc8 f   libc:fflush.obj
 0001:0000170c       _gu_return                 0040270c f   libc:exsup.obj
 0001:00001714       __unwind_handler           00402714 f   libc:exsup.obj
 0001:00001090       _parse_cmdline             00402090 f   libc:stdargv.obj
 0001:00000efb       _xcptlookup                00401efb f   libc:winxfltr.obj
 0001:00000d07       _doexit                    00401d07 f   libc:crt0dat.obj
 0001:00000da0       __initterm                 00401da0 f   libc:crt0dat.obj
 0001:00000b36       _write_char                00401b36 f   libc:output.obj
 0001:00000b6b       _write_multi_char          00401b6b f   libc:output.obj
 0001:00000b9c       _write_string              00401b9c f   libc:output.obj
 0001:00000bd4       _get_int_arg               00401bd4 f   libc:output.obj
 0001:00000be1       _get_int64_arg             00401be1 f   libc:output.obj
 0001:00000bf1       _get_short_arg             00401bf1 f   libc:output.obj
 0001:000002aa       _fast_error_exit           004012aa f   libc:crt0.obj
