 stack07m

 Timestamp is 584bc70d (Sat Dec 10 18:12:45 2016)

 Preferred load address is 00400000

 Start         Length     Name                   Class
 0001:00000000 0000352eH .text                   CODE
 0002:00000000 0000009cH .idata$5                DATA
 0002:000000a0 00000394H .rdata                  DATA
 0002:00000434 00000014H .idata$2                DATA
 0002:00000448 00000014H .idata$3                DATA
 0002:0000045c 0000009cH .idata$4                DATA
 0002:000004f8 000002a8H .idata$6                DATA
 0002:000007a0 00000000H .edata                  DATA
 0003:00000000 00000004H .CRT$XCA                DATA
 0003:00000004 00000004H .CRT$XCZ                DATA
 0003:00000008 00000004H .CRT$XIA                DATA
 0003:0000000c 00000004H .CRT$XIC                DATA
 0003:00000010 00000004H .CRT$XIZ                DATA
 0003:00000014 00000004H .CRT$XPA                DATA
 0003:00000018 00000004H .CRT$XPZ                DATA
 0003:0000001c 00000004H .CRT$XTA                DATA
 0003:00000020 00000004H .CRT$XTZ                DATA
 0003:00000030 00002490H .data                   DATA
 0003:000024c0 0000051cH .bss                    DATA

  Address         Publics by Value              Rva+Base     Lib:Object

 0001:00000000       _foo                       00401000 f   stack07.obj
 0001:00000021       _main                      00401021 f   stack07.obj
 0001:0000002d       _mainCRTStartup            0040102d f   LIBC:crt0.obj
 0001:0000010c       __amsg_exit                0040110c f   LIBC:crt0.obj
 0001:00000155       __cinit                    00401155 f   LIBC:crt0dat.obj
 0001:00000182       _exit                      00401182 f   LIBC:crt0dat.obj
 0001:00000193       __exit                     00401193 f   LIBC:crt0dat.obj
 0001:00000257       __XcptFilter               00401257 f   LIBC:winxfltr.obj
 0001:000003db       __setenvp                  004013db f   LIBC:stdenvp.obj
 0001:00000494       __setargv                  00401494 f   LIBC:stdargv.obj
 0001:000006e1       ___crtGetEnvironmentStringsA 004016e1 f   LIBC:a_env.obj
 0001:00000813       __ioinit                   00401813 f   LIBC:ioinit.obj
 0001:000009be       __GetLinkerVersion         004019be f   LIBC:heapinit.obj
 0001:000009eb       ___heap_select             004019eb f   LIBC:heapinit.obj
 0001:00000b33       __heap_init                00401b33 f   LIBC:heapinit.obj
 0001:00000b90       __global_unwind2           00401b90 f   LIBC:exsup.obj
 0001:00000bd2       __local_unwind2            00401bd2 f   LIBC:exsup.obj
 0001:00000c2a       __NLG_Return2              00401c2a f   LIBC:exsup.obj
 0001:00000c3a       __abnormal_termination     00401c3a f   LIBC:exsup.obj
 0001:00000c5d       __NLG_Notify1              00401c5d f   LIBC:exsup.obj
 0001:00000c66       __NLG_Notify               00401c66 f   LIBC:exsup.obj
 0001:00000c79       __NLG_Dispatch             00401c79 f   LIBC:exsup.obj
 0001:00000c88       __except_handler3          00401c88 f   LIBC:exsup3.obj
 0001:00000d45       __seh_longjmp_unwind@4     00401d45 f   LIBC:exsup3.obj
 0001:00000d60       __FF_MSGBANNER             00401d60 f   LIBC:crt0msg.obj
 0001:00000d99       __NMSG_WRITE               00401d99 f   LIBC:crt0msg.obj
 0001:00000eec       _free                      00401eec f   LIBC:free.obj
 0001:00000f60       _strcpy                    00401f60 f   LIBC:strcat.obj
 0001:00000f70       _strcat                    00401f70 f   LIBC:strcat.obj
 0001:00001050       _malloc                    00402050 f   LIBC:malloc.obj
 0001:00001062       __nh_malloc                00402062 f   LIBC:malloc.obj
 0001:0000108e       __heap_alloc               0040208e f   LIBC:malloc.obj
 0001:00001110       _strlen                    00402110 f   LIBC:strlen.obj
 0001:0000118b       __setmbcp                  0040218b f   LIBC:mbctype.obj
 0001:0000154f       ___initmbctable            0040254f f   LIBC:mbctype.obj
 0001:00001570       _memcpy                    00402570 f   LIBC:memcpy.obj
 0001:000018a5       _strtol                    004028a5 f   LIBC:strtol.obj
 0001:00001ae0       _strchr                    00402ae0 f   LIBC:strchr.obj
 0001:00001ae6       ___from_strstr_to_strchr   00402ae6 f   LIBC:strchr.obj
 0001:00001ba0       _strstr                    00402ba0 f   LIBC:strstr.obj
 0001:00001c20       _strncmp                   00402c20 f   LIBC:strncmp.obj
 0001:00001c60       __alloca_probe             00402c60 f   LIBC:chkstk.obj
 0001:00001c60       __chkstk                   00402c60 f   LIBC:chkstk.obj
 0001:00001c8f       ___sbh_heap_init           00402c8f f   LIBC:sbheap.obj
 0001:00001cd7       ___sbh_find_block          00402cd7 f   LIBC:sbheap.obj
 0001:00001d02       ___sbh_free_block          00402d02 f   LIBC:sbheap.obj
 0001:0000202b       ___sbh_alloc_block         0040302b f   LIBC:sbheap.obj
 0001:00002334       ___sbh_alloc_new_region    00403334 f   LIBC:sbheap.obj
 0001:000023e5       ___sbh_alloc_new_group     004033e5 f   LIBC:sbheap.obj
 0001:000024e0       ___old_sbh_new_region      004034e0 f   LIBC:sbheap.obj
 0001:00002624       ___old_sbh_release_region  00403624 f   LIBC:sbheap.obj
 0001:0000267a       ___old_sbh_decommit_pages  0040367a f   LIBC:sbheap.obj
 0001:0000273c       ___old_sbh_find_block      0040373c f   LIBC:sbheap.obj
 0001:00002793       ___old_sbh_free_block      00403793 f   LIBC:sbheap.obj
 0001:000027d8       ___old_sbh_alloc_block     004037d8 f   LIBC:sbheap.obj
 0001:000029e0       ___old_sbh_alloc_block_from_page 004039e0 f   LIBC:sbheap.obj
 0001:00002b04       ___crtMessageBoxA          00403b04 f   LIBC:crtmbox.obj
 0001:00002b90       _strncpy                   00403b90 f   LIBC:strncpy.obj
 0001:00002c8e       __callnewh                 00403c8e f   LIBC:handler.obj
 0001:00002ca9       ___crtLCMapStringA         00403ca9 f   LIBC:a_map.obj
 0001:00002ef8       ___crtGetStringTypeA       00403ef8 f   LIBC:a_str.obj
 0001:00003041       _toupper                   00404041 f   LIBC:toupper.obj
 0001:0000310d       __isctype                  0040410d f   LIBC:isctype.obj
 0001:00003190       _memmove                   00404190 f   LIBC:memmove.obj
 0001:000034d0       _memset                    004044d0 f   LIBC:memset.obj
 0001:00003528       _RtlUnwind@16              00404528 f   kernel32:KERNEL32.dll
 0002:00000000       __imp__GetCommandLineA@0   00405000     kernel32:KERNEL32.dll
 0002:00000004       __imp__GetVersion@0        00405004     kernel32:KERNEL32.dll
 0002:00000008       __imp__ExitProcess@4       00405008     kernel32:KERNEL32.dll
 0002:0000000c       __imp__TerminateProcess@8  0040500c     kernel32:KERNEL32.dll
 0002:00000010       __imp__GetCurrentProcess@0 00405010     kernel32:KERNEL32.dll
 0002:00000014       __imp__UnhandledExceptionFilter@4 00405014     kernel32:KERNEL32.dll
 0002:00000018       __imp__GetModuleFileNameA@12 00405018     kernel32:KERNEL32.dll
 0002:0000001c       __imp__FreeEnvironmentStringsA@4 0040501c     kernel32:KERNEL32.dll
 0002:00000020       __imp__FreeEnvironmentStringsW@4 00405020     kernel32:KERNEL32.dll
 0002:00000024       __imp__WideCharToMultiByte@32 00405024     kernel32:KERNEL32.dll
 0002:00000028       __imp__GetEnvironmentStrings@0 00405028     kernel32:KERNEL32.dll
 0002:0000002c       __imp__GetEnvironmentStringsW@0 0040502c     kernel32:KERNEL32.dll
 0002:00000030       __imp__SetHandleCount@4    00405030     kernel32:KERNEL32.dll
 0002:00000034       __imp__GetStdHandle@4      00405034     kernel32:KERNEL32.dll
 0002:00000038       __imp__GetFileType@4       00405038     kernel32:KERNEL32.dll
 0002:0000003c       __imp__GetStartupInfoA@4   0040503c     kernel32:KERNEL32.dll
 0002:00000040       __imp__GetModuleHandleA@4  00405040     kernel32:KERNEL32.dll
 0002:00000044       __imp__GetEnvironmentVariableA@12 00405044     kernel32:KERNEL32.dll
 0002:00000048       __imp__GetVersionExA@4     00405048     kernel32:KERNEL32.dll
 0002:0000004c       __imp__HeapDestroy@4       0040504c     kernel32:KERNEL32.dll
 0002:00000050       __imp__HeapCreate@12       00405050     kernel32:KERNEL32.dll
 0002:00000054       __imp__VirtualFree@12      00405054     kernel32:KERNEL32.dll
 0002:00000058       __imp__HeapFree@12         00405058     kernel32:KERNEL32.dll
 0002:0000005c       __imp__RtlUnwind@16        0040505c     kernel32:KERNEL32.dll
 0002:00000060       __imp__WriteFile@20        00405060     kernel32:KERNEL32.dll
 0002:00000064       __imp__HeapAlloc@12        00405064     kernel32:KERNEL32.dll
 0002:00000068       __imp__GetCPInfo@8         00405068     kernel32:KERNEL32.dll
 0002:0000006c       __imp__GetACP@0            0040506c     kernel32:KERNEL32.dll
 0002:00000070       __imp__GetOEMCP@0          00405070     kernel32:KERNEL32.dll
 0002:00000074       __imp__VirtualAlloc@16     00405074     kernel32:KERNEL32.dll
 0002:00000078       __imp__HeapReAlloc@16      00405078     kernel32:KERNEL32.dll
 0002:0000007c       __imp__GetProcAddress@8    0040507c     kernel32:KERNEL32.dll
 0002:00000080       __imp__LoadLibraryA@4      00405080     kernel32:KERNEL32.dll
 0002:00000084       __imp__MultiByteToWideChar@24 00405084     kernel32:KERNEL32.dll
 0002:00000088       __imp__LCMapStringA@24     00405088     kernel32:KERNEL32.dll
 0002:0000008c       __imp__LCMapStringW@24     0040508c     kernel32:KERNEL32.dll
 0002:00000090       __imp__GetStringTypeA@20   00405090     kernel32:KERNEL32.dll
 0002:00000094       __imp__GetStringTypeW@16   00405094     kernel32:KERNEL32.dll
 0002:00000098       \177KERNEL32_NULL_THUNK_DATA 00405098     kernel32:KERNEL32.dll
 0002:000000ac       ??_C@_0BH@PHHF@__GLOBAL_HEAP_SELECTED?$AA@ 004050ac     LIBC:heapinit.obj
 0002:000000c4       ??_C@_0BF@BBGL@__MSVCRT_HEAP_SELECT?$AA@ 004050c4     LIBC:heapinit.obj
 0002:000000dc       ??_C@_0P@GGKG@runtime?5error?5?$AA@ 004050dc     LIBC:crt0msg.obj
 0002:000000ec       ??_C@_02PIMC@?$AN?6?$AA@   004050ec     LIBC:crt0msg.obj
 0002:000000f0       ??_C@_0O@DELO@TLOSS?5error?$AN?6?$AA@ 004050f0     LIBC:crt0msg.obj
 0002:00000100       ??_C@_0N@OMLL@SING?5error?$AN?6?$AA@ 00405100     LIBC:crt0msg.obj
 0002:00000110       ??_C@_0P@OJAK@DOMAIN?5error?$AN?6?$AA@ 00405110     LIBC:crt0msg.obj
 0002:00000120       ??_C@_0CF@EANP@R6028?$AN?6?9?5unable?5to?5initialize?5he@ 00405120     LIBC:crt0msg.obj
 0002:00000148       ??_C@_0DF@ECGN@R6027?$AN?6?9?5not?5enough?5space?5for?5lo@ 00405148     LIBC:crt0msg.obj
 0002:00000180       ??_C@_0DF@FKAC@R6026?$AN?6?9?5not?5enough?5space?5for?5st@ 00405180     LIBC:crt0msg.obj
 0002:000001b8       ??_C@_0CG@DPMN@R6025?$AN?6?9?5pure?5virtual?5function?5c@ 004051b8     LIBC:crt0msg.obj
 0002:000001e0       ??_C@_0DF@CKIP@R6024?$AN?6?9?5not?5enough?5space?5for?5_o@ 004051e0     LIBC:crt0msg.obj
 0002:00000218       ??_C@_0CJ@GGOE@R6019?$AN?6?9?5unable?5to?5open?5console?5@ 00405218     LIBC:crt0msg.obj
 0002:00000244       ??_C@_0CB@LBOB@R6018?$AN?6?9?5unexpected?5heap?5error?$AN?6@ 00405244     LIBC:crt0msg.obj
 0002:00000268       ??_C@_0CN@FPEG@R6017?$AN?6?9?5unexpected?5multithread?5@ 00405268     LIBC:crt0msg.obj
 0002:00000298       ??_C@_0CM@OBIC@R6016?$AN?6?9?5not?5enough?5space?5for?5th@ 00405298     LIBC:crt0msg.obj
 0002:000002c4       ??_C@_0CB@HPAL@?$AN?6abnormal?5program?5termination?$AN?6@ 004052c4     LIBC:crt0msg.obj
 0002:000002e8       ??_C@_0CM@JOOB@R6009?$AN?6?9?5not?5enough?5space?5for?5en@ 004052e8     LIBC:crt0msg.obj
 0002:00000314       ??_C@_0CK@OIBL@R6008?$AN?6?9?5not?5enough?5space?5for?5ar@ 00405314     LIBC:crt0msg.obj
 0002:00000340       ??_C@_0CF@LKPB@R6002?$AN?6?9?5floating?5point?5not?5load@ 00405340     LIBC:crt0msg.obj
 0002:00000368       ??_C@_0CF@JPDF@Microsoft?5Visual?5C?$CL?$CL?5Runtime?5Lib@ 00405368     LIBC:crt0msg.obj
 0002:00000390       ??_C@_02JJJH@?6?6?$AA@     00405390     LIBC:crt0msg.obj
 0002:00000394       ??_C@_0BK@DEOK@Runtime?5Error?$CB?6?6Program?3?5?$AA@ 00405394     LIBC:crt0msg.obj
 0002:000003b0       ??_C@_03NAME@?4?4?4?$AA@   004053b0     LIBC:crt0msg.obj
 0002:000003b4       ??_C@_0BH@NNCD@?$DMprogram?5name?5unknown?$DO?$AA@ 004053b4     LIBC:crt0msg.obj
 0002:000003cc       ??_C@_0BD@NJFP@GetLastActivePopup?$AA@ 004053cc     LIBC:crtmbox.obj
 0002:000003e0       ??_C@_0BA@GILI@GetActiveWindow?$AA@ 004053e0     LIBC:crtmbox.obj
 0002:000003f0       ??_C@_0M@PKCK@MessageBoxA?$AA@ 004053f0     LIBC:crtmbox.obj
 0002:000003fc       ??_C@_0L@HKL@user32?4dll?$AA@ 004053fc     LIBC:crtmbox.obj
 0002:00000408       ??_C@_01A@?$AA?$AA@        00405408     LIBC:a_map.obj
 0002:0000040c       ??_C@_13A@?$AA?$AA?$AA?$AA@ 0040540c     LIBC:a_map.obj
 0002:00000434       __IMPORT_DESCRIPTOR_KERNEL32 00405434     kernel32:KERNEL32.dll
 0002:00000448       __NULL_IMPORT_DESCRIPTOR   00405448     kernel32:KERNEL32.dll
 0003:00000000       ___xc_a                    00406000     LIBC:crt0init.obj
 0003:00000004       ___xc_z                    00406004     LIBC:crt0init.obj
 0003:00000008       ___xi_a                    00406008     LIBC:crt0init.obj
 0003:00000010       ___xi_z                    00406010     LIBC:crt0init.obj
 0003:00000014       ___xp_a                    00406014     LIBC:crt0init.obj
 0003:00000018       ___xp_z                    00406018     LIBC:crt0init.obj
 0003:0000001c       ___xt_a                    0040601c     LIBC:crt0init.obj
 0003:00000020       ___xt_z                    00406020     LIBC:crt0init.obj
 0003:00000030       __aexit_rtn                00406030     LIBC:crt0.obj
 0003:00000034       ___app_type                00406034     LIBC:crt0.obj
 0003:00000038       __XcptActTab               00406038     LIBC:winxfltr.obj
 0003:000000b0       __First_FPE_Indx           004060b0     LIBC:winxfltr.obj
 0003:000000b4       __Num_FPE                  004060b4     LIBC:winxfltr.obj
 0003:000000b8       __XcptActTabCount          004060b8     LIBC:winxfltr.obj
 0003:000000bc       __fpecode                  004060bc     LIBC:winxfltr.obj
 0003:000000c0       ___badioinfo               004060c0     LIBC:ioinit.obj
 0003:000000c8       __amblksiz                 004060c8     LIBC:heapinit.obj
 0003:000000cc       __NLG_Destination          004060cc     LIBC:exsup.obj
 0003:00000270       ___old_small_block_heap    00406270     LIBC:sbheap.obj
 0003:00002294       ___old_sbh_threshold       00408294     LIBC:sbheap.obj
 0003:000022a0       __pctype                   004082a0     LIBC:ctype.obj
 0003:000022a4       __pwctype                  004082a4     LIBC:ctype.obj
 0003:000022a8       __ctype                    004082a8     LIBC:ctype.obj
 0003:000024ac       ___mb_cur_max              004084ac     LIBC:nlsdata1.obj
 0003:000024b0       ___decimal_point           004084b0     LIBC:nlsdata1.obj
 0003:000024b4       ___decimal_point_length    004084b4     LIBC:nlsdata1.obj
 0003:000024c0       __aenvptr                  004084c0     LIBC:crt0.obj
 0003:000024c4       __wenvptr                  004084c4     LIBC:crt0.obj
 0003:000024c8       ___error_mode              004084c8     LIBC:crt0.obj
 0003:000024cc       _errno                     004084cc     LIBC:crt0dat.obj
 0003:000024d0       __doserrno                 004084d0     LIBC:crt0dat.obj
 0003:000024d4       __umaskval                 004084d4     LIBC:crt0dat.obj
 0003:000024d8       __osver                    004084d8     LIBC:crt0dat.obj
 0003:000024dc       __winver                   004084dc     LIBC:crt0dat.obj
 0003:000024e0       __winmajor                 004084e0     LIBC:crt0dat.obj
 0003:000024e4       __winminor                 004084e4     LIBC:crt0dat.obj
 0003:000024e8       ___argc                    004084e8     LIBC:crt0dat.obj
 0003:000024ec       ___argv                    004084ec     LIBC:crt0dat.obj
 0003:000024f0       ___wargv                   004084f0     LIBC:crt0dat.obj
 0003:000024f4       __environ                  004084f4     LIBC:crt0dat.obj
 0003:000024f8       ___initenv                 004084f8     LIBC:crt0dat.obj
 0003:000024fc       __wenviron                 004084fc     LIBC:crt0dat.obj
 0003:00002500       ___winitenv                00408500     LIBC:crt0dat.obj
 0003:00002504       __pgmptr                   00408504     LIBC:crt0dat.obj
 0003:00002508       __wpgmptr                  00408508     LIBC:crt0dat.obj
 0003:0000250c       __exitflag                 0040850c     LIBC:crt0dat.obj
 0003:00002510       __C_Termination_Done       00408510     LIBC:crt0dat.obj
 0003:00002514       __C_Exit_Done              00408514     LIBC:crt0dat.obj
 0003:00002518       __pxcptinfoptrs            00408518     LIBC:winxfltr.obj
 0003:00002624       __adbgmsg                  00408624     LIBC:crt0msg.obj
 0003:0000263c       __newmode                  0040863c     LIBC:_newmode.obj
 0003:00002640       ?_pnhHeap@@3P6AHI@ZA       00408640     LIBC:handler.obj
 0003:00002644       ___lc_handle               00408644     LIBC:nlsdata2.obj
 0003:0000265c       ___lc_codepage             0040865c     LIBC:nlsdata2.obj
 0003:00002660       ___lc_collate_cp           00408660     LIBC:nlsdata2.obj
 0003:0000266c       ___sbh_sizeHeaderList      0040866c     <common>
 0003:00002670       ___sbh_indGroupDefer       00408670     <common>
 0003:00002674       ___sbh_pHeaderScan         00408674     <common>
 0003:00002678       ___sbh_pHeaderDefer        00408678     <common>
 0003:0000267c       ___sbh_cntHeaderList       0040867c     <common>
 0003:00002680       ___sbh_pHeaderList         00408680     <common>
 0003:00002684       ___sbh_threshold           00408684     <common>
 0003:00002688       ___mbcodepage              00408688     <common>
 0003:00002690       ___mbulinfo                00408690     <common>
 0003:0000269c       ___ismbcodepage            0040869c     <common>
 0003:000026a0       __mbcasemap                004086a0     <common>
 0003:000027a0       __mbctype                  004087a0     <common>
 0003:000028a4       ___mblcid                  004088a4     <common>
 0003:000028a8       __crtheap                  004088a8     <common>
 0003:000028ac       ___active_heap             004088ac     <common>
 0003:000028c0       ___pioinfo                 004088c0     <common>
 0003:000029c0       __nhandle                  004089c0     <common>
 0003:000029c4       ___env_initialized         004089c4     <common>
 0003:000029c8       ___mbctype_initialized     004089c8     <common>
 0003:000029cc       ___onexitend               004089cc     <common>
 0003:000029d0       ___onexitbegin             004089d0     <common>
 0003:000029d4       __FPinit                   004089d4     <common>
 0003:000029d8       __acmdln                   004089d8     <common>

 entry point at        0001:0000002d

 Static symbols

 0001:00003200       LeadUp1                    00404200 f   LIBC:memmove.obj
 0001:0000322c       LeadUp2                    0040422c f   LIBC:memmove.obj
 0001:00003250       LeadUp3                    00404250 f   LIBC:memmove.obj
 0001:000032cf       UnwindUp0                  004042cf f   LIBC:memmove.obj
 0001:000032bc       UnwindUp1                  004042bc f   LIBC:memmove.obj
 0001:000032b4       UnwindUp2                  004042b4 f   LIBC:memmove.obj
 0001:000032ac       UnwindUp3                  004042ac f   LIBC:memmove.obj
 0001:000032a4       UnwindUp4                  004042a4 f   LIBC:memmove.obj
 0001:0000329c       UnwindUp5                  0040429c f   LIBC:memmove.obj
 0001:00003294       UnwindUp6                  00404294 f   LIBC:memmove.obj
 0001:0000328c       UnwindUp7                  0040428c f   LIBC:memmove.obj
 0001:000032e8       TrailUp0                   004042e8 f   LIBC:memmove.obj
 0001:000032f0       TrailUp1                   004042f0 f   LIBC:memmove.obj
 0001:000032fc       TrailUp2                   004042fc f   LIBC:memmove.obj
 0001:00003310       TrailUp3                   00404310 f   LIBC:memmove.obj
 0001:00003388       LeadDown1                  00404388 f   LIBC:memmove.obj
 0001:000033a8       LeadDown2                  004043a8 f   LIBC:memmove.obj
 0001:000033d0       LeadDown3                  004043d0 f   LIBC:memmove.obj
 0001:00003424       UnwindDown7                00404424 f   LIBC:memmove.obj
 0001:0000342c       UnwindDown6                0040442c f   LIBC:memmove.obj
 0001:00003434       UnwindDown5                00404434 f   LIBC:memmove.obj
 0001:0000343c       UnwindDown4                0040443c f   LIBC:memmove.obj
 0001:00003444       UnwindDown3                00404444 f   LIBC:memmove.obj
 0001:0000344c       UnwindDown2                0040444c f   LIBC:memmove.obj
 0001:00003454       UnwindDown1                00404454 f   LIBC:memmove.obj
 0001:00003467       UnwindDown0                00404467 f   LIBC:memmove.obj
 0001:00003480       TrailDown0                 00404480 f   LIBC:memmove.obj
 0001:00003488       TrailDown1                 00404488 f   LIBC:memmove.obj
 0001:00003498       TrailDown2                 00404498 f   LIBC:memmove.obj
 0001:000034ac       TrailDown3                 004044ac f   LIBC:memmove.obj
 0001:00002ecd       _strncnt                   00403ecd f   LIBC:a_map.obj
 0001:000018bc       _strtoxl                   004028bc f   LIBC:strtol.obj
 0001:000015e0       LeadUp1                    004025e0 f   LIBC:memcpy.obj
 0001:0000160c       LeadUp2                    0040260c f   LIBC:memcpy.obj
 0001:00001630       LeadUp3                    00402630 f   LIBC:memcpy.obj
 0001:000016af       UnwindUp0                  004026af f   LIBC:memcpy.obj
 0001:0000169c       UnwindUp1                  0040269c f   LIBC:memcpy.obj
 0001:00001694       UnwindUp2                  00402694 f   LIBC:memcpy.obj
 0001:0000168c       UnwindUp3                  0040268c f   LIBC:memcpy.obj
 0001:00001684       UnwindUp4                  00402684 f   LIBC:memcpy.obj
 0001:0000167c       UnwindUp5                  0040267c f   LIBC:memcpy.obj
 0001:00001674       UnwindUp6                  00402674 f   LIBC:memcpy.obj
 0001:0000166c       UnwindUp7                  0040266c f   LIBC:memcpy.obj
 0001:000016c8       TrailUp0                   004026c8 f   LIBC:memcpy.obj
 0001:000016d0       TrailUp1                   004026d0 f   LIBC:memcpy.obj
 0001:000016dc       TrailUp2                   004026dc f   LIBC:memcpy.obj
 0001:000016f0       TrailUp3                   004026f0 f   LIBC:memcpy.obj
 0001:00001768       LeadDown1                  00402768 f   LIBC:memcpy.obj
 0001:00001788       LeadDown2                  00402788 f   LIBC:memcpy.obj
 0001:000017b0       LeadDown3                  004027b0 f   LIBC:memcpy.obj
 0001:00001804       UnwindDown7                00402804 f   LIBC:memcpy.obj
 0001:0000180c       UnwindDown6                0040280c f   LIBC:memcpy.obj
 0001:00001814       UnwindDown5                00402814 f   LIBC:memcpy.obj
 0001:0000181c       UnwindDown4                0040281c f   LIBC:memcpy.obj
 0001:00001824       UnwindDown3                00402824 f   LIBC:memcpy.obj
 0001:0000182c       UnwindDown2                0040282c f   LIBC:memcpy.obj
 0001:00001834       UnwindDown1                00402834 f   LIBC:memcpy.obj
 0001:00001847       UnwindDown0                00402847 f   LIBC:memcpy.obj
 0001:00001860       TrailDown0                 00402860 f   LIBC:memcpy.obj
 0001:00001868       TrailDown1                 00402868 f   LIBC:memcpy.obj
 0001:00001878       TrailDown2                 00402878 f   LIBC:memcpy.obj
 0001:0000188c       TrailDown3                 0040288c f   LIBC:memcpy.obj
 0001:00001324       _getSystemCP               00402324 f   LIBC:mbctype.obj
 0001:0000136e       _CPtoLCID                  0040236e f   LIBC:mbctype.obj
 0001:000013a1       _setSBCS                   004023a1 f   LIBC:mbctype.obj
 0001:000013ca       _setSBUpLow                004023ca f   LIBC:mbctype.obj
 0001:00000ba8       _gu_return                 00401ba8 f   LIBC:exsup.obj
 0001:00000bb0       __unwind_handler           00401bb0 f   LIBC:exsup.obj
 0001:0000052d       _parse_cmdline             0040152d f   LIBC:stdargv.obj
 0001:00000398       _xcptlookup                00401398 f   LIBC:winxfltr.obj
 0001:000001a4       _doexit                    004011a4 f   LIBC:crt0dat.obj
 0001:0000023d       __initterm                 0040123d f   LIBC:crt0dat.obj
 0001:00000131       _fast_error_exit           00401131 f   LIBC:crt0.obj
