 stack11m

 Timestamp is 584beb24 (Sat Dec 10 20:46:44 2016)

 Preferred load address is 00400000

 Start         Length     Name                   Class
 0001:00000000 000049b8H .text                   CODE
 0002:00000000 000000b0H .idata$5                DATA
 0002:000000b0 0000040cH .rdata                  DATA
 0002:000004bc 00000014H .idata$2                DATA
 0002:000004d0 00000014H .idata$3                DATA
 0002:000004e4 000000b0H .idata$4                DATA
 0002:00000594 000002fcH .idata$6                DATA
 0002:00000890 00000000H .edata                  DATA
 0003:00000000 00000004H .CRT$XCA                DATA
 0003:00000004 00000004H .CRT$XCZ                DATA
 0003:00000008 00000004H .CRT$XIA                DATA
 0003:0000000c 00000008H .CRT$XIC                DATA
 0003:00000014 00000004H .CRT$XIZ                DATA
 0003:00000018 00000004H .CRT$XPA                DATA
 0003:0000001c 00000004H .CRT$XPX                DATA
 0003:00000020 00000004H .CRT$XPZ                DATA
 0003:00000024 00000004H .CRT$XTA                DATA
 0003:00000028 00000004H .CRT$XTZ                DATA
 0003:00000030 00002998H .data                   DATA
 0003:000029c8 00001540H .bss                    DATA

  Address         Publics by Value              Rva+Base     Lib:Object

 0001:00000000       _foo                       00401000 f   stack11.obj
 0001:00000045       _bar                       00401045 f   stack11.obj
 0001:00000057       _main                      00401057 f   stack11.obj
 0001:000000c0       _strcpy                    004010c0 f   LIBC:strcat.obj
 0001:000000d0       _strcat                    004010d0 f   LIBC:strcat.obj
 0001:000001b0       _printf                    004011b0 f   LIBC:printf.obj
 0001:000001e1       _mainCRTStartup            004011e1 f   LIBC:crt0.obj
 0001:000002c0       __amsg_exit                004012c0 f   LIBC:crt0.obj
 0001:00000309       __stbuf                    00401309 f   LIBC:_sftbuf.obj
 0001:00000396       __ftbuf                    00401396 f   LIBC:_sftbuf.obj
 0001:000003d3       __output                   004013d3 f   LIBC:output.obj
 0001:00000c3a       ___initstdio               00401c3a f   LIBC:_file.obj
 0001:00000cdf       ___endstdio                00401cdf f   LIBC:_file.obj
 0001:00000cf3       __cinit                    00401cf3 f   LIBC:crt0dat.obj
 0001:00000d20       _exit                      00401d20 f   LIBC:crt0dat.obj
 0001:00000d31       __exit                     00401d31 f   LIBC:crt0dat.obj
 0001:00000df5       __XcptFilter               00401df5 f   LIBC:winxfltr.obj
 0001:00000f79       __setenvp                  00401f79 f   LIBC:stdenvp.obj
 0001:00001032       __setargv                  00402032 f   LIBC:stdargv.obj
 0001:0000127f       ___crtGetEnvironmentStringsA 0040227f f   LIBC:a_env.obj
 0001:000013b1       __ioinit                   004023b1 f   LIBC:ioinit.obj
 0001:0000155c       __GetLinkerVersion         0040255c f   LIBC:heapinit.obj
 0001:00001589       ___heap_select             00402589 f   LIBC:heapinit.obj
 0001:000016d1       __heap_init                004026d1 f   LIBC:heapinit.obj
 0001:00001730       __global_unwind2           00402730 f   LIBC:exsup.obj
 0001:00001772       __local_unwind2            00402772 f   LIBC:exsup.obj
 0001:000017ca       __NLG_Return2              004027ca f   LIBC:exsup.obj
 0001:000017da       __abnormal_termination     004027da f   LIBC:exsup.obj
 0001:000017fd       __NLG_Notify1              004027fd f   LIBC:exsup.obj
 0001:00001806       __NLG_Notify               00402806 f   LIBC:exsup.obj
 0001:00001819       __NLG_Dispatch             00402819 f   LIBC:exsup.obj
 0001:00001828       __except_handler3          00402828 f   LIBC:exsup3.obj
 0001:000018e5       __seh_longjmp_unwind@4     004028e5 f   LIBC:exsup3.obj
 0001:00001900       __FF_MSGBANNER             00402900 f   LIBC:crt0msg.obj
 0001:00001939       __NMSG_WRITE               00402939 f   LIBC:crt0msg.obj
 0001:00001a8c       _malloc                    00402a8c f   LIBC:malloc.obj
 0001:00001a9e       __nh_malloc                00402a9e f   LIBC:malloc.obj
 0001:00001aca       __heap_alloc               00402aca f   LIBC:malloc.obj
 0001:00001b3e       __isatty                   00402b3e f   LIBC:isatty.obj
 0001:00001b64       _fflush                    00402b64 f   LIBC:fflush.obj
 0001:00001b9f       __flush                    00402b9f f   LIBC:fflush.obj
 0001:00001bfb       __flushall                 00402bfb f   LIBC:fflush.obj
 0001:00001c71       _free                      00402c71 f   LIBC:free.obj
 0001:00001ce0       _strlen                    00402ce0 f   LIBC:strlen.obj
 0001:00001d5b       _wctomb                    00402d5b f   LIBC:wctomb.obj
 0001:00001dd0       __aulldiv                  00402dd0 f   LIBC:ulldiv.obj
 0001:00001e40       __aullrem                  00402e40 f   LIBC:ullrem.obj
 0001:00001eb5       __flsbuf                   00402eb5 f   LIBC:_flsbuf.obj
 0001:00001fca       _calloc                    00402fca f   LIBC:calloc.obj
 0001:0000207b       __fcloseall                0040307b f   LIBC:closeall.obj
 0001:000020d3       __setmbcp                  004030d3 f   LIBC:mbctype.obj
 0001:00002497       ___initmbctable            00403497 f   LIBC:mbctype.obj
 0001:000024c0       _memcpy                    004034c0 f   LIBC:memcpy.obj
 0001:000027f5       _strtol                    004037f5 f   LIBC:strtol.obj
 0001:00002a30       _strchr                    00403a30 f   LIBC:strchr.obj
 0001:00002a36       ___from_strstr_to_strchr   00403a36 f   LIBC:strchr.obj
 0001:00002af0       _strstr                    00403af0 f   LIBC:strstr.obj
 0001:00002b70       _strncmp                   00403b70 f   LIBC:strncmp.obj
 0001:00002bb0       __chkstk                   00403bb0 f   LIBC:chkstk.obj
 0001:00002bb0       __alloca_probe             00403bb0 f   LIBC:chkstk.obj
 0001:00002bdf       ___sbh_heap_init           00403bdf f   LIBC:sbheap.obj
 0001:00002c27       ___sbh_find_block          00403c27 f   LIBC:sbheap.obj
 0001:00002c52       ___sbh_free_block          00403c52 f   LIBC:sbheap.obj
 0001:00002f7b       ___sbh_alloc_block         00403f7b f   LIBC:sbheap.obj
 0001:00003284       ___sbh_alloc_new_region    00404284 f   LIBC:sbheap.obj
 0001:00003335       ___sbh_alloc_new_group     00404335 f   LIBC:sbheap.obj
 0001:00003430       ___old_sbh_new_region      00404430 f   LIBC:sbheap.obj
 0001:00003574       ___old_sbh_release_region  00404574 f   LIBC:sbheap.obj
 0001:000035ca       ___old_sbh_decommit_pages  004045ca f   LIBC:sbheap.obj
 0001:0000368c       ___old_sbh_find_block      0040468c f   LIBC:sbheap.obj
 0001:000036e3       ___old_sbh_free_block      004046e3 f   LIBC:sbheap.obj
 0001:00003728       ___old_sbh_alloc_block     00404728 f   LIBC:sbheap.obj
 0001:00003930       ___old_sbh_alloc_block_from_page 00404930 f   LIBC:sbheap.obj
 0001:00003a54       ___crtMessageBoxA          00404a54 f   LIBC:crtmbox.obj
 0001:00003ae0       _strncpy                   00404ae0 f   LIBC:strncpy.obj
 0001:00003bde       __callnewh                 00404bde f   LIBC:handler.obj
 0001:00003bf9       __commit                   00404bf9 f   LIBC:commit.obj
 0001:00003c50       __write                    00404c50 f   LIBC:write.obj
 0001:00003dfd       __fptrap                   00404dfd f   LIBC:crt0fp.obj
 0001:00003e06       __lseek                    00404e06 f   LIBC:lseek.obj
 0001:00003ea0       __getbuf                   00404ea0 f   LIBC:_getbuf.obj
 0001:00003ef0       _memset                    00404ef0 f   LIBC:memset.obj
 0001:00003f48       _fclose                    00404f48 f   LIBC:fclose.obj
 0001:00003f9e       ___crtLCMapStringA         00404f9e f   LIBC:a_map.obj
 0001:000041ed       ___crtGetStringTypeA       004051ed f   LIBC:a_str.obj
 0001:00004336       _toupper                   00405336 f   LIBC:toupper.obj
 0001:00004402       __isctype                  00405402 f   LIBC:isctype.obj
 0001:00004480       _memmove                   00405480 f   LIBC:memmove.obj
 0001:000047b5       __free_osfhnd              004057b5 f   LIBC:osfinfo.obj
 0001:0000482f       __get_osfhandle            0040582f f   LIBC:osfinfo.obj
 0001:0000486c       __dosmaperr                0040586c f   LIBC:dosmap.obj
 0001:000048d3       __close                    004058d3 f   LIBC:close.obj
 0001:00004986       __freebuf                  00405986 f   LIBC:_freebuf.obj
 0001:000049b2       _RtlUnwind@16              004059b2 f   kernel32:KERNEL32.dll
 0002:00000000       __imp__GetCommandLineA@0   00406000     kernel32:KERNEL32.dll
 0002:00000004       __imp__GetVersion@0        00406004     kernel32:KERNEL32.dll
 0002:00000008       __imp__ExitProcess@4       00406008     kernel32:KERNEL32.dll
 0002:0000000c       __imp__TerminateProcess@8  0040600c     kernel32:KERNEL32.dll
 0002:00000010       __imp__GetCurrentProcess@0 00406010     kernel32:KERNEL32.dll
 0002:00000014       __imp__UnhandledExceptionFilter@4 00406014     kernel32:KERNEL32.dll
 0002:00000018       __imp__GetModuleFileNameA@12 00406018     kernel32:KERNEL32.dll
 0002:0000001c       __imp__FreeEnvironmentStringsA@4 0040601c     kernel32:KERNEL32.dll
 0002:00000020       __imp__FreeEnvironmentStringsW@4 00406020     kernel32:KERNEL32.dll
 0002:00000024       __imp__WideCharToMultiByte@32 00406024     kernel32:KERNEL32.dll
 0002:00000028       __imp__GetEnvironmentStrings@0 00406028     kernel32:KERNEL32.dll
 0002:0000002c       __imp__GetEnvironmentStringsW@0 0040602c     kernel32:KERNEL32.dll
 0002:00000030       __imp__SetHandleCount@4    00406030     kernel32:KERNEL32.dll
 0002:00000034       __imp__GetStdHandle@4      00406034     kernel32:KERNEL32.dll
 0002:00000038       __imp__GetFileType@4       00406038     kernel32:KERNEL32.dll
 0002:0000003c       __imp__GetStartupInfoA@4   0040603c     kernel32:KERNEL32.dll
 0002:00000040       __imp__GetModuleHandleA@4  00406040     kernel32:KERNEL32.dll
 0002:00000044       __imp__GetEnvironmentVariableA@12 00406044     kernel32:KERNEL32.dll
 0002:00000048       __imp__GetVersionExA@4     00406048     kernel32:KERNEL32.dll
 0002:0000004c       __imp__HeapDestroy@4       0040604c     kernel32:KERNEL32.dll
 0002:00000050       __imp__HeapCreate@12       00406050     kernel32:KERNEL32.dll
 0002:00000054       __imp__VirtualFree@12      00406054     kernel32:KERNEL32.dll
 0002:00000058       __imp__HeapFree@12         00406058     kernel32:KERNEL32.dll
 0002:0000005c       __imp__RtlUnwind@16        0040605c     kernel32:KERNEL32.dll
 0002:00000060       __imp__WriteFile@20        00406060     kernel32:KERNEL32.dll
 0002:00000064       __imp__HeapAlloc@12        00406064     kernel32:KERNEL32.dll
 0002:00000068       __imp__GetCPInfo@8         00406068     kernel32:KERNEL32.dll
 0002:0000006c       __imp__GetACP@0            0040606c     kernel32:KERNEL32.dll
 0002:00000070       __imp__GetOEMCP@0          00406070     kernel32:KERNEL32.dll
 0002:00000074       __imp__VirtualAlloc@16     00406074     kernel32:KERNEL32.dll
 0002:00000078       __imp__HeapReAlloc@16      00406078     kernel32:KERNEL32.dll
 0002:0000007c       __imp__GetProcAddress@8    0040607c     kernel32:KERNEL32.dll
 0002:00000080       __imp__LoadLibraryA@4      00406080     kernel32:KERNEL32.dll
 0002:00000084       __imp__GetLastError@0      00406084     kernel32:KERNEL32.dll
 0002:00000088       __imp__FlushFileBuffers@4  00406088     kernel32:KERNEL32.dll
 0002:0000008c       __imp__SetFilePointer@16   0040608c     kernel32:KERNEL32.dll
 0002:00000090       __imp__MultiByteToWideChar@24 00406090     kernel32:KERNEL32.dll
 0002:00000094       __imp__LCMapStringA@24     00406094     kernel32:KERNEL32.dll
 0002:00000098       __imp__LCMapStringW@24     00406098     kernel32:KERNEL32.dll
 0002:0000009c       __imp__GetStringTypeA@20   0040609c     kernel32:KERNEL32.dll
 0002:000000a0       __imp__GetStringTypeW@16   004060a0     kernel32:KERNEL32.dll
 0002:000000a4       __imp__SetStdHandle@8      004060a4     kernel32:KERNEL32.dll
 0002:000000a8       __imp__CloseHandle@4       004060a8     kernel32:KERNEL32.dll
 0002:000000ac       \177KERNEL32_NULL_THUNK_DATA 004060ac     kernel32:KERNEL32.dll
 0002:000000bc       ___lookuptable             004060bc     LIBC:output.obj
 0002:00000118       ??_C@_1O@POHA@?$AA?$CI?$AAn?$AAu?$AAl?$AAl?$AA?$CJ?$AA?$AA@ 00406118     LIBC:output.obj
 0002:00000128       ??_C@_06ONKE@?$CInull?$CJ?$AA@ 00406128     LIBC:output.obj
 0002:00000130       ??_C@_0BH@PHHF@__GLOBAL_HEAP_SELECTED?$AA@ 00406130     LIBC:heapinit.obj
 0002:00000148       ??_C@_0BF@BBGL@__MSVCRT_HEAP_SELECT?$AA@ 00406148     LIBC:heapinit.obj
 0002:00000160       ??_C@_0P@GGKG@runtime?5error?5?$AA@ 00406160     LIBC:crt0msg.obj
 0002:00000170       ??_C@_02PIMC@?$AN?6?$AA@   00406170     LIBC:crt0msg.obj
 0002:00000174       ??_C@_0O@DELO@TLOSS?5error?$AN?6?$AA@ 00406174     LIBC:crt0msg.obj
 0002:00000184       ??_C@_0N@OMLL@SING?5error?$AN?6?$AA@ 00406184     LIBC:crt0msg.obj
 0002:00000194       ??_C@_0P@OJAK@DOMAIN?5error?$AN?6?$AA@ 00406194     LIBC:crt0msg.obj
 0002:000001a4       ??_C@_0CF@EANP@R6028?$AN?6?9?5unable?5to?5initialize?5he@ 004061a4     LIBC:crt0msg.obj
 0002:000001cc       ??_C@_0DF@ECGN@R6027?$AN?6?9?5not?5enough?5space?5for?5lo@ 004061cc     LIBC:crt0msg.obj
 0002:00000204       ??_C@_0DF@FKAC@R6026?$AN?6?9?5not?5enough?5space?5for?5st@ 00406204     LIBC:crt0msg.obj
 0002:0000023c       ??_C@_0CG@DPMN@R6025?$AN?6?9?5pure?5virtual?5function?5c@ 0040623c     LIBC:crt0msg.obj
 0002:00000264       ??_C@_0DF@CKIP@R6024?$AN?6?9?5not?5enough?5space?5for?5_o@ 00406264     LIBC:crt0msg.obj
 0002:0000029c       ??_C@_0CJ@GGOE@R6019?$AN?6?9?5unable?5to?5open?5console?5@ 0040629c     LIBC:crt0msg.obj
 0002:000002c8       ??_C@_0CB@LBOB@R6018?$AN?6?9?5unexpected?5heap?5error?$AN?6@ 004062c8     LIBC:crt0msg.obj
 0002:000002ec       ??_C@_0CN@FPEG@R6017?$AN?6?9?5unexpected?5multithread?5@ 004062ec     LIBC:crt0msg.obj
 0002:0000031c       ??_C@_0CM@OBIC@R6016?$AN?6?9?5not?5enough?5space?5for?5th@ 0040631c     LIBC:crt0msg.obj
 0002:00000348       ??_C@_0CB@HPAL@?$AN?6abnormal?5program?5termination?$AN?6@ 00406348     LIBC:crt0msg.obj
 0002:0000036c       ??_C@_0CM@JOOB@R6009?$AN?6?9?5not?5enough?5space?5for?5en@ 0040636c     LIBC:crt0msg.obj
 0002:00000398       ??_C@_0CK@OIBL@R6008?$AN?6?9?5not?5enough?5space?5for?5ar@ 00406398     LIBC:crt0msg.obj
 0002:000003c4       ??_C@_0CF@LKPB@R6002?$AN?6?9?5floating?5point?5not?5load@ 004063c4     LIBC:crt0msg.obj
 0002:000003ec       ??_C@_0CF@JPDF@Microsoft?5Visual?5C?$CL?$CL?5Runtime?5Lib@ 004063ec     LIBC:crt0msg.obj
 0002:00000414       ??_C@_02JJJH@?6?6?$AA@     00406414     LIBC:crt0msg.obj
 0002:00000418       ??_C@_0BK@DEOK@Runtime?5Error?$CB?6?6Program?3?5?$AA@ 00406418     LIBC:crt0msg.obj
 0002:00000434       ??_C@_03NAME@?4?4?4?$AA@   00406434     LIBC:crt0msg.obj
 0002:00000438       ??_C@_0BH@NNCD@?$DMprogram?5name?5unknown?$DO?$AA@ 00406438     LIBC:crt0msg.obj
 0002:00000450       ??_C@_0BD@NJFP@GetLastActivePopup?$AA@ 00406450     LIBC:crtmbox.obj
 0002:00000464       ??_C@_0BA@GILI@GetActiveWindow?$AA@ 00406464     LIBC:crtmbox.obj
 0002:00000474       ??_C@_0M@PKCK@MessageBoxA?$AA@ 00406474     LIBC:crtmbox.obj
 0002:00000480       ??_C@_0L@HKL@user32?4dll?$AA@ 00406480     LIBC:crtmbox.obj
 0002:0000048c       ??_C@_01A@?$AA?$AA@        0040648c     LIBC:a_map.obj
 0002:00000490       ??_C@_13A@?$AA?$AA?$AA?$AA@ 00406490     LIBC:a_map.obj
 0002:000004bc       __IMPORT_DESCRIPTOR_KERNEL32 004064bc     kernel32:KERNEL32.dll
 0002:000004d0       __NULL_IMPORT_DESCRIPTOR   004064d0     kernel32:KERNEL32.dll
 0003:00000000       ___xc_a                    00407000     LIBC:crt0init.obj
 0003:00000004       ___xc_z                    00407004     LIBC:crt0init.obj
 0003:00000008       ___xi_a                    00407008     LIBC:crt0init.obj
 0003:00000014       ___xi_z                    00407014     LIBC:crt0init.obj
 0003:00000018       ___xp_a                    00407018     LIBC:crt0init.obj
 0003:00000020       ___xp_z                    00407020     LIBC:crt0init.obj
 0003:00000024       ___xt_a                    00407024     LIBC:crt0init.obj
 0003:00000028       ___xt_z                    00407028     LIBC:crt0init.obj
 0003:00000120       __aexit_rtn                00407120     LIBC:crt0.obj
 0003:00000124       ___app_type                00407124     LIBC:crt0.obj
 0003:00000128       ___nullstring              00407128     LIBC:output.obj
 0003:0000012c       ___wnullstring             0040712c     LIBC:output.obj
 0003:00000130       __iob                      00407130     LIBC:_file.obj
 0003:000003b0       __XcptActTab               004073b0     LIBC:winxfltr.obj
 0003:00000428       __First_FPE_Indx           00407428     LIBC:winxfltr.obj
 0003:0000042c       __Num_FPE                  0040742c     LIBC:winxfltr.obj
 0003:00000430       __XcptActTabCount          00407430     LIBC:winxfltr.obj
 0003:00000434       __fpecode                  00407434     LIBC:winxfltr.obj
 0003:00000438       ___badioinfo               00407438     LIBC:ioinit.obj
 0003:00000440       __amblksiz                 00407440     LIBC:heapinit.obj
 0003:00000444       __NLG_Destination          00407444     LIBC:exsup.obj
 0003:000004f0       __cfltcvt_tab              004074f0     LIBC:cmiscdat.obj
 0003:00000508       __pctype                   00407508     LIBC:ctype.obj
 0003:0000050c       __pwctype                  0040750c     LIBC:ctype.obj
 0003:00000510       __ctype                    00407510     LIBC:ctype.obj
 0003:00000820       ___old_small_block_heap    00407820     LIBC:sbheap.obj
 0003:00002844       ___old_sbh_threshold       00409844     LIBC:sbheap.obj
 0003:00002850       ___mb_cur_max              00409850     LIBC:nlsdata1.obj
 0003:00002854       ___decimal_point           00409854     LIBC:nlsdata1.obj
 0003:00002858       ___decimal_point_length    00409858     LIBC:nlsdata1.obj
 0003:000029c8       __aenvptr                  004099c8     LIBC:crt0.obj
 0003:000029cc       __wenvptr                  004099cc     LIBC:crt0.obj
 0003:000029d0       ___error_mode              004099d0     LIBC:crt0.obj
 0003:000029d4       __stdbuf                   004099d4     LIBC:_sftbuf.obj
 0003:000029dc       __cflush                   004099dc     LIBC:_file.obj
 0003:000029e0       _errno                     004099e0     LIBC:crt0dat.obj
 0003:000029e4       __doserrno                 004099e4     LIBC:crt0dat.obj
 0003:000029e8       __umaskval                 004099e8     LIBC:crt0dat.obj
 0003:000029ec       __osver                    004099ec     LIBC:crt0dat.obj
 0003:000029f0       __winver                   004099f0     LIBC:crt0dat.obj
 0003:000029f4       __winmajor                 004099f4     LIBC:crt0dat.obj
 0003:000029f8       __winminor                 004099f8     LIBC:crt0dat.obj
 0003:000029fc       ___argc                    004099fc     LIBC:crt0dat.obj
 0003:00002a00       ___argv                    00409a00     LIBC:crt0dat.obj
 0003:00002a04       ___wargv                   00409a04     LIBC:crt0dat.obj
 0003:00002a08       __environ                  00409a08     LIBC:crt0dat.obj
 0003:00002a0c       ___initenv                 00409a0c     LIBC:crt0dat.obj
 0003:00002a10       __wenviron                 00409a10     LIBC:crt0dat.obj
 0003:00002a14       ___winitenv                00409a14     LIBC:crt0dat.obj
 0003:00002a18       __pgmptr                   00409a18     LIBC:crt0dat.obj
 0003:00002a1c       __wpgmptr                  00409a1c     LIBC:crt0dat.obj
 0003:00002a20       __exitflag                 00409a20     LIBC:crt0dat.obj
 0003:00002a24       __C_Termination_Done       00409a24     LIBC:crt0dat.obj
 0003:00002a28       __C_Exit_Done              00409a28     LIBC:crt0dat.obj
 0003:00002a2c       __pxcptinfoptrs            00409a2c     LIBC:winxfltr.obj
 0003:00002b38       __adbgmsg                  00409b38     LIBC:crt0msg.obj
 0003:00002b50       __newmode                  00409b50     LIBC:_newmode.obj
 0003:00002b54       ?_pnhHeap@@3P6AHI@ZA       00409b54     LIBC:handler.obj
 0003:00002b58       ___lc_handle               00409b58     LIBC:nlsdata2.obj
 0003:00002b70       ___lc_codepage             00409b70     LIBC:nlsdata2.obj
 0003:00002b74       ___lc_collate_cp           00409b74     LIBC:nlsdata2.obj
 0003:00002b80       ___sbh_sizeHeaderList      00409b80     <common>
 0003:00002b84       ___sbh_indGroupDefer       00409b84     <common>
 0003:00002b88       ___sbh_pHeaderScan         00409b88     <common>
 0003:00002b8c       ___sbh_pHeaderDefer        00409b8c     <common>
 0003:00002b90       ___sbh_cntHeaderList       00409b90     <common>
 0003:00002b94       ___sbh_pHeaderList         00409b94     <common>
 0003:00002b98       ___sbh_threshold           00409b98     <common>
 0003:00002b9c       ___mbcodepage              00409b9c     <common>
 0003:00002ba0       ___mbulinfo                00409ba0     <common>
 0003:00002bac       ___ismbcodepage            00409bac     <common>
 0003:00002bc0       __mbcasemap                00409bc0     <common>
 0003:00002cc0       __mbctype                  00409cc0     <common>
 0003:00002dc4       ___mblcid                  00409dc4     <common>
 0003:00002dc8       __crtheap                  00409dc8     <common>
 0003:00002dcc       ___active_heap             00409dcc     <common>
 0003:00002de0       ___pioinfo                 00409de0     <common>
 0003:00002ee0       __nhandle                  00409ee0     <common>
 0003:00002ee4       ___env_initialized         00409ee4     <common>
 0003:00002ee8       ___mbctype_initialized     00409ee8     <common>
 0003:00002eec       ___onexitend               00409eec     <common>
 0003:00002ef0       ___onexitbegin             00409ef0     <common>
 0003:00002ef4       __FPinit                   00409ef4     <common>
 0003:00002ef8       ___piob                    00409ef8     <common>
 0003:00002f00       __bufin                    00409f00     <common>
 0003:00003f00       __nstream                  0040af00     <common>
 0003:00003f04       __acmdln                   0040af04     <common>

 entry point at        0001:000001e1

 Static symbols

 0001:000044f0       LeadUp1                    004054f0 f   LIBC:memmove.obj
 0001:0000451c       LeadUp2                    0040551c f   LIBC:memmove.obj
 0001:00004540       LeadUp3                    00405540 f   LIBC:memmove.obj
 0001:000045bf       UnwindUp0                  004055bf f   LIBC:memmove.obj
 0001:000045ac       UnwindUp1                  004055ac f   LIBC:memmove.obj
 0001:000045a4       UnwindUp2                  004055a4 f   LIBC:memmove.obj
 0001:0000459c       UnwindUp3                  0040559c f   LIBC:memmove.obj
 0001:00004594       UnwindUp4                  00405594 f   LIBC:memmove.obj
 0001:0000458c       UnwindUp5                  0040558c f   LIBC:memmove.obj
 0001:00004584       UnwindUp6                  00405584 f   LIBC:memmove.obj
 0001:0000457c       UnwindUp7                  0040557c f   LIBC:memmove.obj
 0001:000045d8       TrailUp0                   004055d8 f   LIBC:memmove.obj
 0001:000045e0       TrailUp1                   004055e0 f   LIBC:memmove.obj
 0001:000045ec       TrailUp2                   004055ec f   LIBC:memmove.obj
 0001:00004600       TrailUp3                   00405600 f   LIBC:memmove.obj
 0001:00004678       LeadDown1                  00405678 f   LIBC:memmove.obj
 0001:00004698       LeadDown2                  00405698 f   LIBC:memmove.obj
 0001:000046c0       LeadDown3                  004056c0 f   LIBC:memmove.obj
 0001:00004714       UnwindDown7                00405714 f   LIBC:memmove.obj
 0001:0000471c       UnwindDown6                0040571c f   LIBC:memmove.obj
 0001:00004724       UnwindDown5                00405724 f   LIBC:memmove.obj
 0001:0000472c       UnwindDown4                0040572c f   LIBC:memmove.obj
 0001:00004734       UnwindDown3                00405734 f   LIBC:memmove.obj
 0001:0000473c       UnwindDown2                0040573c f   LIBC:memmove.obj
 0001:00004744       UnwindDown1                00405744 f   LIBC:memmove.obj
 0001:00004757       UnwindDown0                00405757 f   LIBC:memmove.obj
 0001:00004770       TrailDown0                 00405770 f   LIBC:memmove.obj
 0001:00004778       TrailDown1                 00405778 f   LIBC:memmove.obj
 0001:00004788       TrailDown2                 00405788 f   LIBC:memmove.obj
 0001:0000479c       TrailDown3                 0040579c f   LIBC:memmove.obj
 0001:000041c2       _strncnt                   004051c2 f   LIBC:a_map.obj
 0001:0000280c       _strtoxl                   0040380c f   LIBC:strtol.obj
 0001:00002530       LeadUp1                    00403530 f   LIBC:memcpy.obj
 0001:0000255c       LeadUp2                    0040355c f   LIBC:memcpy.obj
 0001:00002580       LeadUp3                    00403580 f   LIBC:memcpy.obj
 0001:000025ff       UnwindUp0                  004035ff f   LIBC:memcpy.obj
 0001:000025ec       UnwindUp1                  004035ec f   LIBC:memcpy.obj
 0001:000025e4       UnwindUp2                  004035e4 f   LIBC:memcpy.obj
 0001:000025dc       UnwindUp3                  004035dc f   LIBC:memcpy.obj
 0001:000025d4       UnwindUp4                  004035d4 f   LIBC:memcpy.obj
 0001:000025cc       UnwindUp5                  004035cc f   LIBC:memcpy.obj
 0001:000025c4       UnwindUp6                  004035c4 f   LIBC:memcpy.obj
 0001:000025bc       UnwindUp7                  004035bc f   LIBC:memcpy.obj
 0001:00002618       TrailUp0                   00403618 f   LIBC:memcpy.obj
 0001:00002620       TrailUp1                   00403620 f   LIBC:memcpy.obj
 0001:0000262c       TrailUp2                   0040362c f   LIBC:memcpy.obj
 0001:00002640       TrailUp3                   00403640 f   LIBC:memcpy.obj
 0001:000026b8       LeadDown1                  004036b8 f   LIBC:memcpy.obj
 0001:000026d8       LeadDown2                  004036d8 f   LIBC:memcpy.obj
 0001:00002700       LeadDown3                  00403700 f   LIBC:memcpy.obj
 0001:00002754       UnwindDown7                00403754 f   LIBC:memcpy.obj
 0001:0000275c       UnwindDown6                0040375c f   LIBC:memcpy.obj
 0001:00002764       UnwindDown5                00403764 f   LIBC:memcpy.obj
 0001:0000276c       UnwindDown4                0040376c f   LIBC:memcpy.obj
 0001:00002774       UnwindDown3                00403774 f   LIBC:memcpy.obj
 0001:0000277c       UnwindDown2                0040377c f   LIBC:memcpy.obj
 0001:00002784       UnwindDown1                00403784 f   LIBC:memcpy.obj
 0001:00002797       UnwindDown0                00403797 f   LIBC:memcpy.obj
 0001:000027b0       TrailDown0                 004037b0 f   LIBC:memcpy.obj
 0001:000027b8       TrailDown1                 004037b8 f   LIBC:memcpy.obj
 0001:000027c8       TrailDown2                 004037c8 f   LIBC:memcpy.obj
 0001:000027dc       TrailDown3                 004037dc f   LIBC:memcpy.obj
 0001:0000226c       _getSystemCP               0040326c f   LIBC:mbctype.obj
 0001:000022b6       _CPtoLCID                  004032b6 f   LIBC:mbctype.obj
 0001:000022e9       _setSBCS                   004032e9 f   LIBC:mbctype.obj
 0001:00002312       _setSBUpLow                00403312 f   LIBC:mbctype.obj
 0001:00001c04       _flsall                    00402c04 f   LIBC:fflush.obj
 0001:00001748       _gu_return                 00402748 f   LIBC:exsup.obj
 0001:00001750       __unwind_handler           00402750 f   LIBC:exsup.obj
 0001:000010cb       _parse_cmdline             004020cb f   LIBC:stdargv.obj
 0001:00000f36       _xcptlookup                00401f36 f   LIBC:winxfltr.obj
 0001:00000d42       _doexit                    00401d42 f   LIBC:crt0dat.obj
 0001:00000ddb       __initterm                 00401ddb f   LIBC:crt0dat.obj
 0001:00000b71       _write_char                00401b71 f   LIBC:output.obj
 0001:00000ba6       _write_multi_char          00401ba6 f   LIBC:output.obj
 0001:00000bd7       _write_string              00401bd7 f   LIBC:output.obj
 0001:00000c0f       _get_int_arg               00401c0f f   LIBC:output.obj
 0001:00000c1c       _get_int64_arg             00401c1c f   LIBC:output.obj
 0001:00000c2c       _get_short_arg             00401c2c f   LIBC:output.obj
 0001:000002e5       _fast_error_exit           004012e5 f   LIBC:crt0.obj
