 stack01m

 Timestamp is 5849e175 (Fri Dec 09 07:40:53 2016)

 Preferred load address is 00400000

 Start         Length     Name                   Class
 0001:00000000 00004acaH .text                   CODE
 0002:00000000 000000b0H .idata$5                DATA
 0002:000000b0 0000040cH .rdata                  DATA
 0002:000004bc 00000014H .idata$2                DATA
 0002:000004d0 00000014H .idata$3                DATA
 0002:000004e4 000000b0H .idata$4                DATA
 0002:00000594 000002fcH .idata$6                DATA
 0002:00000890 00000000H .edata                  DATA
 0003:00000000 00000004H .CRT$XCA                DATA
 0003:00000004 00000004H .CRT$XCZ                DATA
 0003:00000008 00000004H .CRT$XIA                DATA
 0003:0000000c 00000008H .CRT$XIC                DATA
 0003:00000014 00000004H .CRT$XIZ                DATA
 0003:00000018 00000004H .CRT$XPA                DATA
 0003:0000001c 00000004H .CRT$XPX                DATA
 0003:00000020 00000004H .CRT$XPZ                DATA
 0003:00000024 00000004H .CRT$XTA                DATA
 0003:00000028 00000004H .CRT$XTZ                DATA
 0003:00000030 00002c08H .data                   DATA
 0003:00002c38 00001554H .bss                    DATA

  Address         Publics by Value              Rva+Base     Lib:Object

 0001:00000000       _main                      00401000 f   stack01.obj
 0001:000001e0       _strcpy                    004011e0 f   LIBC:strcat.obj
 0001:000001f0       _strcat                    004011f0 f   LIBC:strcat.obj
 0001:000002d0       _malloc                    004012d0 f   LIBC:malloc.obj
 0001:000002e2       __nh_malloc                004012e2 f   LIBC:malloc.obj
 0001:0000030e       __heap_alloc               0040130e f   LIBC:malloc.obj
 0001:00000382       _printf                    00401382 f   LIBC:printf.obj
 0001:000003b3       _mainCRTStartup            004013b3 f   LIBC:crt0.obj
 0001:00000492       __amsg_exit                00401492 f   LIBC:crt0.obj
 0001:000004db       __callnewh                 004014db f   LIBC:handler.obj
 0001:000004f6       __GetLinkerVersion         004014f6 f   LIBC:heapinit.obj
 0001:00000523       ___heap_select             00401523 f   LIBC:heapinit.obj
 0001:0000066b       __heap_init                0040166b f   LIBC:heapinit.obj
 0001:000006c8       ___sbh_heap_init           004016c8 f   LIBC:sbheap.obj
 0001:00000710       ___sbh_find_block          00401710 f   LIBC:sbheap.obj
 0001:0000073b       ___sbh_free_block          0040173b f   LIBC:sbheap.obj
 0001:00000a64       ___sbh_alloc_block         00401a64 f   LIBC:sbheap.obj
 0001:00000d6d       ___sbh_alloc_new_region    00401d6d f   LIBC:sbheap.obj
 0001:00000e1e       ___sbh_alloc_new_group     00401e1e f   LIBC:sbheap.obj
 0001:00000f19       ___old_sbh_new_region      00401f19 f   LIBC:sbheap.obj
 0001:0000105d       ___old_sbh_release_region  0040205d f   LIBC:sbheap.obj
 0001:000010b3       ___old_sbh_decommit_pages  004020b3 f   LIBC:sbheap.obj
 0001:00001175       ___old_sbh_find_block      00402175 f   LIBC:sbheap.obj
 0001:000011cc       ___old_sbh_free_block      004021cc f   LIBC:sbheap.obj
 0001:00001211       ___old_sbh_alloc_block     00402211 f   LIBC:sbheap.obj
 0001:00001419       ___old_sbh_alloc_block_from_page 00402419 f   LIBC:sbheap.obj
 0001:0000153d       __stbuf                    0040253d f   LIBC:_sftbuf.obj
 0001:000015ca       __ftbuf                    004025ca f   LIBC:_sftbuf.obj
 0001:00001607       __output                   00402607 f   LIBC:output.obj
 0001:00001e6e       ___initstdio               00402e6e f   LIBC:_file.obj
 0001:00001f13       ___endstdio                00402f13 f   LIBC:_file.obj
 0001:00001f27       __cinit                    00402f27 f   LIBC:crt0dat.obj
 0001:00001f54       _exit                      00402f54 f   LIBC:crt0dat.obj
 0001:00001f65       __exit                     00402f65 f   LIBC:crt0dat.obj
 0001:00002029       __XcptFilter               00403029 f   LIBC:winxfltr.obj
 0001:000021ad       __setenvp                  004031ad f   LIBC:stdenvp.obj
 0001:00002266       __setargv                  00403266 f   LIBC:stdargv.obj
 0001:000024b3       ___crtGetEnvironmentStringsA 004034b3 f   LIBC:a_env.obj
 0001:000025e5       __ioinit                   004035e5 f   LIBC:ioinit.obj
 0001:00002790       __global_unwind2           00403790 f   LIBC:exsup.obj
 0001:000027d2       __local_unwind2            004037d2 f   LIBC:exsup.obj
 0001:0000282a       __NLG_Return2              0040382a f   LIBC:exsup.obj
 0001:0000283a       __abnormal_termination     0040383a f   LIBC:exsup.obj
 0001:0000285d       __NLG_Notify1              0040385d f   LIBC:exsup.obj
 0001:00002866       __NLG_Notify               00403866 f   LIBC:exsup.obj
 0001:00002879       __NLG_Dispatch             00403879 f   LIBC:exsup.obj
 0001:00002888       __except_handler3          00403888 f   LIBC:exsup3.obj
 0001:00002945       __seh_longjmp_unwind@4     00403945 f   LIBC:exsup3.obj
 0001:00002960       __FF_MSGBANNER             00403960 f   LIBC:crt0msg.obj
 0001:00002999       __NMSG_WRITE               00403999 f   LIBC:crt0msg.obj
 0001:00002aec       _strtol                    00403aec f   LIBC:strtol.obj
 0001:00002d20       _strchr                    00403d20 f   LIBC:strchr.obj
 0001:00002d26       ___from_strstr_to_strchr   00403d26 f   LIBC:strchr.obj
 0001:00002de0       _strstr                    00403de0 f   LIBC:strstr.obj
 0001:00002e60       _strncmp                   00403e60 f   LIBC:strncmp.obj
 0001:00002ea0       __alloca_probe             00403ea0 f   LIBC:chkstk.obj
 0001:00002ea0       __chkstk                   00403ea0 f   LIBC:chkstk.obj
 0001:00002ed0       _memmove                   00403ed0 f   LIBC:memmove.obj
 0001:00003210       _memset                    00404210 f   LIBC:memset.obj
 0001:00003268       __isatty                   00404268 f   LIBC:isatty.obj
 0001:0000328e       _fflush                    0040428e f   LIBC:fflush.obj
 0001:000032c9       __flush                    004042c9 f   LIBC:fflush.obj
 0001:00003325       __flushall                 00404325 f   LIBC:fflush.obj
 0001:0000339b       _free                      0040439b f   LIBC:free.obj
 0001:00003410       _strlen                    00404410 f   LIBC:strlen.obj
 0001:0000348b       _wctomb                    0040448b f   LIBC:wctomb.obj
 0001:00003500       __aulldiv                  00404500 f   LIBC:ulldiv.obj
 0001:00003570       __aullrem                  00404570 f   LIBC:ullrem.obj
 0001:000035e5       __flsbuf                   004045e5 f   LIBC:_flsbuf.obj
 0001:000036fa       _calloc                    004046fa f   LIBC:calloc.obj
 0001:000037ab       __fcloseall                004047ab f   LIBC:closeall.obj
 0001:00003803       __setmbcp                  00404803 f   LIBC:mbctype.obj
 0001:00003bc7       ___initmbctable            00404bc7 f   LIBC:mbctype.obj
 0001:00003bf0       _memcpy                    00404bf0 f   LIBC:memcpy.obj
 0001:00003f25       ___crtMessageBoxA          00404f25 f   LIBC:crtmbox.obj
 0001:00003fb0       _strncpy                   00404fb0 f   LIBC:strncpy.obj
 0001:000040ae       _toupper                   004050ae f   LIBC:toupper.obj
 0001:0000417a       __isctype                  0040517a f   LIBC:isctype.obj
 0001:000041ef       __commit                   004051ef f   LIBC:commit.obj
 0001:00004246       __write                    00405246 f   LIBC:write.obj
 0001:000043f3       __fptrap                   004053f3 f   LIBC:crt0fp.obj
 0001:000043fc       __lseek                    004053fc f   LIBC:lseek.obj
 0001:00004496       __getbuf                   00405496 f   LIBC:_getbuf.obj
 0001:000044da       _fclose                    004054da f   LIBC:fclose.obj
 0001:00004530       ___crtLCMapStringA         00405530 f   LIBC:a_map.obj
 0001:0000477f       ___crtGetStringTypeA       0040577f f   LIBC:a_str.obj
 0001:000048c8       __free_osfhnd              004058c8 f   LIBC:osfinfo.obj
 0001:00004942       __get_osfhandle            00405942 f   LIBC:osfinfo.obj
 0001:0000497f       __dosmaperr                0040597f f   LIBC:dosmap.obj
 0001:000049e6       __close                    004059e6 f   LIBC:close.obj
 0001:00004a99       __freebuf                  00405a99 f   LIBC:_freebuf.obj
 0001:00004ac4       _RtlUnwind@16              00405ac4 f   kernel32:KERNEL32.dll
 0002:00000000       __imp__HeapAlloc@12        00406000     kernel32:KERNEL32.dll
 0002:00000004       __imp__GetCommandLineA@0   00406004     kernel32:KERNEL32.dll
 0002:00000008       __imp__GetVersion@0        00406008     kernel32:KERNEL32.dll
 0002:0000000c       __imp__ExitProcess@4       0040600c     kernel32:KERNEL32.dll
 0002:00000010       __imp__GetModuleHandleA@4  00406010     kernel32:KERNEL32.dll
 0002:00000014       __imp__GetModuleFileNameA@12 00406014     kernel32:KERNEL32.dll
 0002:00000018       __imp__GetEnvironmentVariableA@12 00406018     kernel32:KERNEL32.dll
 0002:0000001c       __imp__GetVersionExA@4     0040601c     kernel32:KERNEL32.dll
 0002:00000020       __imp__HeapDestroy@4       00406020     kernel32:KERNEL32.dll
 0002:00000024       __imp__HeapCreate@12       00406024     kernel32:KERNEL32.dll
 0002:00000028       __imp__VirtualFree@12      00406028     kernel32:KERNEL32.dll
 0002:0000002c       __imp__HeapFree@12         0040602c     kernel32:KERNEL32.dll
 0002:00000030       __imp__VirtualAlloc@16     00406030     kernel32:KERNEL32.dll
 0002:00000034       __imp__HeapReAlloc@16      00406034     kernel32:KERNEL32.dll
 0002:00000038       __imp__TerminateProcess@8  00406038     kernel32:KERNEL32.dll
 0002:0000003c       __imp__GetCurrentProcess@0 0040603c     kernel32:KERNEL32.dll
 0002:00000040       __imp__UnhandledExceptionFilter@4 00406040     kernel32:KERNEL32.dll
 0002:00000044       __imp__FreeEnvironmentStringsA@4 00406044     kernel32:KERNEL32.dll
 0002:00000048       __imp__FreeEnvironmentStringsW@4 00406048     kernel32:KERNEL32.dll
 0002:0000004c       __imp__WideCharToMultiByte@32 0040604c     kernel32:KERNEL32.dll
 0002:00000050       __imp__GetEnvironmentStrings@0 00406050     kernel32:KERNEL32.dll
 0002:00000054       __imp__GetEnvironmentStringsW@0 00406054     kernel32:KERNEL32.dll
 0002:00000058       __imp__SetHandleCount@4    00406058     kernel32:KERNEL32.dll
 0002:0000005c       __imp__GetStdHandle@4      0040605c     kernel32:KERNEL32.dll
 0002:00000060       __imp__GetFileType@4       00406060     kernel32:KERNEL32.dll
 0002:00000064       __imp__GetStartupInfoA@4   00406064     kernel32:KERNEL32.dll
 0002:00000068       __imp__RtlUnwind@16        00406068     kernel32:KERNEL32.dll
 0002:0000006c       __imp__WriteFile@20        0040606c     kernel32:KERNEL32.dll
 0002:00000070       __imp__GetCPInfo@8         00406070     kernel32:KERNEL32.dll
 0002:00000074       __imp__GetACP@0            00406074     kernel32:KERNEL32.dll
 0002:00000078       __imp__GetOEMCP@0          00406078     kernel32:KERNEL32.dll
 0002:0000007c       __imp__GetProcAddress@8    0040607c     kernel32:KERNEL32.dll
 0002:00000080       __imp__LoadLibraryA@4      00406080     kernel32:KERNEL32.dll
 0002:00000084       __imp__GetLastError@0      00406084     kernel32:KERNEL32.dll
 0002:00000088       __imp__FlushFileBuffers@4  00406088     kernel32:KERNEL32.dll
 0002:0000008c       __imp__SetFilePointer@16   0040608c     kernel32:KERNEL32.dll
 0002:00000090       __imp__MultiByteToWideChar@24 00406090     kernel32:KERNEL32.dll
 0002:00000094       __imp__LCMapStringA@24     00406094     kernel32:KERNEL32.dll
 0002:00000098       __imp__LCMapStringW@24     00406098     kernel32:KERNEL32.dll
 0002:0000009c       __imp__GetStringTypeA@20   0040609c     kernel32:KERNEL32.dll
 0002:000000a0       __imp__GetStringTypeW@16   004060a0     kernel32:KERNEL32.dll
 0002:000000a4       __imp__SetStdHandle@8      004060a4     kernel32:KERNEL32.dll
 0002:000000a8       __imp__CloseHandle@4       004060a8     kernel32:KERNEL32.dll
 0002:000000ac       \177KERNEL32_NULL_THUNK_DATA 004060ac     kernel32:KERNEL32.dll
 0002:000000bc       ??_C@_0BH@PHHF@__GLOBAL_HEAP_SELECTED?$AA@ 004060bc     LIBC:heapinit.obj
 0002:000000d4       ??_C@_0BF@BBGL@__MSVCRT_HEAP_SELECT?$AA@ 004060d4     LIBC:heapinit.obj
 0002:000000ec       ___lookuptable             004060ec     LIBC:output.obj
 0002:00000148       ??_C@_1O@POHA@?$AA?$CI?$AAn?$AAu?$AAl?$AAl?$AA?$CJ?$AA?$AA@ 00406148     LIBC:output.obj
 0002:00000158       ??_C@_06ONKE@?$CInull?$CJ?$AA@ 00406158     LIBC:output.obj
 0002:00000160       ??_C@_0P@GGKG@runtime?5error?5?$AA@ 00406160     LIBC:crt0msg.obj
 0002:00000170       ??_C@_02PIMC@?$AN?6?$AA@   00406170     LIBC:crt0msg.obj
 0002:00000174       ??_C@_0O@DELO@TLOSS?5error?$AN?6?$AA@ 00406174     LIBC:crt0msg.obj
 0002:00000184       ??_C@_0N@OMLL@SING?5error?$AN?6?$AA@ 00406184     LIBC:crt0msg.obj
 0002:00000194       ??_C@_0P@OJAK@DOMAIN?5error?$AN?6?$AA@ 00406194     LIBC:crt0msg.obj
 0002:000001a4       ??_C@_0CF@EANP@R6028?$AN?6?9?5unable?5to?5initialize?5he@ 004061a4     LIBC:crt0msg.obj
 0002:000001cc       ??_C@_0DF@ECGN@R6027?$AN?6?9?5not?5enough?5space?5for?5lo@ 004061cc     LIBC:crt0msg.obj
 0002:00000204       ??_C@_0DF@FKAC@R6026?$AN?6?9?5not?5enough?5space?5for?5st@ 00406204     LIBC:crt0msg.obj
 0002:0000023c       ??_C@_0CG@DPMN@R6025?$AN?6?9?5pure?5virtual?5function?5c@ 0040623c     LIBC:crt0msg.obj
 0002:00000264       ??_C@_0DF@CKIP@R6024?$AN?6?9?5not?5enough?5space?5for?5_o@ 00406264     LIBC:crt0msg.obj
 0002:0000029c       ??_C@_0CJ@GGOE@R6019?$AN?6?9?5unable?5to?5open?5console?5@ 0040629c     LIBC:crt0msg.obj
 0002:000002c8       ??_C@_0CB@LBOB@R6018?$AN?6?9?5unexpected?5heap?5error?$AN?6@ 004062c8     LIBC:crt0msg.obj
 0002:000002ec       ??_C@_0CN@FPEG@R6017?$AN?6?9?5unexpected?5multithread?5@ 004062ec     LIBC:crt0msg.obj
 0002:0000031c       ??_C@_0CM@OBIC@R6016?$AN?6?9?5not?5enough?5space?5for?5th@ 0040631c     LIBC:crt0msg.obj
 0002:00000348       ??_C@_0CB@HPAL@?$AN?6abnormal?5program?5termination?$AN?6@ 00406348     LIBC:crt0msg.obj
 0002:0000036c       ??_C@_0CM@JOOB@R6009?$AN?6?9?5not?5enough?5space?5for?5en@ 0040636c     LIBC:crt0msg.obj
 0002:00000398       ??_C@_0CK@OIBL@R6008?$AN?6?9?5not?5enough?5space?5for?5ar@ 00406398     LIBC:crt0msg.obj
 0002:000003c4       ??_C@_0CF@LKPB@R6002?$AN?6?9?5floating?5point?5not?5load@ 004063c4     LIBC:crt0msg.obj
 0002:000003ec       ??_C@_0CF@JPDF@Microsoft?5Visual?5C?$CL?$CL?5Runtime?5Lib@ 004063ec     LIBC:crt0msg.obj
 0002:00000414       ??_C@_02JJJH@?6?6?$AA@     00406414     LIBC:crt0msg.obj
 0002:00000418       ??_C@_0BK@DEOK@Runtime?5Error?$CB?6?6Program?3?5?$AA@ 00406418     LIBC:crt0msg.obj
 0002:00000434       ??_C@_03NAME@?4?4?4?$AA@   00406434     LIBC:crt0msg.obj
 0002:00000438       ??_C@_0BH@NNCD@?$DMprogram?5name?5unknown?$DO?$AA@ 00406438     LIBC:crt0msg.obj
 0002:00000450       ??_C@_0BD@NJFP@GetLastActivePopup?$AA@ 00406450     LIBC:crtmbox.obj
 0002:00000464       ??_C@_0BA@GILI@GetActiveWindow?$AA@ 00406464     LIBC:crtmbox.obj
 0002:00000474       ??_C@_0M@PKCK@MessageBoxA?$AA@ 00406474     LIBC:crtmbox.obj
 0002:00000480       ??_C@_0L@HKL@user32?4dll?$AA@ 00406480     LIBC:crtmbox.obj
 0002:0000048c       ??_C@_01A@?$AA?$AA@        0040648c     LIBC:a_map.obj
 0002:00000490       ??_C@_13A@?$AA?$AA?$AA?$AA@ 00406490     LIBC:a_map.obj
 0002:000004bc       __IMPORT_DESCRIPTOR_KERNEL32 004064bc     kernel32:KERNEL32.dll
 0002:000004d0       __NULL_IMPORT_DESCRIPTOR   004064d0     kernel32:KERNEL32.dll
 0003:00000000       ___xc_a                    00407000     LIBC:crt0init.obj
 0003:00000004       ___xc_z                    00407004     LIBC:crt0init.obj
 0003:00000008       ___xi_a                    00407008     LIBC:crt0init.obj
 0003:00000014       ___xi_z                    00407014     LIBC:crt0init.obj
 0003:00000018       ___xp_a                    00407018     LIBC:crt0init.obj
 0003:00000020       ___xp_z                    00407020     LIBC:crt0init.obj
 0003:00000024       ___xt_a                    00407024     LIBC:crt0init.obj
 0003:00000028       ___xt_z                    00407028     LIBC:crt0init.obj
 0003:000003a0       __aexit_rtn                004073a0     LIBC:crt0.obj
 0003:000003a4       ___app_type                004073a4     LIBC:crt0.obj
 0003:000003a8       __amblksiz                 004073a8     LIBC:heapinit.obj
 0003:000003b0       ___old_small_block_heap    004073b0     LIBC:sbheap.obj
 0003:000023d4       ___old_sbh_threshold       004093d4     LIBC:sbheap.obj
 0003:000023d8       ___nullstring              004093d8     LIBC:output.obj
 0003:000023dc       ___wnullstring             004093dc     LIBC:output.obj
 0003:000023e0       __iob                      004093e0     LIBC:_file.obj
 0003:00002660       __XcptActTab               00409660     LIBC:winxfltr.obj
 0003:000026d8       __First_FPE_Indx           004096d8     LIBC:winxfltr.obj
 0003:000026dc       __Num_FPE                  004096dc     LIBC:winxfltr.obj
 0003:000026e0       __XcptActTabCount          004096e0     LIBC:winxfltr.obj
 0003:000026e4       __fpecode                  004096e4     LIBC:winxfltr.obj
 0003:000026e8       ___badioinfo               004096e8     LIBC:ioinit.obj
 0003:000026f0       __NLG_Destination          004096f0     LIBC:exsup.obj
 0003:00002790       __cfltcvt_tab              00409790     LIBC:cmiscdat.obj
 0003:000027a8       __pctype                   004097a8     LIBC:ctype.obj
 0003:000027ac       __pwctype                  004097ac     LIBC:ctype.obj
 0003:000027b0       __ctype                    004097b0     LIBC:ctype.obj
 0003:00002ac0       ___mb_cur_max              00409ac0     LIBC:nlsdata1.obj
 0003:00002ac4       ___decimal_point           00409ac4     LIBC:nlsdata1.obj
 0003:00002ac8       ___decimal_point_length    00409ac8     LIBC:nlsdata1.obj
 0003:00002c38       _a                         00409c38     stack01.obj
 0003:00002c40       __aenvptr                  00409c40     LIBC:crt0.obj
 0003:00002c44       __wenvptr                  00409c44     LIBC:crt0.obj
 0003:00002c48       ___error_mode              00409c48     LIBC:crt0.obj
 0003:00002c4c       __newmode                  00409c4c     LIBC:_newmode.obj
 0003:00002c50       ?_pnhHeap@@3P6AHI@ZA       00409c50     LIBC:handler.obj
 0003:00002c58       __stdbuf                   00409c58     LIBC:_sftbuf.obj
 0003:00002c60       __cflush                   00409c60     LIBC:_file.obj
 0003:00002c64       _errno                     00409c64     LIBC:crt0dat.obj
 0003:00002c68       __doserrno                 00409c68     LIBC:crt0dat.obj
 0003:00002c6c       __umaskval                 00409c6c     LIBC:crt0dat.obj
 0003:00002c70       __osver                    00409c70     LIBC:crt0dat.obj
 0003:00002c74       __winver                   00409c74     LIBC:crt0dat.obj
 0003:00002c78       __winmajor                 00409c78     LIBC:crt0dat.obj
 0003:00002c7c       __winminor                 00409c7c     LIBC:crt0dat.obj
 0003:00002c80       ___argc                    00409c80     LIBC:crt0dat.obj
 0003:00002c84       ___argv                    00409c84     LIBC:crt0dat.obj
 0003:00002c88       ___wargv                   00409c88     LIBC:crt0dat.obj
 0003:00002c8c       __environ                  00409c8c     LIBC:crt0dat.obj
 0003:00002c90       ___initenv                 00409c90     LIBC:crt0dat.obj
 0003:00002c94       __wenviron                 00409c94     LIBC:crt0dat.obj
 0003:00002c98       ___winitenv                00409c98     LIBC:crt0dat.obj
 0003:00002c9c       __pgmptr                   00409c9c     LIBC:crt0dat.obj
 0003:00002ca0       __wpgmptr                  00409ca0     LIBC:crt0dat.obj
 0003:00002ca4       __exitflag                 00409ca4     LIBC:crt0dat.obj
 0003:00002ca8       __C_Termination_Done       00409ca8     LIBC:crt0dat.obj
 0003:00002cac       __C_Exit_Done              00409cac     LIBC:crt0dat.obj
 0003:00002cb0       __pxcptinfoptrs            00409cb0     LIBC:winxfltr.obj
 0003:00002dbc       __adbgmsg                  00409dbc     LIBC:crt0msg.obj
 0003:00002dd0       ___lc_handle               00409dd0     LIBC:nlsdata2.obj
 0003:00002de8       ___lc_codepage             00409de8     LIBC:nlsdata2.obj
 0003:00002dec       ___lc_collate_cp           00409dec     LIBC:nlsdata2.obj
 0003:00002df8       _p1                        00409df8     <common>
 0003:00002dfc       ___mbcodepage              00409dfc     <common>
 0003:00002e00       ___mbulinfo                00409e00     <common>
 0003:00002e0c       ___ismbcodepage            00409e0c     <common>
 0003:00002e20       __mbcasemap                00409e20     <common>
 0003:00002f20       __mbctype                  00409f20     <common>
 0003:00003024       ___mblcid                  0040a024     <common>
 0003:00003040       ___pioinfo                 0040a040     <common>
 0003:00003140       __nhandle                  0040a140     <common>
 0003:00003144       ___env_initialized         0040a144     <common>
 0003:00003148       ___mbctype_initialized     0040a148     <common>
 0003:0000314c       ___onexitend               0040a14c     <common>
 0003:00003150       ___onexitbegin             0040a150     <common>
 0003:00003154       __FPinit                   0040a154     <common>
 0003:00003158       ___piob                    0040a158     <common>
 0003:00003160       __bufin                    0040a160     <common>
 0003:00004160       __nstream                  0040b160     <common>
 0003:00004164       ___sbh_sizeHeaderList      0040b164     <common>
 0003:00004168       ___sbh_indGroupDefer       0040b168     <common>
 0003:0000416c       ___sbh_pHeaderScan         0040b16c     <common>
 0003:00004170       ___sbh_pHeaderDefer        0040b170     <common>
 0003:00004174       ___sbh_cntHeaderList       0040b174     <common>
 0003:00004178       ___sbh_pHeaderList         0040b178     <common>
 0003:0000417c       ___sbh_threshold           0040b17c     <common>
 0003:00004180       __crtheap                  0040b180     <common>
 0003:00004184       ___active_heap             0040b184     <common>
 0003:00004188       __acmdln                   0040b188     <common>

 entry point at        0001:000003b3

 Static symbols

 0001:00004754       _strncnt                   00405754 f   LIBC:a_map.obj
 0001:00003c60       LeadUp1                    00404c60 f   LIBC:memcpy.obj
 0001:00003c8c       LeadUp2                    00404c8c f   LIBC:memcpy.obj
 0001:00003cb0       LeadUp3                    00404cb0 f   LIBC:memcpy.obj
 0001:00003d2f       UnwindUp0                  00404d2f f   LIBC:memcpy.obj
 0001:00003d1c       UnwindUp1                  00404d1c f   LIBC:memcpy.obj
 0001:00003d14       UnwindUp2                  00404d14 f   LIBC:memcpy.obj
 0001:00003d0c       UnwindUp3                  00404d0c f   LIBC:memcpy.obj
 0001:00003d04       UnwindUp4                  00404d04 f   LIBC:memcpy.obj
 0001:00003cfc       UnwindUp5                  00404cfc f   LIBC:memcpy.obj
 0001:00003cf4       UnwindUp6                  00404cf4 f   LIBC:memcpy.obj
 0001:00003cec       UnwindUp7                  00404cec f   LIBC:memcpy.obj
 0001:00003d48       TrailUp0                   00404d48 f   LIBC:memcpy.obj
 0001:00003d50       TrailUp1                   00404d50 f   LIBC:memcpy.obj
 0001:00003d5c       TrailUp2                   00404d5c f   LIBC:memcpy.obj
 0001:00003d70       TrailUp3                   00404d70 f   LIBC:memcpy.obj
 0001:00003de8       LeadDown1                  00404de8 f   LIBC:memcpy.obj
 0001:00003e08       LeadDown2                  00404e08 f   LIBC:memcpy.obj
 0001:00003e30       LeadDown3                  00404e30 f   LIBC:memcpy.obj
 0001:00003e84       UnwindDown7                00404e84 f   LIBC:memcpy.obj
 0001:00003e8c       UnwindDown6                00404e8c f   LIBC:memcpy.obj
 0001:00003e94       UnwindDown5                00404e94 f   LIBC:memcpy.obj
 0001:00003e9c       UnwindDown4                00404e9c f   LIBC:memcpy.obj
 0001:00003ea4       UnwindDown3                00404ea4 f   LIBC:memcpy.obj
 0001:00003eac       UnwindDown2                00404eac f   LIBC:memcpy.obj
 0001:00003eb4       UnwindDown1                00404eb4 f   LIBC:memcpy.obj
 0001:00003ec7       UnwindDown0                00404ec7 f   LIBC:memcpy.obj
 0001:00003ee0       TrailDown0                 00404ee0 f   LIBC:memcpy.obj
 0001:00003ee8       TrailDown1                 00404ee8 f   LIBC:memcpy.obj
 0001:00003ef8       TrailDown2                 00404ef8 f   LIBC:memcpy.obj
 0001:00003f0c       TrailDown3                 00404f0c f   LIBC:memcpy.obj
 0001:0000399c       _getSystemCP               0040499c f   LIBC:mbctype.obj
 0001:000039e6       _CPtoLCID                  004049e6 f   LIBC:mbctype.obj
 0001:00003a19       _setSBCS                   00404a19 f   LIBC:mbctype.obj
 0001:00003a42       _setSBUpLow                00404a42 f   LIBC:mbctype.obj
 0001:0000332e       _flsall                    0040432e f   LIBC:fflush.obj
 0001:00002f40       LeadUp1                    00403f40 f   LIBC:memmove.obj
 0001:00002f6c       LeadUp2                    00403f6c f   LIBC:memmove.obj
 0001:00002f90       LeadUp3                    00403f90 f   LIBC:memmove.obj
 0001:0000300f       UnwindUp0                  0040400f f   LIBC:memmove.obj
 0001:00002ffc       UnwindUp1                  00403ffc f   LIBC:memmove.obj
 0001:00002ff4       UnwindUp2                  00403ff4 f   LIBC:memmove.obj
 0001:00002fec       UnwindUp3                  00403fec f   LIBC:memmove.obj
 0001:00002fe4       UnwindUp4                  00403fe4 f   LIBC:memmove.obj
 0001:00002fdc       UnwindUp5                  00403fdc f   LIBC:memmove.obj
 0001:00002fd4       UnwindUp6                  00403fd4 f   LIBC:memmove.obj
 0001:00002fcc       UnwindUp7                  00403fcc f   LIBC:memmove.obj
 0001:00003028       TrailUp0                   00404028 f   LIBC:memmove.obj
 0001:00003030       TrailUp1                   00404030 f   LIBC:memmove.obj
 0001:0000303c       TrailUp2                   0040403c f   LIBC:memmove.obj
 0001:00003050       TrailUp3                   00404050 f   LIBC:memmove.obj
 0001:000030c8       LeadDown1                  004040c8 f   LIBC:memmove.obj
 0001:000030e8       LeadDown2                  004040e8 f   LIBC:memmove.obj
 0001:00003110       LeadDown3                  00404110 f   LIBC:memmove.obj
 0001:00003164       UnwindDown7                00404164 f   LIBC:memmove.obj
 0001:0000316c       UnwindDown6                0040416c f   LIBC:memmove.obj
 0001:00003174       UnwindDown5                00404174 f   LIBC:memmove.obj
 0001:0000317c       UnwindDown4                0040417c f   LIBC:memmove.obj
 0001:00003184       UnwindDown3                00404184 f   LIBC:memmove.obj
 0001:0000318c       UnwindDown2                0040418c f   LIBC:memmove.obj
 0001:00003194       UnwindDown1                00404194 f   LIBC:memmove.obj
 0001:000031a7       UnwindDown0                004041a7 f   LIBC:memmove.obj
 0001:000031c0       TrailDown0                 004041c0 f   LIBC:memmove.obj
 0001:000031c8       TrailDown1                 004041c8 f   LIBC:memmove.obj
 0001:000031d8       TrailDown2                 004041d8 f   LIBC:memmove.obj
 0001:000031ec       TrailDown3                 004041ec f   LIBC:memmove.obj
 0001:00002b03       _strtoxl                   00403b03 f   LIBC:strtol.obj
 0001:000027a8       _gu_return                 004037a8 f   LIBC:exsup.obj
 0001:000027b0       __unwind_handler           004037b0 f   LIBC:exsup.obj
 0001:000022ff       _parse_cmdline             004032ff f   LIBC:stdargv.obj
 0001:0000216a       _xcptlookup                0040316a f   LIBC:winxfltr.obj
 0001:00001f76       _doexit                    00402f76 f   LIBC:crt0dat.obj
 0001:0000200f       __initterm                 0040300f f   LIBC:crt0dat.obj
 0001:00001da5       _write_char                00402da5 f   LIBC:output.obj
 0001:00001dda       _write_multi_char          00402dda f   LIBC:output.obj
 0001:00001e0b       _write_string              00402e0b f   LIBC:output.obj
 0001:00001e43       _get_int_arg               00402e43 f   LIBC:output.obj
 0001:00001e50       _get_int64_arg             00402e50 f   LIBC:output.obj
 0001:00001e60       _get_short_arg             00402e60 f   LIBC:output.obj
 0001:000004b7       _fast_error_exit           004014b7 f   LIBC:crt0.obj
