 stack02m

 Timestamp is 584a22f6 (Fri Dec 09 12:20:22 2016)

 Preferred load address is 00400000

 Start         Length     Name                   Class
 0001:00000000 0000354eH .text                   CODE
 0002:00000000 0000009cH .idata$5                DATA
 0002:000000a0 00000394H .rdata                  DATA
 0002:00000434 00000014H .idata$2                DATA
 0002:00000448 00000014H .idata$3                DATA
 0002:0000045c 0000009cH .idata$4                DATA
 0002:000004f8 000002a8H .idata$6                DATA
 0002:000007a0 00000000H .edata                  DATA
 0003:00000000 00000004H .CRT$XCA                DATA
 0003:00000004 00000004H .CRT$XCZ                DATA
 0003:00000008 00000004H .CRT$XIA                DATA
 0003:0000000c 00000004H .CRT$XIC                DATA
 0003:00000010 00000004H .CRT$XIZ                DATA
 0003:00000014 00000004H .CRT$XPA                DATA
 0003:00000018 00000004H .CRT$XPZ                DATA
 0003:0000001c 00000004H .CRT$XTA                DATA
 0003:00000020 00000004H .CRT$XTZ                DATA
 0003:00000030 000024b0H .data                   DATA
 0003:000024e0 0000051cH .bss                    DATA

  Address         Publics by Value              Rva+Base     Lib:Object

 0001:00000000       _main                      00401000 f   stack02.obj
 0001:0000004a       _mainCRTStartup            0040104a f   LIBC:crt0.obj
 0001:00000129       __amsg_exit                00401129 f   LIBC:crt0.obj
 0001:00000172       __cinit                    00401172 f   LIBC:crt0dat.obj
 0001:0000019f       _exit                      0040119f f   LIBC:crt0dat.obj
 0001:000001b0       __exit                     004011b0 f   LIBC:crt0dat.obj
 0001:00000274       __XcptFilter               00401274 f   LIBC:winxfltr.obj
 0001:000003f8       __setenvp                  004013f8 f   LIBC:stdenvp.obj
 0001:000004b1       __setargv                  004014b1 f   LIBC:stdargv.obj
 0001:000006fe       ___crtGetEnvironmentStringsA 004016fe f   LIBC:a_env.obj
 0001:00000830       __ioinit                   00401830 f   LIBC:ioinit.obj
 0001:000009db       __GetLinkerVersion         004019db f   LIBC:heapinit.obj
 0001:00000a08       ___heap_select             00401a08 f   LIBC:heapinit.obj
 0001:00000b50       __heap_init                00401b50 f   LIBC:heapinit.obj
 0001:00000bb0       __global_unwind2           00401bb0 f   LIBC:exsup.obj
 0001:00000bf2       __local_unwind2            00401bf2 f   LIBC:exsup.obj
 0001:00000c4a       __NLG_Return2              00401c4a f   LIBC:exsup.obj
 0001:00000c5a       __abnormal_termination     00401c5a f   LIBC:exsup.obj
 0001:00000c7d       __NLG_Notify1              00401c7d f   LIBC:exsup.obj
 0001:00000c86       __NLG_Notify               00401c86 f   LIBC:exsup.obj
 0001:00000c99       __NLG_Dispatch             00401c99 f   LIBC:exsup.obj
 0001:00000ca8       __except_handler3          00401ca8 f   LIBC:exsup3.obj
 0001:00000d65       __seh_longjmp_unwind@4     00401d65 f   LIBC:exsup3.obj
 0001:00000d80       __FF_MSGBANNER             00401d80 f   LIBC:crt0msg.obj
 0001:00000db9       __NMSG_WRITE               00401db9 f   LIBC:crt0msg.obj
 0001:00000f0c       _free                      00401f0c f   LIBC:free.obj
 0001:00000f80       _strcpy                    00401f80 f   LIBC:strcat.obj
 0001:00000f90       _strcat                    00401f90 f   LIBC:strcat.obj
 0001:00001070       _malloc                    00402070 f   LIBC:malloc.obj
 0001:00001082       __nh_malloc                00402082 f   LIBC:malloc.obj
 0001:000010ae       __heap_alloc               004020ae f   LIBC:malloc.obj
 0001:00001130       _strlen                    00402130 f   LIBC:strlen.obj
 0001:000011ab       __setmbcp                  004021ab f   LIBC:mbctype.obj
 0001:0000156f       ___initmbctable            0040256f f   LIBC:mbctype.obj
 0001:00001590       _memcpy                    00402590 f   LIBC:memcpy.obj
 0001:000018c5       _strtol                    004028c5 f   LIBC:strtol.obj
 0001:00001b00       _strchr                    00402b00 f   LIBC:strchr.obj
 0001:00001b06       ___from_strstr_to_strchr   00402b06 f   LIBC:strchr.obj
 0001:00001bc0       _strstr                    00402bc0 f   LIBC:strstr.obj
 0001:00001c40       _strncmp                   00402c40 f   LIBC:strncmp.obj
 0001:00001c80       __alloca_probe             00402c80 f   LIBC:chkstk.obj
 0001:00001c80       __chkstk                   00402c80 f   LIBC:chkstk.obj
 0001:00001caf       ___sbh_heap_init           00402caf f   LIBC:sbheap.obj
 0001:00001cf7       ___sbh_find_block          00402cf7 f   LIBC:sbheap.obj
 0001:00001d22       ___sbh_free_block          00402d22 f   LIBC:sbheap.obj
 0001:0000204b       ___sbh_alloc_block         0040304b f   LIBC:sbheap.obj
 0001:00002354       ___sbh_alloc_new_region    00403354 f   LIBC:sbheap.obj
 0001:00002405       ___sbh_alloc_new_group     00403405 f   LIBC:sbheap.obj
 0001:00002500       ___old_sbh_new_region      00403500 f   LIBC:sbheap.obj
 0001:00002644       ___old_sbh_release_region  00403644 f   LIBC:sbheap.obj
 0001:0000269a       ___old_sbh_decommit_pages  0040369a f   LIBC:sbheap.obj
 0001:0000275c       ___old_sbh_find_block      0040375c f   LIBC:sbheap.obj
 0001:000027b3       ___old_sbh_free_block      004037b3 f   LIBC:sbheap.obj
 0001:000027f8       ___old_sbh_alloc_block     004037f8 f   LIBC:sbheap.obj
 0001:00002a00       ___old_sbh_alloc_block_from_page 00403a00 f   LIBC:sbheap.obj
 0001:00002b24       ___crtMessageBoxA          00403b24 f   LIBC:crtmbox.obj
 0001:00002bb0       _strncpy                   00403bb0 f   LIBC:strncpy.obj
 0001:00002cae       __callnewh                 00403cae f   LIBC:handler.obj
 0001:00002cc9       ___crtLCMapStringA         00403cc9 f   LIBC:a_map.obj
 0001:00002f18       ___crtGetStringTypeA       00403f18 f   LIBC:a_str.obj
 0001:00003061       _toupper                   00404061 f   LIBC:toupper.obj
 0001:0000312d       __isctype                  0040412d f   LIBC:isctype.obj
 0001:000031b0       _memmove                   004041b0 f   LIBC:memmove.obj
 0001:000034f0       _memset                    004044f0 f   LIBC:memset.obj
 0001:00003548       _RtlUnwind@16              00404548 f   kernel32:KERNEL32.dll
 0002:00000000       __imp__GetCommandLineA@0   00405000     kernel32:KERNEL32.dll
 0002:00000004       __imp__GetVersion@0        00405004     kernel32:KERNEL32.dll
 0002:00000008       __imp__ExitProcess@4       00405008     kernel32:KERNEL32.dll
 0002:0000000c       __imp__TerminateProcess@8  0040500c     kernel32:KERNEL32.dll
 0002:00000010       __imp__GetCurrentProcess@0 00405010     kernel32:KERNEL32.dll
 0002:00000014       __imp__UnhandledExceptionFilter@4 00405014     kernel32:KERNEL32.dll
 0002:00000018       __imp__GetModuleFileNameA@12 00405018     kernel32:KERNEL32.dll
 0002:0000001c       __imp__FreeEnvironmentStringsA@4 0040501c     kernel32:KERNEL32.dll
 0002:00000020       __imp__FreeEnvironmentStringsW@4 00405020     kernel32:KERNEL32.dll
 0002:00000024       __imp__WideCharToMultiByte@32 00405024     kernel32:KERNEL32.dll
 0002:00000028       __imp__GetEnvironmentStrings@0 00405028     kernel32:KERNEL32.dll
 0002:0000002c       __imp__GetEnvironmentStringsW@0 0040502c     kernel32:KERNEL32.dll
 0002:00000030       __imp__SetHandleCount@4    00405030     kernel32:KERNEL32.dll
 0002:00000034       __imp__GetStdHandle@4      00405034     kernel32:KERNEL32.dll
 0002:00000038       __imp__GetFileType@4       00405038     kernel32:KERNEL32.dll
 0002:0000003c       __imp__GetStartupInfoA@4   0040503c     kernel32:KERNEL32.dll
 0002:00000040       __imp__GetModuleHandleA@4  00405040     kernel32:KERNEL32.dll
 0002:00000044       __imp__GetEnvironmentVariableA@12 00405044     kernel32:KERNEL32.dll
 0002:00000048       __imp__GetVersionExA@4     00405048     kernel32:KERNEL32.dll
 0002:0000004c       __imp__HeapDestroy@4       0040504c     kernel32:KERNEL32.dll
 0002:00000050       __imp__HeapCreate@12       00405050     kernel32:KERNEL32.dll
 0002:00000054       __imp__VirtualFree@12      00405054     kernel32:KERNEL32.dll
 0002:00000058       __imp__HeapFree@12         00405058     kernel32:KERNEL32.dll
 0002:0000005c       __imp__RtlUnwind@16        0040505c     kernel32:KERNEL32.dll
 0002:00000060       __imp__WriteFile@20        00405060     kernel32:KERNEL32.dll
 0002:00000064       __imp__HeapAlloc@12        00405064     kernel32:KERNEL32.dll
 0002:00000068       __imp__GetCPInfo@8         00405068     kernel32:KERNEL32.dll
 0002:0000006c       __imp__GetACP@0            0040506c     kernel32:KERNEL32.dll
 0002:00000070       __imp__GetOEMCP@0          00405070     kernel32:KERNEL32.dll
 0002:00000074       __imp__VirtualAlloc@16     00405074     kernel32:KERNEL32.dll
 0002:00000078       __imp__HeapReAlloc@16      00405078     kernel32:KERNEL32.dll
 0002:0000007c       __imp__GetProcAddress@8    0040507c     kernel32:KERNEL32.dll
 0002:00000080       __imp__LoadLibraryA@4      00405080     kernel32:KERNEL32.dll
 0002:00000084       __imp__MultiByteToWideChar@24 00405084     kernel32:KERNEL32.dll
 0002:00000088       __imp__LCMapStringA@24     00405088     kernel32:KERNEL32.dll
 0002:0000008c       __imp__LCMapStringW@24     0040508c     kernel32:KERNEL32.dll
 0002:00000090       __imp__GetStringTypeA@20   00405090     kernel32:KERNEL32.dll
 0002:00000094       __imp__GetStringTypeW@16   00405094     kernel32:KERNEL32.dll
 0002:00000098       \177KERNEL32_NULL_THUNK_DATA 00405098     kernel32:KERNEL32.dll
 0002:000000ac       ??_C@_0BH@PHHF@__GLOBAL_HEAP_SELECTED?$AA@ 004050ac     LIBC:heapinit.obj
 0002:000000c4       ??_C@_0BF@BBGL@__MSVCRT_HEAP_SELECT?$AA@ 004050c4     LIBC:heapinit.obj
 0002:000000dc       ??_C@_0P@GGKG@runtime?5error?5?$AA@ 004050dc     LIBC:crt0msg.obj
 0002:000000ec       ??_C@_02PIMC@?$AN?6?$AA@   004050ec     LIBC:crt0msg.obj
 0002:000000f0       ??_C@_0O@DELO@TLOSS?5error?$AN?6?$AA@ 004050f0     LIBC:crt0msg.obj
 0002:00000100       ??_C@_0N@OMLL@SING?5error?$AN?6?$AA@ 00405100     LIBC:crt0msg.obj
 0002:00000110       ??_C@_0P@OJAK@DOMAIN?5error?$AN?6?$AA@ 00405110     LIBC:crt0msg.obj
 0002:00000120       ??_C@_0CF@EANP@R6028?$AN?6?9?5unable?5to?5initialize?5he@ 00405120     LIBC:crt0msg.obj
 0002:00000148       ??_C@_0DF@ECGN@R6027?$AN?6?9?5not?5enough?5space?5for?5lo@ 00405148     LIBC:crt0msg.obj
 0002:00000180       ??_C@_0DF@FKAC@R6026?$AN?6?9?5not?5enough?5space?5for?5st@ 00405180     LIBC:crt0msg.obj
 0002:000001b8       ??_C@_0CG@DPMN@R6025?$AN?6?9?5pure?5virtual?5function?5c@ 004051b8     LIBC:crt0msg.obj
 0002:000001e0       ??_C@_0DF@CKIP@R6024?$AN?6?9?5not?5enough?5space?5for?5_o@ 004051e0     LIBC:crt0msg.obj
 0002:00000218       ??_C@_0CJ@GGOE@R6019?$AN?6?9?5unable?5to?5open?5console?5@ 00405218     LIBC:crt0msg.obj
 0002:00000244       ??_C@_0CB@LBOB@R6018?$AN?6?9?5unexpected?5heap?5error?$AN?6@ 00405244     LIBC:crt0msg.obj
 0002:00000268       ??_C@_0CN@FPEG@R6017?$AN?6?9?5unexpected?5multithread?5@ 00405268     LIBC:crt0msg.obj
 0002:00000298       ??_C@_0CM@OBIC@R6016?$AN?6?9?5not?5enough?5space?5for?5th@ 00405298     LIBC:crt0msg.obj
 0002:000002c4       ??_C@_0CB@HPAL@?$AN?6abnormal?5program?5termination?$AN?6@ 004052c4     LIBC:crt0msg.obj
 0002:000002e8       ??_C@_0CM@JOOB@R6009?$AN?6?9?5not?5enough?5space?5for?5en@ 004052e8     LIBC:crt0msg.obj
 0002:00000314       ??_C@_0CK@OIBL@R6008?$AN?6?9?5not?5enough?5space?5for?5ar@ 00405314     LIBC:crt0msg.obj
 0002:00000340       ??_C@_0CF@LKPB@R6002?$AN?6?9?5floating?5point?5not?5load@ 00405340     LIBC:crt0msg.obj
 0002:00000368       ??_C@_0CF@JPDF@Microsoft?5Visual?5C?$CL?$CL?5Runtime?5Lib@ 00405368     LIBC:crt0msg.obj
 0002:00000390       ??_C@_02JJJH@?6?6?$AA@     00405390     LIBC:crt0msg.obj
 0002:00000394       ??_C@_0BK@DEOK@Runtime?5Error?$CB?6?6Program?3?5?$AA@ 00405394     LIBC:crt0msg.obj
 0002:000003b0       ??_C@_03NAME@?4?4?4?$AA@   004053b0     LIBC:crt0msg.obj
 0002:000003b4       ??_C@_0BH@NNCD@?$DMprogram?5name?5unknown?$DO?$AA@ 004053b4     LIBC:crt0msg.obj
 0002:000003cc       ??_C@_0BD@NJFP@GetLastActivePopup?$AA@ 004053cc     LIBC:crtmbox.obj
 0002:000003e0       ??_C@_0BA@GILI@GetActiveWindow?$AA@ 004053e0     LIBC:crtmbox.obj
 0002:000003f0       ??_C@_0M@PKCK@MessageBoxA?$AA@ 004053f0     LIBC:crtmbox.obj
 0002:000003fc       ??_C@_0L@HKL@user32?4dll?$AA@ 004053fc     LIBC:crtmbox.obj
 0002:00000408       ??_C@_01A@?$AA?$AA@        00405408     LIBC:a_map.obj
 0002:0000040c       ??_C@_13A@?$AA?$AA?$AA?$AA@ 0040540c     LIBC:a_map.obj
 0002:00000434       __IMPORT_DESCRIPTOR_KERNEL32 00405434     kernel32:KERNEL32.dll
 0002:00000448       __NULL_IMPORT_DESCRIPTOR   00405448     kernel32:KERNEL32.dll
 0003:00000000       ___xc_a                    00406000     LIBC:crt0init.obj
 0003:00000004       ___xc_z                    00406004     LIBC:crt0init.obj
 0003:00000008       ___xi_a                    00406008     LIBC:crt0init.obj
 0003:00000010       ___xi_z                    00406010     LIBC:crt0init.obj
 0003:00000014       ___xp_a                    00406014     LIBC:crt0init.obj
 0003:00000018       ___xp_z                    00406018     LIBC:crt0init.obj
 0003:0000001c       ___xt_a                    0040601c     LIBC:crt0init.obj
 0003:00000020       ___xt_z                    00406020     LIBC:crt0init.obj
 0003:00000048       __aexit_rtn                00406048     LIBC:crt0.obj
 0003:0000004c       ___app_type                0040604c     LIBC:crt0.obj
 0003:00000050       __XcptActTab               00406050     LIBC:winxfltr.obj
 0003:000000c8       __First_FPE_Indx           004060c8     LIBC:winxfltr.obj
 0003:000000cc       __Num_FPE                  004060cc     LIBC:winxfltr.obj
 0003:000000d0       __XcptActTabCount          004060d0     LIBC:winxfltr.obj
 0003:000000d4       __fpecode                  004060d4     LIBC:winxfltr.obj
 0003:000000d8       ___badioinfo               004060d8     LIBC:ioinit.obj
 0003:000000e0       __amblksiz                 004060e0     LIBC:heapinit.obj
 0003:000000e4       __NLG_Destination          004060e4     LIBC:exsup.obj
 0003:00000290       ___old_small_block_heap    00406290     LIBC:sbheap.obj
 0003:000022b4       ___old_sbh_threshold       004082b4     LIBC:sbheap.obj
 0003:000022c0       __pctype                   004082c0     LIBC:ctype.obj
 0003:000022c4       __pwctype                  004082c4     LIBC:ctype.obj
 0003:000022c8       __ctype                    004082c8     LIBC:ctype.obj
 0003:000024cc       ___mb_cur_max              004084cc     LIBC:nlsdata1.obj
 0003:000024d0       ___decimal_point           004084d0     LIBC:nlsdata1.obj
 0003:000024d4       ___decimal_point_length    004084d4     LIBC:nlsdata1.obj
 0003:000024e0       __aenvptr                  004084e0     LIBC:crt0.obj
 0003:000024e4       __wenvptr                  004084e4     LIBC:crt0.obj
 0003:000024e8       ___error_mode              004084e8     LIBC:crt0.obj
 0003:000024ec       _errno                     004084ec     LIBC:crt0dat.obj
 0003:000024f0       __doserrno                 004084f0     LIBC:crt0dat.obj
 0003:000024f4       __umaskval                 004084f4     LIBC:crt0dat.obj
 0003:000024f8       __osver                    004084f8     LIBC:crt0dat.obj
 0003:000024fc       __winver                   004084fc     LIBC:crt0dat.obj
 0003:00002500       __winmajor                 00408500     LIBC:crt0dat.obj
 0003:00002504       __winminor                 00408504     LIBC:crt0dat.obj
 0003:00002508       ___argc                    00408508     LIBC:crt0dat.obj
 0003:0000250c       ___argv                    0040850c     LIBC:crt0dat.obj
 0003:00002510       ___wargv                   00408510     LIBC:crt0dat.obj
 0003:00002514       __environ                  00408514     LIBC:crt0dat.obj
 0003:00002518       ___initenv                 00408518     LIBC:crt0dat.obj
 0003:0000251c       __wenviron                 0040851c     LIBC:crt0dat.obj
 0003:00002520       ___winitenv                00408520     LIBC:crt0dat.obj
 0003:00002524       __pgmptr                   00408524     LIBC:crt0dat.obj
 0003:00002528       __wpgmptr                  00408528     LIBC:crt0dat.obj
 0003:0000252c       __exitflag                 0040852c     LIBC:crt0dat.obj
 0003:00002530       __C_Termination_Done       00408530     LIBC:crt0dat.obj
 0003:00002534       __C_Exit_Done              00408534     LIBC:crt0dat.obj
 0003:00002538       __pxcptinfoptrs            00408538     LIBC:winxfltr.obj
 0003:00002644       __adbgmsg                  00408644     LIBC:crt0msg.obj
 0003:0000265c       __newmode                  0040865c     LIBC:_newmode.obj
 0003:00002660       ?_pnhHeap@@3P6AHI@ZA       00408660     LIBC:handler.obj
 0003:00002664       ___lc_handle               00408664     LIBC:nlsdata2.obj
 0003:0000267c       ___lc_codepage             0040867c     LIBC:nlsdata2.obj
 0003:00002680       ___lc_collate_cp           00408680     LIBC:nlsdata2.obj
 0003:0000268c       ___sbh_sizeHeaderList      0040868c     <common>
 0003:00002690       ___sbh_indGroupDefer       00408690     <common>
 0003:00002694       ___sbh_pHeaderScan         00408694     <common>
 0003:00002698       ___sbh_pHeaderDefer        00408698     <common>
 0003:0000269c       ___sbh_cntHeaderList       0040869c     <common>
 0003:000026a0       ___sbh_pHeaderList         004086a0     <common>
 0003:000026a4       ___sbh_threshold           004086a4     <common>
 0003:000026a8       ___mbcodepage              004086a8     <common>
 0003:000026b0       ___mbulinfo                004086b0     <common>
 0003:000026bc       ___ismbcodepage            004086bc     <common>
 0003:000026c0       __mbcasemap                004086c0     <common>
 0003:000027c0       __mbctype                  004087c0     <common>
 0003:000028c4       ___mblcid                  004088c4     <common>
 0003:000028c8       __crtheap                  004088c8     <common>
 0003:000028cc       ___active_heap             004088cc     <common>
 0003:000028e0       ___pioinfo                 004088e0     <common>
 0003:000029e0       __nhandle                  004089e0     <common>
 0003:000029e4       ___env_initialized         004089e4     <common>
 0003:000029e8       ___mbctype_initialized     004089e8     <common>
 0003:000029ec       ___onexitend               004089ec     <common>
 0003:000029f0       ___onexitbegin             004089f0     <common>
 0003:000029f4       __FPinit                   004089f4     <common>
 0003:000029f8       __acmdln                   004089f8     <common>

 entry point at        0001:0000004a

 Static symbols

 0001:00003220       LeadUp1                    00404220 f   LIBC:memmove.obj
 0001:0000324c       LeadUp2                    0040424c f   LIBC:memmove.obj
 0001:00003270       LeadUp3                    00404270 f   LIBC:memmove.obj
 0001:000032ef       UnwindUp0                  004042ef f   LIBC:memmove.obj
 0001:000032dc       UnwindUp1                  004042dc f   LIBC:memmove.obj
 0001:000032d4       UnwindUp2                  004042d4 f   LIBC:memmove.obj
 0001:000032cc       UnwindUp3                  004042cc f   LIBC:memmove.obj
 0001:000032c4       UnwindUp4                  004042c4 f   LIBC:memmove.obj
 0001:000032bc       UnwindUp5                  004042bc f   LIBC:memmove.obj
 0001:000032b4       UnwindUp6                  004042b4 f   LIBC:memmove.obj
 0001:000032ac       UnwindUp7                  004042ac f   LIBC:memmove.obj
 0001:00003308       TrailUp0                   00404308 f   LIBC:memmove.obj
 0001:00003310       TrailUp1                   00404310 f   LIBC:memmove.obj
 0001:0000331c       TrailUp2                   0040431c f   LIBC:memmove.obj
 0001:00003330       TrailUp3                   00404330 f   LIBC:memmove.obj
 0001:000033a8       LeadDown1                  004043a8 f   LIBC:memmove.obj
 0001:000033c8       LeadDown2                  004043c8 f   LIBC:memmove.obj
 0001:000033f0       LeadDown3                  004043f0 f   LIBC:memmove.obj
 0001:00003444       UnwindDown7                00404444 f   LIBC:memmove.obj
 0001:0000344c       UnwindDown6                0040444c f   LIBC:memmove.obj
 0001:00003454       UnwindDown5                00404454 f   LIBC:memmove.obj
 0001:0000345c       UnwindDown4                0040445c f   LIBC:memmove.obj
 0001:00003464       UnwindDown3                00404464 f   LIBC:memmove.obj
 0001:0000346c       UnwindDown2                0040446c f   LIBC:memmove.obj
 0001:00003474       UnwindDown1                00404474 f   LIBC:memmove.obj
 0001:00003487       UnwindDown0                00404487 f   LIBC:memmove.obj
 0001:000034a0       TrailDown0                 004044a0 f   LIBC:memmove.obj
 0001:000034a8       TrailDown1                 004044a8 f   LIBC:memmove.obj
 0001:000034b8       TrailDown2                 004044b8 f   LIBC:memmove.obj
 0001:000034cc       TrailDown3                 004044cc f   LIBC:memmove.obj
 0001:00002eed       _strncnt                   00403eed f   LIBC:a_map.obj
 0001:000018dc       _strtoxl                   004028dc f   LIBC:strtol.obj
 0001:00001600       LeadUp1                    00402600 f   LIBC:memcpy.obj
 0001:0000162c       LeadUp2                    0040262c f   LIBC:memcpy.obj
 0001:00001650       LeadUp3                    00402650 f   LIBC:memcpy.obj
 0001:000016cf       UnwindUp0                  004026cf f   LIBC:memcpy.obj
 0001:000016bc       UnwindUp1                  004026bc f   LIBC:memcpy.obj
 0001:000016b4       UnwindUp2                  004026b4 f   LIBC:memcpy.obj
 0001:000016ac       UnwindUp3                  004026ac f   LIBC:memcpy.obj
 0001:000016a4       UnwindUp4                  004026a4 f   LIBC:memcpy.obj
 0001:0000169c       UnwindUp5                  0040269c f   LIBC:memcpy.obj
 0001:00001694       UnwindUp6                  00402694 f   LIBC:memcpy.obj
 0001:0000168c       UnwindUp7                  0040268c f   LIBC:memcpy.obj
 0001:000016e8       TrailUp0                   004026e8 f   LIBC:memcpy.obj
 0001:000016f0       TrailUp1                   004026f0 f   LIBC:memcpy.obj
 0001:000016fc       TrailUp2                   004026fc f   LIBC:memcpy.obj
 0001:00001710       TrailUp3                   00402710 f   LIBC:memcpy.obj
 0001:00001788       LeadDown1                  00402788 f   LIBC:memcpy.obj
 0001:000017a8       LeadDown2                  004027a8 f   LIBC:memcpy.obj
 0001:000017d0       LeadDown3                  004027d0 f   LIBC:memcpy.obj
 0001:00001824       UnwindDown7                00402824 f   LIBC:memcpy.obj
 0001:0000182c       UnwindDown6                0040282c f   LIBC:memcpy.obj
 0001:00001834       UnwindDown5                00402834 f   LIBC:memcpy.obj
 0001:0000183c       UnwindDown4                0040283c f   LIBC:memcpy.obj
 0001:00001844       UnwindDown3                00402844 f   LIBC:memcpy.obj
 0001:0000184c       UnwindDown2                0040284c f   LIBC:memcpy.obj
 0001:00001854       UnwindDown1                00402854 f   LIBC:memcpy.obj
 0001:00001867       UnwindDown0                00402867 f   LIBC:memcpy.obj
 0001:00001880       TrailDown0                 00402880 f   LIBC:memcpy.obj
 0001:00001888       TrailDown1                 00402888 f   LIBC:memcpy.obj
 0001:00001898       TrailDown2                 00402898 f   LIBC:memcpy.obj
 0001:000018ac       TrailDown3                 004028ac f   LIBC:memcpy.obj
 0001:00001344       _getSystemCP               00402344 f   LIBC:mbctype.obj
 0001:0000138e       _CPtoLCID                  0040238e f   LIBC:mbctype.obj
 0001:000013c1       _setSBCS                   004023c1 f   LIBC:mbctype.obj
 0001:000013ea       _setSBUpLow                004023ea f   LIBC:mbctype.obj
 0001:00000bc8       _gu_return                 00401bc8 f   LIBC:exsup.obj
 0001:00000bd0       __unwind_handler           00401bd0 f   LIBC:exsup.obj
 0001:0000054a       _parse_cmdline             0040154a f   LIBC:stdargv.obj
 0001:000003b5       _xcptlookup                004013b5 f   LIBC:winxfltr.obj
 0001:000001c1       _doexit                    004011c1 f   LIBC:crt0dat.obj
 0001:0000025a       __initterm                 0040125a f   LIBC:crt0dat.obj
 0001:0000014e       _fast_error_exit           0040114e f   LIBC:crt0.obj
