 stack08m

 Timestamp is 584bd77f (Sat Dec 10 19:22:55 2016)

 Preferred load address is 00400000

 Start         Length     Name                   Class
 0001:00000000 00004c30H .text                   CODE
 0002:00000000 000000b4H .idata$5                DATA
 0002:000000b8 0000040cH .rdata                  DATA
 0002:000004c4 00000014H .idata$2                DATA
 0002:000004d8 00000014H .idata$3                DATA
 0002:000004ec 000000b4H .idata$4                DATA
 0002:000005a0 00000308H .idata$6                DATA
 0002:000008a8 00000000H .edata                  DATA
 0003:00000000 00000004H .CRT$XCA                DATA
 0003:00000004 00000004H .CRT$XCZ                DATA
 0003:00000008 00000004H .CRT$XIA                DATA
 0003:0000000c 00000008H .CRT$XIC                DATA
 0003:00000014 00000004H .CRT$XIZ                DATA
 0003:00000018 00000004H .CRT$XPA                DATA
 0003:0000001c 00000004H .CRT$XPX                DATA
 0003:00000020 00000004H .CRT$XPZ                DATA
 0003:00000024 00000004H .CRT$XTA                DATA
 0003:00000028 00000004H .CRT$XTZ                DATA
 0003:00000030 000028d0H .data                   DATA
 0003:00002900 00001548H .bss                    DATA

  Address         Publics by Value              Rva+Base     Lib:Object

 0001:00000000       _main                      00401000 f   stack08.obj
 0001:00000036       _gets                      00401036 f   LIBC:gets.obj
 0001:00000080       _printf                    00401080 f   LIBC:printf.obj
 0001:000000b1       _mainCRTStartup            004010b1 f   LIBC:crt0.obj
 0001:00000190       __amsg_exit                00401190 f   LIBC:crt0.obj
 0001:000001d9       __filbuf                   004011d9 f   LIBC:_filbuf.obj
 0001:000002b2       ___initstdio               004012b2 f   LIBC:_file.obj
 0001:00000357       ___endstdio                00401357 f   LIBC:_file.obj
 0001:0000036b       __stbuf                    0040136b f   LIBC:_sftbuf.obj
 0001:000003f8       __ftbuf                    004013f8 f   LIBC:_sftbuf.obj
 0001:00000435       __output                   00401435 f   LIBC:output.obj
 0001:00000c9c       __cinit                    00401c9c f   LIBC:crt0dat.obj
 0001:00000cc9       _exit                      00401cc9 f   LIBC:crt0dat.obj
 0001:00000cda       __exit                     00401cda f   LIBC:crt0dat.obj
 0001:00000d9e       __XcptFilter               00401d9e f   LIBC:winxfltr.obj
 0001:00000f22       __setenvp                  00401f22 f   LIBC:stdenvp.obj
 0001:00000fdb       __setargv                  00401fdb f   LIBC:stdargv.obj
 0001:00001228       ___crtGetEnvironmentStringsA 00402228 f   LIBC:a_env.obj
 0001:0000135a       __ioinit                   0040235a f   LIBC:ioinit.obj
 0001:00001505       __GetLinkerVersion         00402505 f   LIBC:heapinit.obj
 0001:00001532       ___heap_select             00402532 f   LIBC:heapinit.obj
 0001:0000167a       __heap_init                0040267a f   LIBC:heapinit.obj
 0001:000016d8       __global_unwind2           004026d8 f   LIBC:exsup.obj
 0001:0000171a       __local_unwind2            0040271a f   LIBC:exsup.obj
 0001:00001772       __NLG_Return2              00402772 f   LIBC:exsup.obj
 0001:00001782       __abnormal_termination     00402782 f   LIBC:exsup.obj
 0001:000017a5       __NLG_Notify1              004027a5 f   LIBC:exsup.obj
 0001:000017ae       __NLG_Notify               004027ae f   LIBC:exsup.obj
 0001:000017c1       __NLG_Dispatch             004027c1 f   LIBC:exsup.obj
 0001:000017d0       __except_handler3          004027d0 f   LIBC:exsup3.obj
 0001:0000188d       __seh_longjmp_unwind@4     0040288d f   LIBC:exsup3.obj
 0001:000018a8       __FF_MSGBANNER             004028a8 f   LIBC:crt0msg.obj
 0001:000018e1       __NMSG_WRITE               004028e1 f   LIBC:crt0msg.obj
 0001:00001a34       __read                     00402a34 f   LIBC:read.obj
 0001:00001c2a       __getbuf                   00402c2a f   LIBC:_getbuf.obj
 0001:00001c6e       _calloc                    00402c6e f   LIBC:calloc.obj
 0001:00001d1f       __fcloseall                00402d1f f   LIBC:closeall.obj
 0001:00001d77       _fflush                    00402d77 f   LIBC:fflush.obj
 0001:00001db2       __flush                    00402db2 f   LIBC:fflush.obj
 0001:00001e0e       __flushall                 00402e0e f   LIBC:fflush.obj
 0001:00001e84       _malloc                    00402e84 f   LIBC:malloc.obj
 0001:00001e96       __nh_malloc                00402e96 f   LIBC:malloc.obj
 0001:00001ec2       __heap_alloc               00402ec2 f   LIBC:malloc.obj
 0001:00001f36       __isatty                   00402f36 f   LIBC:isatty.obj
 0001:00001f5c       _free                      00402f5c f   LIBC:free.obj
 0001:00001fd0       _strlen                    00402fd0 f   LIBC:strlen.obj
 0001:0000204b       _wctomb                    0040304b f   LIBC:wctomb.obj
 0001:000020c0       __aulldiv                  004030c0 f   LIBC:ulldiv.obj
 0001:00002130       __aullrem                  00403130 f   LIBC:ullrem.obj
 0001:000021a5       __flsbuf                   004031a5 f   LIBC:_flsbuf.obj
 0001:000022c0       _strcpy                    004032c0 f   LIBC:strcat.obj
 0001:000022d0       _strcat                    004032d0 f   LIBC:strcat.obj
 0001:000023b0       __setmbcp                  004033b0 f   LIBC:mbctype.obj
 0001:00002774       ___initmbctable            00403774 f   LIBC:mbctype.obj
 0001:00002790       _memcpy                    00403790 f   LIBC:memcpy.obj
 0001:00002ac5       _strtol                    00403ac5 f   LIBC:strtol.obj
 0001:00002d00       _strchr                    00403d00 f   LIBC:strchr.obj
 0001:00002d06       ___from_strstr_to_strchr   00403d06 f   LIBC:strchr.obj
 0001:00002dc0       _strstr                    00403dc0 f   LIBC:strstr.obj
 0001:00002e40       _strncmp                   00403e40 f   LIBC:strncmp.obj
 0001:00002e80       __chkstk                   00403e80 f   LIBC:chkstk.obj
 0001:00002e80       __alloca_probe             00403e80 f   LIBC:chkstk.obj
 0001:00002eaf       ___sbh_heap_init           00403eaf f   LIBC:sbheap.obj
 0001:00002ef7       ___sbh_find_block          00403ef7 f   LIBC:sbheap.obj
 0001:00002f22       ___sbh_free_block          00403f22 f   LIBC:sbheap.obj
 0001:0000324b       ___sbh_alloc_block         0040424b f   LIBC:sbheap.obj
 0001:00003554       ___sbh_alloc_new_region    00404554 f   LIBC:sbheap.obj
 0001:00003605       ___sbh_alloc_new_group     00404605 f   LIBC:sbheap.obj
 0001:00003700       ___old_sbh_new_region      00404700 f   LIBC:sbheap.obj
 0001:00003844       ___old_sbh_release_region  00404844 f   LIBC:sbheap.obj
 0001:0000389a       ___old_sbh_decommit_pages  0040489a f   LIBC:sbheap.obj
 0001:0000395c       ___old_sbh_find_block      0040495c f   LIBC:sbheap.obj
 0001:000039b3       ___old_sbh_free_block      004049b3 f   LIBC:sbheap.obj
 0001:000039f8       ___old_sbh_alloc_block     004049f8 f   LIBC:sbheap.obj
 0001:00003c00       ___old_sbh_alloc_block_from_page 00404c00 f   LIBC:sbheap.obj
 0001:00003d24       ___crtMessageBoxA          00404d24 f   LIBC:crtmbox.obj
 0001:00003db0       _strncpy                   00404db0 f   LIBC:strncpy.obj
 0001:00003eae       __lseek                    00404eae f   LIBC:lseek.obj
 0001:00003f48       __dosmaperr                00404f48 f   LIBC:dosmap.obj
 0001:00003fb0       _memset                    00404fb0 f   LIBC:memset.obj
 0001:00004008       __callnewh                 00405008 f   LIBC:handler.obj
 0001:00004023       _fclose                    00405023 f   LIBC:fclose.obj
 0001:00004079       __commit                   00405079 f   LIBC:commit.obj
 0001:000040d0       __write                    004050d0 f   LIBC:write.obj
 0001:0000427d       __fptrap                   0040527d f   LIBC:crt0fp.obj
 0001:00004286       ___crtLCMapStringA         00405286 f   LIBC:a_map.obj
 0001:000044d5       ___crtGetStringTypeA       004054d5 f   LIBC:a_str.obj
 0001:0000461e       _toupper                   0040561e f   LIBC:toupper.obj
 0001:000046ea       __isctype                  004056ea f   LIBC:isctype.obj
 0001:00004760       _memmove                   00405760 f   LIBC:memmove.obj
 0001:00004a95       __free_osfhnd              00405a95 f   LIBC:osfinfo.obj
 0001:00004b0f       __get_osfhandle            00405b0f f   LIBC:osfinfo.obj
 0001:00004b4c       __close                    00405b4c f   LIBC:close.obj
 0001:00004bff       __freebuf                  00405bff f   LIBC:_freebuf.obj
 0001:00004c2a       _RtlUnwind@16              00405c2a f   kernel32:KERNEL32.dll
 0002:00000000       __imp__GetCommandLineA@0   00406000     kernel32:KERNEL32.dll
 0002:00000004       __imp__GetVersion@0        00406004     kernel32:KERNEL32.dll
 0002:00000008       __imp__ExitProcess@4       00406008     kernel32:KERNEL32.dll
 0002:0000000c       __imp__TerminateProcess@8  0040600c     kernel32:KERNEL32.dll
 0002:00000010       __imp__GetCurrentProcess@0 00406010     kernel32:KERNEL32.dll
 0002:00000014       __imp__UnhandledExceptionFilter@4 00406014     kernel32:KERNEL32.dll
 0002:00000018       __imp__GetModuleFileNameA@12 00406018     kernel32:KERNEL32.dll
 0002:0000001c       __imp__FreeEnvironmentStringsA@4 0040601c     kernel32:KERNEL32.dll
 0002:00000020       __imp__FreeEnvironmentStringsW@4 00406020     kernel32:KERNEL32.dll
 0002:00000024       __imp__WideCharToMultiByte@32 00406024     kernel32:KERNEL32.dll
 0002:00000028       __imp__GetEnvironmentStrings@0 00406028     kernel32:KERNEL32.dll
 0002:0000002c       __imp__GetEnvironmentStringsW@0 0040602c     kernel32:KERNEL32.dll
 0002:00000030       __imp__SetHandleCount@4    00406030     kernel32:KERNEL32.dll
 0002:00000034       __imp__GetStdHandle@4      00406034     kernel32:KERNEL32.dll
 0002:00000038       __imp__GetFileType@4       00406038     kernel32:KERNEL32.dll
 0002:0000003c       __imp__GetStartupInfoA@4   0040603c     kernel32:KERNEL32.dll
 0002:00000040       __imp__GetModuleHandleA@4  00406040     kernel32:KERNEL32.dll
 0002:00000044       __imp__GetEnvironmentVariableA@12 00406044     kernel32:KERNEL32.dll
 0002:00000048       __imp__GetVersionExA@4     00406048     kernel32:KERNEL32.dll
 0002:0000004c       __imp__HeapDestroy@4       0040604c     kernel32:KERNEL32.dll
 0002:00000050       __imp__HeapCreate@12       00406050     kernel32:KERNEL32.dll
 0002:00000054       __imp__VirtualFree@12      00406054     kernel32:KERNEL32.dll
 0002:00000058       __imp__HeapFree@12         00406058     kernel32:KERNEL32.dll
 0002:0000005c       __imp__RtlUnwind@16        0040605c     kernel32:KERNEL32.dll
 0002:00000060       __imp__WriteFile@20        00406060     kernel32:KERNEL32.dll
 0002:00000064       __imp__GetLastError@0      00406064     kernel32:KERNEL32.dll
 0002:00000068       __imp__ReadFile@20         00406068     kernel32:KERNEL32.dll
 0002:0000006c       __imp__HeapAlloc@12        0040606c     kernel32:KERNEL32.dll
 0002:00000070       __imp__GetCPInfo@8         00406070     kernel32:KERNEL32.dll
 0002:00000074       __imp__GetACP@0            00406074     kernel32:KERNEL32.dll
 0002:00000078       __imp__GetOEMCP@0          00406078     kernel32:KERNEL32.dll
 0002:0000007c       __imp__VirtualAlloc@16     0040607c     kernel32:KERNEL32.dll
 0002:00000080       __imp__HeapReAlloc@16      00406080     kernel32:KERNEL32.dll
 0002:00000084       __imp__GetProcAddress@8    00406084     kernel32:KERNEL32.dll
 0002:00000088       __imp__LoadLibraryA@4      00406088     kernel32:KERNEL32.dll
 0002:0000008c       __imp__SetFilePointer@16   0040608c     kernel32:KERNEL32.dll
 0002:00000090       __imp__FlushFileBuffers@4  00406090     kernel32:KERNEL32.dll
 0002:00000094       __imp__MultiByteToWideChar@24 00406094     kernel32:KERNEL32.dll
 0002:00000098       __imp__LCMapStringA@24     00406098     kernel32:KERNEL32.dll
 0002:0000009c       __imp__LCMapStringW@24     0040609c     kernel32:KERNEL32.dll
 0002:000000a0       __imp__GetStringTypeA@20   004060a0     kernel32:KERNEL32.dll
 0002:000000a4       __imp__GetStringTypeW@16   004060a4     kernel32:KERNEL32.dll
 0002:000000a8       __imp__SetStdHandle@8      004060a8     kernel32:KERNEL32.dll
 0002:000000ac       __imp__CloseHandle@4       004060ac     kernel32:KERNEL32.dll
 0002:000000b0       \177KERNEL32_NULL_THUNK_DATA 004060b0     kernel32:KERNEL32.dll
 0002:000000c4       ___lookuptable             004060c4     LIBC:output.obj
 0002:00000120       ??_C@_1O@POHA@?$AA?$CI?$AAn?$AAu?$AAl?$AAl?$AA?$CJ?$AA?$AA@ 00406120     LIBC:output.obj
 0002:00000130       ??_C@_06ONKE@?$CInull?$CJ?$AA@ 00406130     LIBC:output.obj
 0002:00000138       ??_C@_0BH@PHHF@__GLOBAL_HEAP_SELECTED?$AA@ 00406138     LIBC:heapinit.obj
 0002:00000150       ??_C@_0BF@BBGL@__MSVCRT_HEAP_SELECT?$AA@ 00406150     LIBC:heapinit.obj
 0002:00000168       ??_C@_0P@GGKG@runtime?5error?5?$AA@ 00406168     LIBC:crt0msg.obj
 0002:00000178       ??_C@_02PIMC@?$AN?6?$AA@   00406178     LIBC:crt0msg.obj
 0002:0000017c       ??_C@_0O@DELO@TLOSS?5error?$AN?6?$AA@ 0040617c     LIBC:crt0msg.obj
 0002:0000018c       ??_C@_0N@OMLL@SING?5error?$AN?6?$AA@ 0040618c     LIBC:crt0msg.obj
 0002:0000019c       ??_C@_0P@OJAK@DOMAIN?5error?$AN?6?$AA@ 0040619c     LIBC:crt0msg.obj
 0002:000001ac       ??_C@_0CF@EANP@R6028?$AN?6?9?5unable?5to?5initialize?5he@ 004061ac     LIBC:crt0msg.obj
 0002:000001d4       ??_C@_0DF@ECGN@R6027?$AN?6?9?5not?5enough?5space?5for?5lo@ 004061d4     LIBC:crt0msg.obj
 0002:0000020c       ??_C@_0DF@FKAC@R6026?$AN?6?9?5not?5enough?5space?5for?5st@ 0040620c     LIBC:crt0msg.obj
 0002:00000244       ??_C@_0CG@DPMN@R6025?$AN?6?9?5pure?5virtual?5function?5c@ 00406244     LIBC:crt0msg.obj
 0002:0000026c       ??_C@_0DF@CKIP@R6024?$AN?6?9?5not?5enough?5space?5for?5_o@ 0040626c     LIBC:crt0msg.obj
 0002:000002a4       ??_C@_0CJ@GGOE@R6019?$AN?6?9?5unable?5to?5open?5console?5@ 004062a4     LIBC:crt0msg.obj
 0002:000002d0       ??_C@_0CB@LBOB@R6018?$AN?6?9?5unexpected?5heap?5error?$AN?6@ 004062d0     LIBC:crt0msg.obj
 0002:000002f4       ??_C@_0CN@FPEG@R6017?$AN?6?9?5unexpected?5multithread?5@ 004062f4     LIBC:crt0msg.obj
 0002:00000324       ??_C@_0CM@OBIC@R6016?$AN?6?9?5not?5enough?5space?5for?5th@ 00406324     LIBC:crt0msg.obj
 0002:00000350       ??_C@_0CB@HPAL@?$AN?6abnormal?5program?5termination?$AN?6@ 00406350     LIBC:crt0msg.obj
 0002:00000374       ??_C@_0CM@JOOB@R6009?$AN?6?9?5not?5enough?5space?5for?5en@ 00406374     LIBC:crt0msg.obj
 0002:000003a0       ??_C@_0CK@OIBL@R6008?$AN?6?9?5not?5enough?5space?5for?5ar@ 004063a0     LIBC:crt0msg.obj
 0002:000003cc       ??_C@_0CF@LKPB@R6002?$AN?6?9?5floating?5point?5not?5load@ 004063cc     LIBC:crt0msg.obj
 0002:000003f4       ??_C@_0CF@JPDF@Microsoft?5Visual?5C?$CL?$CL?5Runtime?5Lib@ 004063f4     LIBC:crt0msg.obj
 0002:0000041c       ??_C@_02JJJH@?6?6?$AA@     0040641c     LIBC:crt0msg.obj
 0002:00000420       ??_C@_0BK@DEOK@Runtime?5Error?$CB?6?6Program?3?5?$AA@ 00406420     LIBC:crt0msg.obj
 0002:0000043c       ??_C@_03NAME@?4?4?4?$AA@   0040643c     LIBC:crt0msg.obj
 0002:00000440       ??_C@_0BH@NNCD@?$DMprogram?5name?5unknown?$DO?$AA@ 00406440     LIBC:crt0msg.obj
 0002:00000458       ??_C@_0BD@NJFP@GetLastActivePopup?$AA@ 00406458     LIBC:crtmbox.obj
 0002:0000046c       ??_C@_0BA@GILI@GetActiveWindow?$AA@ 0040646c     LIBC:crtmbox.obj
 0002:0000047c       ??_C@_0M@PKCK@MessageBoxA?$AA@ 0040647c     LIBC:crtmbox.obj
 0002:00000488       ??_C@_0L@HKL@user32?4dll?$AA@ 00406488     LIBC:crtmbox.obj
 0002:00000494       ??_C@_01A@?$AA?$AA@        00406494     LIBC:a_map.obj
 0002:00000498       ??_C@_13A@?$AA?$AA?$AA?$AA@ 00406498     LIBC:a_map.obj
 0002:000004c4       __IMPORT_DESCRIPTOR_KERNEL32 004064c4     kernel32:KERNEL32.dll
 0002:000004d8       __NULL_IMPORT_DESCRIPTOR   004064d8     kernel32:KERNEL32.dll
 0003:00000000       ___xc_a                    00407000     LIBC:crt0init.obj
 0003:00000004       ___xc_z                    00407004     LIBC:crt0init.obj
 0003:00000008       ___xi_a                    00407008     LIBC:crt0init.obj
 0003:00000014       ___xi_z                    00407014     LIBC:crt0init.obj
 0003:00000018       ___xp_a                    00407018     LIBC:crt0init.obj
 0003:00000020       ___xp_z                    00407020     LIBC:crt0init.obj
 0003:00000024       ___xt_a                    00407024     LIBC:crt0init.obj
 0003:00000028       ___xt_z                    00407028     LIBC:crt0init.obj
 0003:00000054       __aexit_rtn                00407054     LIBC:crt0.obj
 0003:00000058       ___app_type                00407058     LIBC:crt0.obj
 0003:00000060       __iob                      00407060     LIBC:_file.obj
 0003:000002e0       ___nullstring              004072e0     LIBC:output.obj
 0003:000002e4       ___wnullstring             004072e4     LIBC:output.obj
 0003:000002e8       __XcptActTab               004072e8     LIBC:winxfltr.obj
 0003:00000360       __First_FPE_Indx           00407360     LIBC:winxfltr.obj
 0003:00000364       __Num_FPE                  00407364     LIBC:winxfltr.obj
 0003:00000368       __XcptActTabCount          00407368     LIBC:winxfltr.obj
 0003:0000036c       __fpecode                  0040736c     LIBC:winxfltr.obj
 0003:00000370       ___badioinfo               00407370     LIBC:ioinit.obj
 0003:00000378       __amblksiz                 00407378     LIBC:heapinit.obj
 0003:0000037c       __NLG_Destination          0040737c     LIBC:exsup.obj
 0003:00000420       __cfltcvt_tab              00407420     LIBC:cmiscdat.obj
 0003:00000438       __pctype                   00407438     LIBC:ctype.obj
 0003:0000043c       __pwctype                  0040743c     LIBC:ctype.obj
 0003:00000440       __ctype                    00407440     LIBC:ctype.obj
 0003:00000750       ___old_small_block_heap    00407750     LIBC:sbheap.obj
 0003:00002774       ___old_sbh_threshold       00409774     LIBC:sbheap.obj
 0003:000028f0       ___mb_cur_max              004098f0     LIBC:nlsdata1.obj
 0003:000028f4       ___decimal_point           004098f4     LIBC:nlsdata1.obj
 0003:000028f8       ___decimal_point_length    004098f8     LIBC:nlsdata1.obj
 0003:00002900       __aenvptr                  00409900     LIBC:crt0.obj
 0003:00002904       __wenvptr                  00409904     LIBC:crt0.obj
 0003:00002908       ___error_mode              00409908     LIBC:crt0.obj
 0003:0000290c       __cflush                   0040990c     LIBC:_file.obj
 0003:00002910       __stdbuf                   00409910     LIBC:_sftbuf.obj
 0003:00002918       _errno                     00409918     LIBC:crt0dat.obj
 0003:0000291c       __doserrno                 0040991c     LIBC:crt0dat.obj
 0003:00002920       __umaskval                 00409920     LIBC:crt0dat.obj
 0003:00002924       __osver                    00409924     LIBC:crt0dat.obj
 0003:00002928       __winver                   00409928     LIBC:crt0dat.obj
 0003:0000292c       __winmajor                 0040992c     LIBC:crt0dat.obj
 0003:00002930       __winminor                 00409930     LIBC:crt0dat.obj
 0003:00002934       ___argc                    00409934     LIBC:crt0dat.obj
 0003:00002938       ___argv                    00409938     LIBC:crt0dat.obj
 0003:0000293c       ___wargv                   0040993c     LIBC:crt0dat.obj
 0003:00002940       __environ                  00409940     LIBC:crt0dat.obj
 0003:00002944       ___initenv                 00409944     LIBC:crt0dat.obj
 0003:00002948       __wenviron                 00409948     LIBC:crt0dat.obj
 0003:0000294c       ___winitenv                0040994c     LIBC:crt0dat.obj
 0003:00002950       __pgmptr                   00409950     LIBC:crt0dat.obj
 0003:00002954       __wpgmptr                  00409954     LIBC:crt0dat.obj
 0003:00002958       __exitflag                 00409958     LIBC:crt0dat.obj
 0003:0000295c       __C_Termination_Done       0040995c     LIBC:crt0dat.obj
 0003:00002960       __C_Exit_Done              00409960     LIBC:crt0dat.obj
 0003:00002964       __pxcptinfoptrs            00409964     LIBC:winxfltr.obj
 0003:00002a70       __adbgmsg                  00409a70     LIBC:crt0msg.obj
 0003:00002a88       ?_pnhHeap@@3P6AHI@ZA       00409a88     LIBC:handler.obj
 0003:00002a8c       __newmode                  00409a8c     LIBC:_newmode.obj
 0003:00002a90       ___lc_handle               00409a90     LIBC:nlsdata2.obj
 0003:00002aa8       ___lc_codepage             00409aa8     LIBC:nlsdata2.obj
 0003:00002aac       ___lc_collate_cp           00409aac     LIBC:nlsdata2.obj
 0003:00002ab8       ___sbh_sizeHeaderList      00409ab8     <common>
 0003:00002abc       ___sbh_indGroupDefer       00409abc     <common>
 0003:00002ac0       ___sbh_pHeaderScan         00409ac0     <common>
 0003:00002ac4       ___sbh_pHeaderDefer        00409ac4     <common>
 0003:00002ac8       ___sbh_cntHeaderList       00409ac8     <common>
 0003:00002acc       ___sbh_pHeaderList         00409acc     <common>
 0003:00002ad0       ___sbh_threshold           00409ad0     <common>
 0003:00002ad4       ___mbcodepage              00409ad4     <common>
 0003:00002ae0       ___mbulinfo                00409ae0     <common>
 0003:00002aec       ___ismbcodepage            00409aec     <common>
 0003:00002b00       __mbcasemap                00409b00     <common>
 0003:00002c00       __mbctype                  00409c00     <common>
 0003:00002d04       ___mblcid                  00409d04     <common>
 0003:00002d08       __crtheap                  00409d08     <common>
 0003:00002d0c       ___active_heap             00409d0c     <common>
 0003:00002d20       ___pioinfo                 00409d20     <common>
 0003:00002e20       __nhandle                  00409e20     <common>
 0003:00002e24       ___env_initialized         00409e24     <common>
 0003:00002e28       ___mbctype_initialized     00409e28     <common>
 0003:00002e2c       ___onexitend               00409e2c     <common>
 0003:00002e30       ___onexitbegin             00409e30     <common>
 0003:00002e34       __FPinit                   00409e34     <common>
 0003:00002e38       ___piob                    00409e38     <common>
 0003:00002e40       __bufin                    00409e40     <common>
 0003:00003e40       __nstream                  0040ae40     <common>
 0003:00003e44       __acmdln                   0040ae44     <common>

 entry point at        0001:000000b1

 Static symbols

 0001:000047d0       LeadUp1                    004057d0 f   LIBC:memmove.obj
 0001:000047fc       LeadUp2                    004057fc f   LIBC:memmove.obj
 0001:00004820       LeadUp3                    00405820 f   LIBC:memmove.obj
 0001:0000489f       UnwindUp0                  0040589f f   LIBC:memmove.obj
 0001:0000488c       UnwindUp1                  0040588c f   LIBC:memmove.obj
 0001:00004884       UnwindUp2                  00405884 f   LIBC:memmove.obj
 0001:0000487c       UnwindUp3                  0040587c f   LIBC:memmove.obj
 0001:00004874       UnwindUp4                  00405874 f   LIBC:memmove.obj
 0001:0000486c       UnwindUp5                  0040586c f   LIBC:memmove.obj
 0001:00004864       UnwindUp6                  00405864 f   LIBC:memmove.obj
 0001:0000485c       UnwindUp7                  0040585c f   LIBC:memmove.obj
 0001:000048b8       TrailUp0                   004058b8 f   LIBC:memmove.obj
 0001:000048c0       TrailUp1                   004058c0 f   LIBC:memmove.obj
 0001:000048cc       TrailUp2                   004058cc f   LIBC:memmove.obj
 0001:000048e0       TrailUp3                   004058e0 f   LIBC:memmove.obj
 0001:00004958       LeadDown1                  00405958 f   LIBC:memmove.obj
 0001:00004978       LeadDown2                  00405978 f   LIBC:memmove.obj
 0001:000049a0       LeadDown3                  004059a0 f   LIBC:memmove.obj
 0001:000049f4       UnwindDown7                004059f4 f   LIBC:memmove.obj
 0001:000049fc       UnwindDown6                004059fc f   LIBC:memmove.obj
 0001:00004a04       UnwindDown5                00405a04 f   LIBC:memmove.obj
 0001:00004a0c       UnwindDown4                00405a0c f   LIBC:memmove.obj
 0001:00004a14       UnwindDown3                00405a14 f   LIBC:memmove.obj
 0001:00004a1c       UnwindDown2                00405a1c f   LIBC:memmove.obj
 0001:00004a24       UnwindDown1                00405a24 f   LIBC:memmove.obj
 0001:00004a37       UnwindDown0                00405a37 f   LIBC:memmove.obj
 0001:00004a50       TrailDown0                 00405a50 f   LIBC:memmove.obj
 0001:00004a58       TrailDown1                 00405a58 f   LIBC:memmove.obj
 0001:00004a68       TrailDown2                 00405a68 f   LIBC:memmove.obj
 0001:00004a7c       TrailDown3                 00405a7c f   LIBC:memmove.obj
 0001:000044aa       _strncnt                   004054aa f   LIBC:a_map.obj
 0001:00002adc       _strtoxl                   00403adc f   LIBC:strtol.obj
 0001:00002800       LeadUp1                    00403800 f   LIBC:memcpy.obj
 0001:0000282c       LeadUp2                    0040382c f   LIBC:memcpy.obj
 0001:00002850       LeadUp3                    00403850 f   LIBC:memcpy.obj
 0001:000028cf       UnwindUp0                  004038cf f   LIBC:memcpy.obj
 0001:000028bc       UnwindUp1                  004038bc f   LIBC:memcpy.obj
 0001:000028b4       UnwindUp2                  004038b4 f   LIBC:memcpy.obj
 0001:000028ac       UnwindUp3                  004038ac f   LIBC:memcpy.obj
 0001:000028a4       UnwindUp4                  004038a4 f   LIBC:memcpy.obj
 0001:0000289c       UnwindUp5                  0040389c f   LIBC:memcpy.obj
 0001:00002894       UnwindUp6                  00403894 f   LIBC:memcpy.obj
 0001:0000288c       UnwindUp7                  0040388c f   LIBC:memcpy.obj
 0001:000028e8       TrailUp0                   004038e8 f   LIBC:memcpy.obj
 0001:000028f0       TrailUp1                   004038f0 f   LIBC:memcpy.obj
 0001:000028fc       TrailUp2                   004038fc f   LIBC:memcpy.obj
 0001:00002910       TrailUp3                   00403910 f   LIBC:memcpy.obj
 0001:00002988       LeadDown1                  00403988 f   LIBC:memcpy.obj
 0001:000029a8       LeadDown2                  004039a8 f   LIBC:memcpy.obj
 0001:000029d0       LeadDown3                  004039d0 f   LIBC:memcpy.obj
 0001:00002a24       UnwindDown7                00403a24 f   LIBC:memcpy.obj
 0001:00002a2c       UnwindDown6                00403a2c f   LIBC:memcpy.obj
 0001:00002a34       UnwindDown5                00403a34 f   LIBC:memcpy.obj
 0001:00002a3c       UnwindDown4                00403a3c f   LIBC:memcpy.obj
 0001:00002a44       UnwindDown3                00403a44 f   LIBC:memcpy.obj
 0001:00002a4c       UnwindDown2                00403a4c f   LIBC:memcpy.obj
 0001:00002a54       UnwindDown1                00403a54 f   LIBC:memcpy.obj
 0001:00002a67       UnwindDown0                00403a67 f   LIBC:memcpy.obj
 0001:00002a80       TrailDown0                 00403a80 f   LIBC:memcpy.obj
 0001:00002a88       TrailDown1                 00403a88 f   LIBC:memcpy.obj
 0001:00002a98       TrailDown2                 00403a98 f   LIBC:memcpy.obj
 0001:00002aac       TrailDown3                 00403aac f   LIBC:memcpy.obj
 0001:00002549       _getSystemCP               00403549 f   LIBC:mbctype.obj
 0001:00002593       _CPtoLCID                  00403593 f   LIBC:mbctype.obj
 0001:000025c6       _setSBCS                   004035c6 f   LIBC:mbctype.obj
 0001:000025ef       _setSBUpLow                004035ef f   LIBC:mbctype.obj
 0001:00001e17       _flsall                    00402e17 f   LIBC:fflush.obj
 0001:000016f0       _gu_return                 004026f0 f   LIBC:exsup.obj
 0001:000016f8       __unwind_handler           004026f8 f   LIBC:exsup.obj
 0001:00001074       _parse_cmdline             00402074 f   LIBC:stdargv.obj
 0001:00000edf       _xcptlookup                00401edf f   LIBC:winxfltr.obj
 0001:00000ceb       _doexit                    00401ceb f   LIBC:crt0dat.obj
 0001:00000d84       __initterm                 00401d84 f   LIBC:crt0dat.obj
 0001:00000bd3       _write_char                00401bd3 f   LIBC:output.obj
 0001:00000c08       _write_multi_char          00401c08 f   LIBC:output.obj
 0001:00000c39       _write_string              00401c39 f   LIBC:output.obj
 0001:00000c71       _get_int_arg               00401c71 f   LIBC:output.obj
 0001:00000c7e       _get_int64_arg             00401c7e f   LIBC:output.obj
 0001:00000c8e       _get_short_arg             00401c8e f   LIBC:output.obj
 0001:000001b5       _fast_error_exit           004011b5 f   LIBC:crt0.obj
